Component: Arm Compiler for Embedded 6.19 Tool: armlink [5e73cb00]

==============================================================================

Section Cross References

    main.o(.text) refers (Special) to _printf_percent.o(.ARM.Collect$$_printf_percent$$00000000) for _printf_percent
    main.o(.text) refers (Special) to _printf_c.o(.ARM.Collect$$_printf_percent$$00000013) for _printf_c
    main.o(.text) refers (Special) to _printf_str.o(.text) for _printf_str
    main.o(.text.main) refers (Special) to _printf_percent.o(.ARM.Collect$$_printf_percent$$00000000) for _printf_percent
    main.o(.text.main) refers (Special) to _printf_c.o(.ARM.Collect$$_printf_percent$$00000013) for _printf_c
    main.o(.text.main) refers (Special) to _printf_str.o(.text) for _printf_str
    main.o(.text.main) refers to lowlevel_retarget.o(.text.UartStdOutInit) for UartStdOutInit
    main.o(.text.main) refers to puts.o(.text) for puts
    main.o(.text.main) refers to uart_apb.o(.text.APB_UART_GetChar) for APB_UART_GetChar
    main.o(.text.main) refers to noretval__2printf.o(.text) for __2printf
    main.o(.ARM.exidx.text.main) refers (Special) to _printf_percent.o(.ARM.Collect$$_printf_percent$$00000000) for _printf_percent
    main.o(.ARM.exidx.text.main) refers (Special) to _printf_c.o(.ARM.Collect$$_printf_percent$$00000013) for _printf_c
    main.o(.ARM.exidx.text.main) refers (Special) to _printf_str.o(.text) for _printf_str
    main.o(.ARM.exidx.text.main) refers to main.o(.text.main) for [Anonymous Symbol]
    main.o(.ARM.use_no_argv) refers (Special) to _printf_percent.o(.ARM.Collect$$_printf_percent$$00000000) for _printf_percent
    main.o(.ARM.use_no_argv) refers (Special) to _printf_c.o(.ARM.Collect$$_printf_percent$$00000013) for _printf_c
    main.o(.ARM.use_no_argv) refers (Special) to _printf_str.o(.text) for _printf_str
    uart_apb.o(.ARM.exidx.text.APB_UART_Initialize) refers to uart_apb.o(.text.APB_UART_Initialize) for [Anonymous Symbol]
    uart_apb.o(.text.APB_UART_PutChar) refers to uart_apb.o(.text.APB_UART_WaitForSpace) for APB_UART_WaitForSpace
    uart_apb.o(.ARM.exidx.text.APB_UART_PutChar) refers to uart_apb.o(.text.APB_UART_PutChar) for [Anonymous Symbol]
    uart_apb.o(.ARM.exidx.text.APB_UART_WaitForSpace) refers to uart_apb.o(.text.APB_UART_WaitForSpace) for [Anonymous Symbol]
    uart_apb.o(.ARM.exidx.text.APB_UART_GetChar) refers to uart_apb.o(.text.APB_UART_GetChar) for [Anonymous Symbol]
    lowlevel_retarget.o(.text.UartStdOutInit) refers to uart_apb.o(.text.APB_UART_Initialize) for APB_UART_Initialize
    lowlevel_retarget.o(.ARM.exidx.text.UartStdOutInit) refers to lowlevel_retarget.o(.text.UartStdOutInit) for [Anonymous Symbol]
    lowlevel_retarget.o(.text.stdout_putchar) refers to uart_apb.o(.text.APB_UART_PutChar) for APB_UART_PutChar
    lowlevel_retarget.o(.ARM.exidx.text.stdout_putchar) refers to lowlevel_retarget.o(.text.stdout_putchar) for [Anonymous Symbol]
    lowlevel_retarget.o(.text.stdin_getchar) refers to uart_apb.o(.text.APB_UART_GetChar) for APB_UART_GetChar
    lowlevel_retarget.o(.ARM.exidx.text.stdin_getchar) refers to lowlevel_retarget.o(.text.stdin_getchar) for [Anonymous Symbol]
    lowlevel_retarget.o(.text.MyLowLevelPutchar) refers to uart_apb.o(.text.APB_UART_PutChar) for APB_UART_PutChar
    lowlevel_retarget.o(.ARM.exidx.text.MyLowLevelPutchar) refers to lowlevel_retarget.o(.text.MyLowLevelPutchar) for [Anonymous Symbol]
    lowlevel_retarget.o(.text._write) refers to uart_apb.o(.text.APB_UART_PutChar) for APB_UART_PutChar
    lowlevel_retarget.o(.ARM.exidx.text._write) refers to lowlevel_retarget.o(.text._write) for [Anonymous Symbol]
    retarget_io.o(.text._sys_open) refers to strcmpv8m_maindsp.o(.text) for strcmp
    retarget_io.o(.text._sys_open) refers to retarget_io.o(.rodata.__stdin_name) for __stdin_name
    retarget_io.o(.text._sys_open) refers to retarget_io.o(.rodata.__stdout_name) for __stdout_name
    retarget_io.o(.text._sys_open) refers to retarget_io.o(.rodata.__stderr_name) for __stderr_name
    retarget_io.o(.ARM.exidx.text._sys_open) refers to retarget_io.o(.text._sys_open) for [Anonymous Symbol]
    retarget_io.o(.ARM.exidx.text._sys_close) refers to retarget_io.o(.text._sys_close) for [Anonymous Symbol]
    retarget_io.o(.text._sys_write) refers to lowlevel_retarget.o(.text.stdout_putchar) for stdout_putchar
    retarget_io.o(.ARM.exidx.text._sys_write) refers to retarget_io.o(.text._sys_write) for [Anonymous Symbol]
    retarget_io.o(.text._sys_read) refers to lowlevel_retarget.o(.text.stdin_getchar) for stdin_getchar
    retarget_io.o(.ARM.exidx.text._sys_read) refers to retarget_io.o(.text._sys_read) for [Anonymous Symbol]
    retarget_io.o(.ARM.exidx.text._sys_istty) refers to retarget_io.o(.text._sys_istty) for [Anonymous Symbol]
    retarget_io.o(.ARM.exidx.text._sys_seek) refers to retarget_io.o(.text._sys_seek) for [Anonymous Symbol]
[...]
    heap2_threads.o(i.free$realtime$concurrent) refers to rt_heap_descriptor_intlibspace.o(.text) for __rt_heap_descriptor
    heap2_threads.o(i.free$realtime$concurrent) refers to fdtree.o(i._FDTree_Delete) for _FDTree_Delete
    heap2_threads.o(i.free$realtime$concurrent) refers to fdtree.o(i._FDTree_Insert) for _FDTree_Insert
    heap2_threads.o(i.malloc$realtime$concurrent) refers to rt_heap_descriptor_intlibspace.o(.text) for __rt_heap_descriptor
    heap2_threads.o(i.malloc$realtime$concurrent) refers to fdtree.o(i._FDTree_FindFirst) for _FDTree_FindFirst
    heap2_threads.o(i.malloc$realtime$concurrent) refers to init_alloc.o(.text) for __Heap_Full
    heap2_threads.o(i.malloc$realtime$concurrent) refers to fdtree.o(i._FDTree_RemoveNode) for _FDTree_RemoveNode
    heap2_threads.o(i.malloc$realtime$concurrent) refers to fdtree.o(i._FDTree_Insert) for _FDTree_Insert
    heap2_threads.o(i.posix_memalign$realtime$concurrent) refers to rt_heap_descriptor_intlibspace.o(.text) for __rt_heap_descriptor
    heap2_threads.o(i.posix_memalign$realtime$concurrent) refers to fdtree.o(i._FDTree_FindFirst) for _FDTree_FindFirst
    heap2_threads.o(i.posix_memalign$realtime$concurrent) refers to init_alloc.o(.text) for __Heap_Full
    heap2_threads.o(i.posix_memalign$realtime$concurrent) refers to fdtree.o(i._FDTree_RemoveNode) for _FDTree_RemoveNode
    heap2_threads.o(i.posix_memalign$realtime$concurrent) refers to fdtree.o(i._FDTree_Insert) for _FDTree_Insert
    heap2_threads.o(i.realloc$realtime$concurrent) refers to rt_heap_descriptor_intlibspace.o(.text) for __rt_heap_descriptor
    heap2_threads.o(i.realloc$realtime$concurrent) refers to fdtree.o(i._FDTree_Insert) for _FDTree_Insert
    heap2_threads.o(i.realloc$realtime$concurrent) refers to h1_free.o(.text) for free
    heap2_threads.o(i.realloc$realtime$concurrent) refers to h1_alloc.o(.text) for malloc
    heap2_threads.o(i.realloc$realtime$concurrent) refers to fdtree.o(i._FDTree_Delete) for _FDTree_Delete
    heap2_threads.o(i.realloc$realtime$concurrent) refers to rt_memcpy_w.o(.text) for __aeabi_memcpy4
    _printf_char_file_locked.o(.text) refers to _printf_char_common.o(.text) for _printf_char_common
    _printf_char_file_locked.o(.text) refers to fputc.o(i._fputc$unlocked) for _fputc$unlocked
    stdio.o(.text) refers to retarget_io.o(.text._sys_seek) for _sys_seek
    stdio.o(.text) refers to retarget_io.o(.text._sys_write) for _sys_write
    fwritefast.o(.text) refers to stdio.o(.text) for _writebuf
    fwritefast.o(.text) refers to flsbuf.o(.text) for __flsbuf_byte
    fwritefast.o(.text) refers to rt_memcpy_v6.o(.text) for __aeabi_memcpy
    streamlock.o(.data) refers (Special) to initio.o(.text) for _initio
    fopen.o(.text) refers to fclose.o(.text) for _fclose_internal
    fopen.o(.text) refers to retarget_io.o(.text._sys_open) for _sys_open
    fopen.o(.text) refers to fseek.o(.text) for _fseek
    fopen.o(.text) refers to h1_alloc.o(.text) for malloc
    fopen.o(.text) refers to rt_memclr_w.o(.text) for __aeabi_memclr4
    fopen.o(.text) refers to stdio_streams.o(.bss) for __stdin
    fclose.o(.text) refers to stdio.o(.text) for _fflush
    fclose.o(.text) refers to retarget_io.o(.text._sys_close) for _sys_close
    fclose.o(.text) refers to h1_free.o(.text) for free
    fclose.o(.text) refers to rt_memclr_w.o(.text) for __aeabi_memclr4
    puts_locked.o(.text) refers to stdio_streams.o(.bss) for __stdout
    fopen_locked.o(.text) refers to fclose.o(.text) for _fclose_internal
    fopen_locked.o(.text) refers to retarget_io.o(.text._sys_open) for _sys_open
    fopen_locked.o(.text) refers to fseek.o(.text) for _fseek
    fopen_locked.o(.text) refers to h1_alloc.o(.text) for malloc
    fopen_locked.o(.text) refers to rt_memclr_w.o(.text) for __aeabi_memclr4
    fopen_locked.o(.text) refers to streamlock.o(.data) for _stream_list_lock
    fopen_locked.o(.text) refers to stdio_streams.o(.bss) for __stdin
    fwritefast_locked.o(.text) refers to stdio.o(.text) for _writebuf
    fwritefast_locked.o(.text) refers to flsbuf.o(.text) for __flsbuf_byte
    fwritefast_locked.o(.text) refers to rt_memcpy_v6.o(.text) for __aeabi_memcpy
    exit.o(.text) refers to rtexit.o(.ARM.Collect$$rtexit$$00000000) for __rt_exit
    defsig_rtred_outer.o(.text) refers to defsig_rtred_inner.o(.text) for __rt_SIGRTRED_inner
    defsig_rtred_outer.o(.text) refers to defsig_exit.o(.text) for __sig_exit
    defsig_rtred_formal.o(.text) refers to rt_raise.o(.text) for __rt_raise
    assert_stdio.o(.text) refers to fputs.o(.text) for fputs
    assert_stdio.o(.text) refers to fflush.o(.text) for fflush
    assert_stdio.o(.text) refers to stdio_streams.o(.bss) for __stderr
    libinit.o(.ARM.Collect$$libinit$$00000000) refers (Special) to libinit2.o(.ARM.Collect$$libinit$$00000030) for __rt_lib_init_alloca_1
    libinit.o(.ARM.Collect$$libinit$$00000000) refers (Special) to libinit2.o(.ARM.Collect$$libinit$$0000002E) for __rt_lib_init_argv_1
    libinit.o(.ARM.Collect$$libinit$$00000000) refers (Special) to libinit2.o(.ARM.Collect$$libinit$$0000001D) for __rt_lib_init_atexit_1
    libinit.o(.ARM.Collect$$libinit$$00000000) refers (Special) to libinit2.o(.ARM.Collect$$libinit$$00000023) for __rt_lib_init_clock_1
    libinit.o(.ARM.Collect$$libinit$$00000000) refers (Special) to libinit2.o(.ARM.Collect$$libinit$$00000034) for __rt_lib_init_cpp_1
    libinit.o(.ARM.Collect$$libinit$$00000000) refers (Special) to libinit2.o(.ARM.Collect$$libinit$$00000032) for __rt_lib_init_exceptions_1
    libinit.o(.ARM.Collect$$libinit$$00000000) refers (Special) to libinit2.o(.ARM.Collect$$libinit$$00000001) for __rt_lib_init_fp_1
    libinit.o(.ARM.Collect$$libinit$$00000000) refers (Special) to libinit2.o(.ARM.Collect$$libinit$$00000021) for __rt_lib_init_fp_trap_1
    libinit.o(.ARM.Collect$$libinit$$00000000) refers (Special) to libinit2.o(.ARM.Collect$$libinit$$00000025) for __rt_lib_init_getenv_1
    libinit.o(.ARM.Collect$$libinit$$00000000) refers (Special) to libinit2.o(.ARM.Collect$$libinit$$0000000C) for __rt_lib_init_heap_1
    libinit.o(.ARM.Collect$$libinit$$00000000) refers (Special) to libinit2.o(.ARM.Collect$$libinit$$00000013) for __rt_lib_init_lc_collate_1
    libinit.o(.ARM.Collect$$libinit$$00000000) refers (Special) to libinit2.o(.ARM.Collect$$libinit$$00000015) for __rt_lib_init_lc_ctype_1
    libinit.o(.ARM.Collect$$libinit$$00000000) refers (Special) to libinit2.o(.ARM.Collect$$libinit$$00000017) for __rt_lib_init_lc_monetary_1
    libinit.o(.ARM.Collect$$libinit$$00000000) refers (Special) to libinit2.o(.ARM.Collect$$libinit$$00000019) for __rt_lib_init_lc_numeric_1
    libinit.o(.ARM.Collect$$libinit$$00000000) refers (Special) to libinit2.o(.ARM.Collect$$libinit$$0000001B) for __rt_lib_init_lc_time_1
    libinit.o(.ARM.Collect$$libinit$$00000000) refers (Special) to libinit2.o(.ARM.Collect$$libinit$$00000006) for __rt_lib_init_preinit_1
    libinit.o(.ARM.Collect$$libinit$$00000000) refers (Special) to libinit2.o(.ARM.Collect$$libinit$$00000010) for __rt_lib_init_rand_1
    libinit.o(.ARM.Collect$$libinit$$00000000) refers (Special) to libinit2.o(.ARM.Collect$$libinit$$00000004) for __rt_lib_init_relocate_pie_1
    libinit.o(.ARM.Collect$$libinit$$00000000) refers (Special) to libinit2.o(.ARM.Collect$$libinit$$00000035) for __rt_lib_init_return
    libinit.o(.ARM.Collect$$libinit$$00000000) refers (Special) to libinit2.o(.ARM.Collect$$libinit$$0000001F) for __rt_lib_init_signal_1
    libinit.o(.ARM.Collect$$libinit$$00000000) refers (Special) to libinit2.o(.ARM.Collect$$libinit$$00000027) for __rt_lib_init_stdio_1
    libinit.o(.ARM.Collect$$libinit$$00000000) refers (Special) to libinit2.o(.ARM.Collect$$libinit$$0000000E) for __rt_lib_init_user_alloc_1
    libinit2.o(.ARM.Collect$$libinit$$00000001) refers to fpinit.o(x$fpl$fpinit) for _fp_init
    libinit2.o(.ARM.Collect$$libinit$$00000007) refers (Weak) to init_alloc.o(.text) for _init_alloc
    libinit2.o(.ARM.Collect$$libinit$$00000012) refers to libinit2.o(.ARM.Collect$$libinit$$00000011) for .ARM.Collect$$libinit$$00000011
    libinit2.o(.ARM.Collect$$libinit$$00000014) refers to libinit2.o(.ARM.Collect$$libinit$$00000011) for .ARM.Collect$$libinit$$00000011
    libinit2.o(.ARM.Collect$$libinit$$00000016) refers to libinit2.o(.ARM.Collect$$libinit$$00000011) for .ARM.Collect$$libinit$$00000011
    libinit2.o(.ARM.Collect$$libinit$$00000018) refers to libinit2.o(.ARM.Collect$$libinit$$00000011) for .ARM.Collect$$libinit$$00000011
    libinit2.o(.ARM.Collect$$libinit$$0000001A) refers to libinit2.o(.ARM.Collect$$libinit$$00000011) for .ARM.Collect$$libinit$$00000011
    libinit2.o(.ARM.Collect$$libinit$$00000026) refers (Weak) to initio.o(.text) for _initio
    libinit2.o(.ARM.Collect$$libinit$$00000028) refers to argv_veneer.o(.emb_text) for __ARM_argv_veneer
    libinit2.o(.ARM.Collect$$libinit$$00000029) refers to argv_veneer.o(.emb_text) for __ARM_argv_veneer
    libshutdown2.o(.ARM.Collect$$libshutdown$$00000003) refers (Weak) to initio.o(.text) for _terminateio
    libshutdown2.o(.ARM.Collect$$libshutdown$$0000000D) refers (Weak) to term_alloc.o(.text) for _terminate_alloc
    libspace.o(.text) refers to libspace.o(.bss) for __libspace_start
    sys_stackheap.o(.text) refers (Special) to indicate_semi.o(.text) for __semihosting_library_function
    sys_stackheap.o(.text) refers to use_no_semi.o(.text) for __I$use$semihosting
    sys_stackheap_hlt.o(.text) refers (Special) to indicate_semi.o(.text) for __semihosting_library_function
    sys_stackheap_hlt.o(.text) refers to use_no_semi.o(.text) for __I$use$semihosting
    rtexit.o(.ARM.Collect$$rtexit$$00000000) refers (Special) to rtexit2.o(.ARM.Collect$$rtexit$$00000004) for __rt_exit_exit
    rtexit.o(.ARM.Collect$$rtexit$$00000000) refers (Special) to rtexit2.o(.ARM.Collect$$rtexit$$00000003) for __rt_exit_ls
    rtexit.o(.ARM.Collect$$rtexit$$00000000) refers (Special) to rtexit2.o(.ARM.Collect$$rtexit$$00000002) for __rt_exit_prels_1
    rtexit.o(.ARM.exidx) refers (Special) to rtexit2.o(.ARM.Collect$$rtexit$$00000004) for __rt_exit_exit
    rtexit.o(.ARM.exidx) refers (Special) to rtexit2.o(.ARM.Collect$$rtexit$$00000003) for __rt_exit_ls
    rtexit.o(.ARM.exidx) refers (Special) to rtexit2.o(.ARM.Collect$$rtexit$$00000002) for __rt_exit_prels_1
    rtexit.o(.ARM.exidx) refers to rtexit.o(.ARM.Collect$$rtexit$$00000000) for .ARM.Collect$$rtexit$$00000000
    rt_raise.o(.text) refers to __raise.o(.text) for __raise
    rt_raise.o(.text) refers to sys_exit.o(.text) for _sys_exit
    rt_heap_descriptor.o(.text) refers to rt_heap_descriptor.o(.bss) for __rt_heap_descriptor_data
    rt_heap_descriptor_intlibspace.o(.text) refers to libspace.o(.bss) for __libspace_start
    init_alloc.o(.text) refers (Special) to hguard.o(.text) for __heap$guard
    init_alloc.o(.text) refers (Special) to libinit5.o(.ARM.Collect$$libinit$$0000000A) for __rt_lib_init_heap_2
    init_alloc.o(.text) refers (Special) to maybetermalloc1.o(.text) for _maybe_terminate_alloc
    init_alloc.o(.text) refers to h1_extend.o(.text) for __Heap_ProvideMemory
    init_alloc.o(.text) refers to defsig_rtmem_outer.o(.text) for __rt_SIGRTMEM
    init_alloc.o(.text) refers to rt_heap_descriptor_intlibspace.o(.text) for __rt_heap_descriptor
    init_alloc.o(.text) refers to h1_init.o(.text) for __Heap_Initialize
    h1_init_threads.o(.text) refers to mutex_dummy.o(.text) for _mutex_initialize
    fflush.o(.text) refers to stdio.o(.text) for _fflush
    fflush.o(.text) refers to fseek.o(.text) for _fseek
    fflush.o(.text) refers to stdio_streams.o(.bss) for __stdin
    fputs.o(.text) refers to fputc.o(i.fputc) for fputc
    fseek.o(.text) refers to retarget_io.o(.text._sys_istty) for _sys_istty
    fseek.o(.text) refers to ftell.o(.text) for _ftell_internal
    fseek.o(.text) refers to retarget_io.o(.text._sys_flen) for _sys_flen
    fseek.o(.text) refers to stdio.o(.text) for _seterr
    fflush_locked.o(.text) refers to stdio.o(.text) for _fflush
    fflush_locked.o(.text) refers to fseek.o(.text) for _fseek
    fflush_locked.o(.text) refers to fflush.o(.text) for _do_fflush
    fflush_locked.o(.text) refers to streamlock.o(.data) for _stream_list_lock
    fflush_locked.o(.text) refers to stdio_streams.o(.bss) for __stdin
    defsig_exit.o(.text) refers to sys_exit.o(.text) for _sys_exit
    defsig_rtred_inner.o(.text) refers to defsig_general.o(.text) for __default_signal_display
    rt_memcpy_v6.o(.text) refers to rt_memcpy_w.o(.text) for __aeabi_memcpy4
    _get_argv.o(.text) refers (Special) to hrguard.o(.text) for __heap_region$guard
    _get_argv.o(.text) refers to h1_alloc.o(.text) for malloc
    _get_argv.o(.text) refers to defsig_rtmem_outer.o(.text) for __rt_SIGRTMEM
    _get_argv.o(.text) refers to sys_command.o(.text) for _sys_command_string
    argv_veneer.o(.emb_text) refers to no_argv.o(.text) for __ARM_get_argv
    libinit5.o(.ARM.Collect$$libinit$$0000000A) refers to libinit5.o(.ARM.Collect$$libinit$$0000271B) for __lit__00000000
    libinit5.o(.ARM.Collect$$libinit$$0000000A) refers (Weak) to init_alloc.o(.text) for _init_alloc
    libinit5.o(.ARM.Collect$$libinit$$0000002C) refers to libinit5.o(.ARM.Collect$$libinit$$0000273D) for __lit__00000002
    libinit5.o(.ARM.Collect$$libinit$$0000002C) refers to argv_veneer.o(.emb_text) for __ARM_argv_veneer
    sys_command.o(.text) refers (Special) to use_no_semi.o(.text) for __I$use$semihosting
    sys_command.o(.text) refers (Special) to indicate_semi.o(.text) for __semihosting_library_function
    sys_exit.o(.text) refers (Special) to use_no_semi.o(.text) for __I$use$semihosting
    sys_exit.o(.text) refers (Special) to indicate_semi.o(.text) for __semihosting_library_function
    sys_command_hlt.o(.text) refers (Special) to use_no_semi.o(.text) for __I$use$semihosting
    sys_command_hlt.o(.text) refers (Special) to indicate_semi.o(.text) for __semihosting_library_function
    sys_exit_hlt.o(.text) refers (Special) to use_no_semi.o(.text) for __I$use$semihosting
    sys_exit_hlt.o(.text) refers (Special) to indicate_semi.o(.text) for __semihosting_library_function
    rtexit2.o(.ARM.Collect$$rtexit$$00000003) refers to libshutdown.o(.ARM.Collect$$libshutdown$$00000000) for __rt_lib_shutdown
    rtexit2.o(.ARM.Collect$$rtexit$$00000004) refers to sys_exit.o(.text) for _sys_exit
    rtexit2.o(.ARM.exidx) refers to rtexit2.o(.ARM.Collect$$rtexit$$00000001) for .ARM.Collect$$rtexit$$00000001
    rtexit2.o(.ARM.exidx) refers to rtexit2.o(.ARM.Collect$$rtexit$$00000003) for .ARM.Collect$$rtexit$$00000003
    rtexit2.o(.ARM.exidx) refers to rtexit2.o(.ARM.Collect$$rtexit$$00000004) for .ARM.Collect$$rtexit$$00000004
    maybetermalloc2.o(.text) refers (Special) to term_alloc.o(.text) for _terminate_alloc
    h1_extend.o(.text) refers to h1_free.o(.text) for free
    h1_extend_threads.o(.text) refers to h1_free_threads.o(.text) for free_internal$concurrent
    ftell.o(.text) refers to rt_errno_addr_intlibspace.o(.text) for __aeabi_errno_addr
    __raise.o(.text) refers to defsig.o(CL$$defsig) for __default_signal_handler
    defsig_general.o(.text) refers to sys_wrch.o(.text) for _ttywrch
    defsig_rtmem_outer.o(.text) refers to defsig_rtmem_inner.o(.text) for __rt_SIGRTMEM_inner
    defsig_rtmem_outer.o(.text) refers to defsig_exit.o(.text) for __sig_exit
    defsig_rtmem_formal.o(.text) refers to rt_raise.o(.text) for __rt_raise
    heapauxa.o(.text) refers to heapauxa.o(.data) for .data
    _get_argv_nomalloc.o(.text) refers (Special) to hrguard.o(.text) for __heap_region$guard
    _get_argv_nomalloc.o(.text) refers to defsig_rtmem_outer.o(.text) for __rt_SIGRTMEM
    _get_argv_nomalloc.o(.text) refers to sys_command.o(.text) for _sys_command_string
    sys_wrch.o(.text) refers (Special) to use_no_semi.o(.text) for __I$use$semihosting
    sys_wrch.o(.text) refers (Special) to indicate_semi.o(.text) for __semihosting_library_function
    sys_wrch_hlt.o(.text) refers (Special) to use_no_semi.o(.text) for __I$use$semihosting
    sys_wrch_hlt.o(.text) refers (Special) to indicate_semi.o(.text) for __semihosting_library_function
    rt_errno_addr.o(.text) refers to rt_errno_addr.o(.bss) for __aeabi_errno_addr_data
    rt_errno_addr_intlibspace.o(.text) refers to libspace.o(.bss) for __libspace_start
    term_alloc.o(.text) refers (Special) to libshutdown2.o(.ARM.Collect$$libshutdown$$0000000E) for __rt_lib_shutdown_heap_2
    term_alloc.o(.text) refers to rt_heap_descriptor_intlibspace.o(.text) for __rt_heap_descriptor
    term_alloc.o(.text) refers to h1_final.o(.text) for __Heap_Finalize
    defsig_rtmem_inner.o(.text) refers to defsig_general.o(.text) for __default_signal_display
    defsig.o(CL$$defsig) refers to defsig_rtred_inner.o(.text) for __rt_SIGRTRED_inner
    defsig.o(CL$$defsig) refers to defsig_rtmem_inner.o(.text) for __rt_SIGRTMEM_inner
    libshutdown.o(.ARM.Collect$$libshutdown$$00000000) refers (Special) to libshutdown2.o(.ARM.Collect$$libshutdown$$00000002) for __rt_lib_shutdown_cpp_1
    libshutdown.o(.ARM.Collect$$libshutdown$$00000000) refers (Special) to libshutdown2.o(.ARM.Collect$$libshutdown$$00000007) for __rt_lib_shutdown_fp_trap_1
    libshutdown.o(.ARM.Collect$$libshutdown$$00000000) refers (Special) to libshutdown2.o(.ARM.Collect$$libshutdown$$0000000F) for __rt_lib_shutdown_heap_1
    libshutdown.o(.ARM.Collect$$libshutdown$$00000000) refers (Special) to libshutdown2.o(.ARM.Collect$$libshutdown$$00000010) for __rt_lib_shutdown_return
    libshutdown.o(.ARM.Collect$$libshutdown$$00000000) refers (Special) to libshutdown2.o(.ARM.Collect$$libshutdown$$0000000A) for __rt_lib_shutdown_signal_1
    libshutdown.o(.ARM.Collect$$libshutdown$$00000000) refers (Special) to libshutdown2.o(.ARM.Collect$$libshutdown$$00000004) for __rt_lib_shutdown_stdio_1
    libshutdown.o(.ARM.Collect$$libshutdown$$00000000) refers (Special) to libshutdown2.o(.ARM.Collect$$libshutdown$$0000000C) for __rt_lib_shutdown_user_alloc_1
    defsig_abrt_inner.o(.text) refers to defsig_general.o(.text) for __default_signal_display
    defsig_fpe_inner.o(.text) refers to defsig_general.o(.text) for __default_signal_display
    defsig_stak_inner.o(.text) refers to defsig_general.o(.text) for __default_signal_display
    defsig_pvfn_inner.o(.text) refers to defsig_general.o(.text) for __default_signal_display
    defsig_cppl_inner.o(.text) refers to defsig_general.o(.text) for __default_signal_display
    defsig_segv_inner.o(.text) refers to defsig_general.o(.text) for __default_signal_display
    defsig_other.o(.text) refers to defsig_general.o(.text) for __default_signal_display


==============================================================================

Removing Unused input sections from the image.

    Removing main.o(.text), (0 bytes).
    Removing main.o(.ARM.exidx.text.main), (8 bytes).
    Removing main.o(.ARM.use_no_argv), (4 bytes).
    Removing uart_apb.o(.text), (0 bytes).
    Removing uart_apb.o(.ARM.exidx.text.APB_UART_Initialize), (8 bytes).
    Removing uart_apb.o(.ARM.exidx.text.APB_UART_PutChar), (8 bytes).
    Removing uart_apb.o(.ARM.exidx.text.APB_UART_WaitForSpace), (8 bytes).
    Removing uart_apb.o(.ARM.exidx.text.APB_UART_GetChar), (8 bytes).
    Removing lowlevel_retarget.o(.text), (0 bytes).
    Removing lowlevel_retarget.o(.ARM.exidx.text.UartStdOutInit), (8 bytes).
    Removing lowlevel_retarget.o(.ARM.exidx.text.stdout_putchar), (8 bytes).
    Removing lowlevel_retarget.o(.text.stdin_getchar), (8 bytes).
    Removing lowlevel_retarget.o(.ARM.exidx.text.stdin_getchar), (8 bytes).
    Removing lowlevel_retarget.o(.text.MyLowLevelPutchar), (10 bytes).
    Removing lowlevel_retarget.o(.ARM.exidx.text.MyLowLevelPutchar), (8 bytes).
    Removing lowlevel_retarget.o(.text._write), (26 bytes).
    Removing lowlevel_retarget.o(.ARM.exidx.text._write), (8 bytes).
    Removing retarget_io.o(.text), (0 bytes).
    Removing retarget_io.o(.ARM.exidx.text._sys_open), (8 bytes).
    Removing retarget_io.o(.ARM.exidx.text._sys_close), (8 bytes).
    Removing retarget_io.o(.ARM.exidx.text._sys_write), (8 bytes).
    Removing retarget_io.o(.text._sys_read), (40 bytes).
    Removing retarget_io.o(.ARM.exidx.text._sys_read), (8 bytes).
    Removing retarget_io.o(.ARM.exidx.text._sys_istty), (8 bytes).
    Removing retarget_io.o(.ARM.exidx.text._sys_seek), (8 bytes).
    Removing retarget_io.o(.ARM.exidx.text._sys_flen), (8 bytes).
    Removing startup_star.o(.text), (0 bytes).
    Removing startup_star.o(.ARM.exidx.text.Default_Handler), (8 bytes).
    Removing startup_star.o(.ARM.exidx.text.Reset_Handler), (8 bytes).
    Removing system_star.o(.text), (0 bytes).
    Removing system_star.o(.text.SystemCoreClockUpdate), (16 bytes).
    Removing system_star.o(.ARM.exidx.text.SystemCoreClockUpdate), (8 bytes).
    Removing system_star.o(.ARM.exidx.text.SystemInit), (8 bytes).

33 unused section(s) (total 272 bytes) removed from the image.

==============================================================================

Image Symbol Table

    Local Symbols

    Symbol Name                              Value     Ov Type        Size  Object(Section)

    ../clib/angel/boardlib.s                 0x00000000   Number         0  boardinit1.o ABSOLUTE
    ../clib/angel/boardlib.s                 0x00000000   Number         0  boardinit2.o ABSOLUTE
    ../clib/angel/boardlib.s                 0x00000000   Number         0  boardinit3.o ABSOLUTE
    ../clib/angel/boardlib.s                 0x00000000   Number         0  boardshut.o ABSOLUTE
    ../clib/angel/handlers.s                 0x00000000   Number         0  __scatter_copy.o ABSOLUTE
    ../clib/angel/handlers.s                 0x00000000   Number         0  __scatter_zi.o ABSOLUTE
    ../clib/angel/kernel.s                   0x00000000   Number         0  __rtentry.o ABSOLUTE
    ../clib/angel/kernel.s                   0x00000000   Number         0  __rtentry2.o ABSOLUTE
    ../clib/angel/kernel.s                   0x00000000   Number         0  __rtentry4.o ABSOLUTE
    ../clib/angel/kernel.s                   0x00000000   Number         0  __rtentry7.o ABSOLUTE
    ../clib/angel/kernel.s                   0x00000000   Number         0  rtexit.o ABSOLUTE
    ../clib/angel/kernel.s                   0x00000000   Number         0  rtexit2.o ABSOLUTE
    ../clib/angel/rt.s                       0x00000000   Number         0  rt_raise.o ABSOLUTE
    ../clib/angel/rt.s                       0x00000000   Number         0  rt_heap_descriptor.o ABSOLUTE
    ../clib/angel/rt.s                       0x00000000   Number         0  rt_heap_descriptor_intlibspace.o ABSOLUTE
    ../clib/angel/rt.s                       0x00000000   Number         0  rt_errno_addr.o ABSOLUTE
    ../clib/angel/rt.s                       0x00000000   Number         0  rt_errno_addr_intlibspace.o ABSOLUTE
    ../clib/angel/scatter.s                  0x00000000   Number         0  __scatter.o ABSOLUTE
    ../clib/angel/startup.s                  0x00000000   Number         0  __main.o ABSOLUTE
    ../clib/angel/sys.s                      0x00000000   Number         0  mutex_dummy.o ABSOLUTE
    ../clib/angel/sys.s                      0x00000000   Number         0  sys_stackheap_outer.o ABSOLUTE
    ../clib/angel/sys.s                      0x00000000   Number         0  libspace.o ABSOLUTE
    ../clib/angel/sys.s                      0x00000000   Number         0  sys_stackheap.o ABSOLUTE
    ../clib/angel/sys.s                      0x00000000   Number         0  sys_stackheap_hlt.o ABSOLUTE
    ../clib/angel/sys.s                      0x00000000   Number         0  use_no_semi.o ABSOLUTE
    ../clib/angel/sys.s                      0x00000000   Number         0  indicate_semi.o ABSOLUTE
    ../clib/angel/sysapp.c                   0x00000000   Number         0  sys_command.o ABSOLUTE
    ../clib/angel/sysapp.c                   0x00000000   Number         0  sys_exit.o ABSOLUTE
    ../clib/angel/sysapp.c                   0x00000000   Number         0  sys_command_hlt.o ABSOLUTE
    ../clib/angel/sysapp.c                   0x00000000   Number         0  sys_exit_hlt.o ABSOLUTE
    ../clib/angel/sysapp.c                   0x00000000   Number         0  sys_wrch.o ABSOLUTE
    ../clib/angel/sysapp.c                   0x00000000   Number         0  sys_wrch_hlt.o ABSOLUTE
    ../clib/armsys.c                         0x00000000   Number         0  _get_argv.o ABSOLUTE
    ../clib/armsys.c                         0x00000000   Number         0  argv_veneer.o ABSOLUTE
    ../clib/armsys.c                         0x00000000   Number         0  argv_veneer.o ABSOLUTE
    ../clib/armsys.c                         0x00000000   Number         0  _get_argv_nomalloc.o ABSOLUTE
    ../clib/armsys.c                         0x00000000   Number         0  no_argv.o ABSOLUTE
    ../clib/assert.c                         0x00000000   Number         0  assert_stdio.o ABSOLUTE
    ../clib/heap1.c                          0x00000000   Number         0  h1_alloc.o ABSOLUTE
    ../clib/heap1.c                          0x00000000   Number         0  h1_free.o ABSOLUTE
    ../clib/heap1.c                          0x00000000   Number         0  h1_alloc_threads.o ABSOLUTE
    ../clib/heap1.c                          0x00000000   Number         0  h1_free_threads.o ABSOLUTE
    ../clib/heap1.c                          0x00000000   Number         0  h1_init.o ABSOLUTE
    ../clib/heap1.c                          0x00000000   Number         0  h1_init_threads.o ABSOLUTE
    ../clib/heap1.c                          0x00000000   Number         0  h1_extend.o ABSOLUTE
    ../clib/heap1.c                          0x00000000   Number         0  h1_extend_threads.o ABSOLUTE
    ../clib/heap1.c                          0x00000000   Number         0  h1_final.o ABSOLUTE
    ../clib/heap1.c                          0x00000000   Number         0  h1_final_threads.o ABSOLUTE
    ../clib/heap2.c                          0x00000000   Number         0  heap2.o ABSOLUTE
    ../clib/heap2.c                          0x00000000   Number         0  heap2_threads.o ABSOLUTE
    ../clib/heap2.c                          0x00000000   Number         0  fdtree.o ABSOLUTE
    ../clib/heapalloc.c                      0x00000000   Number         0  malloc.o ABSOLUTE
    ../clib/heapalloc.c                      0x00000000   Number         0  free.o ABSOLUTE
    ../clib/heapalloc.c                      0x00000000   Number         0  hguard.o ABSOLUTE
    ../clib/heapalloc.c                      0x00000000   Number         0  init_alloc.o ABSOLUTE
    ../clib/heapalloc.c                      0x00000000   Number         0  heapstubs.o ABSOLUTE
    ../clib/heapalloc.c                      0x00000000   Number         0  hrguard.o ABSOLUTE
    ../clib/heapalloc.c                      0x00000000   Number         0  term_alloc.o ABSOLUTE
    ../clib/heapaux.c                        0x00000000   Number         0  heapauxa.o ABSOLUTE
    ../clib/heapaux.c                        0x00000000   Number         0  heapauxi.o ABSOLUTE
    ../clib/libinit.s                        0x00000000   Number         0  libinit.o ABSOLUTE
    ../clib/libinit.s                        0x00000000   Number         0  libinit2.o ABSOLUTE
    ../clib/libinit.s                        0x00000000   Number         0  libshutdown2.o ABSOLUTE
    ../clib/libinit.s                        0x00000000   Number         0  libinit5.o ABSOLUTE
    ../clib/libinit.s                        0x00000000   Number         0  libshutdown.o ABSOLUTE
    ../clib/maybe.s                          0x00000000   Number         0  maybetermalloc1.o ABSOLUTE
    ../clib/maybe.s                          0x00000000   Number         0  maybetermalloc2.o ABSOLUTE
    ../clib/memcpset.s                       0x00000000   Number         0  strcmpv8m_maindsp.o ABSOLUTE
    ../clib/memcpset.s                       0x00000000   Number         0  rt_memclr_w.o ABSOLUTE
    ../clib/memcpset.s                       0x00000000   Number         0  rt_memcpy_v6.o ABSOLUTE
    ../clib/memcpset.s                       0x00000000   Number         0  rt_memcpy_w.o ABSOLUTE
    ../clib/printf.c                         0x00000000   Number         0  __2printf.o ABSOLUTE
    ../clib/printf.c                         0x00000000   Number         0  noretval__2printf.o ABSOLUTE
    ../clib/printf.c                         0x00000000   Number         0  __printf.o ABSOLUTE
    ../clib/printf.c                         0x00000000   Number         0  _printf_str.o ABSOLUTE
    ../clib/printf.c                         0x00000000   Number         0  __printf_flags.o ABSOLUTE
    ../clib/printf.c                         0x00000000   Number         0  __printf_ss.o ABSOLUTE
    ../clib/printf.c                         0x00000000   Number         0  __printf_flags_ss.o ABSOLUTE
    ../clib/printf.c                         0x00000000   Number         0  __printf_wp.o ABSOLUTE
    ../clib/printf.c                         0x00000000   Number         0  __printf_flags_wp.o ABSOLUTE
    ../clib/printf.c                         0x00000000   Number         0  __printf_ss_wp.o ABSOLUTE
    ../clib/printf.c                         0x00000000   Number         0  __printf_flags_ss_wp.o ABSOLUTE
    ../clib/printf.c                         0x00000000   Number         0  _printf_char.o ABSOLUTE
    ../clib/printf.c                         0x00000000   Number         0  _printf_char_file.o ABSOLUTE
    ../clib/printf.c                         0x00000000   Number         0  _printf_char_common.o ABSOLUTE
    ../clib/printf.c                         0x00000000   Number         0  __printf_nopercent.o ABSOLUTE
    ../clib/printf.c                         0x00000000   Number         0  _printf_char_file_locked.o ABSOLUTE
    ../clib/printf_percent.s                 0x00000000   Number         0  _printf_c.o ABSOLUTE
    ../clib/printf_percent.s                 0x00000000   Number         0  _printf_percent.o ABSOLUTE
    ../clib/printf_percent.s                 0x00000000   Number         0  _printf_percent_end.o ABSOLUTE
    ../clib/signal.c                         0x00000000   Number         0  defsig_rtred_outer.o ABSOLUTE
    ../clib/signal.c                         0x00000000   Number         0  defsig_rtred_formal.o ABSOLUTE
    ../clib/signal.c                         0x00000000   Number         0  defsig_exit.o ABSOLUTE
    ../clib/signal.c                         0x00000000   Number         0  defsig_rtred_inner.o ABSOLUTE
    ../clib/signal.c                         0x00000000   Number         0  __raise.o ABSOLUTE
    ../clib/signal.c                         0x00000000   Number         0  defsig_general.o ABSOLUTE
    ../clib/signal.c                         0x00000000   Number         0  defsig_rtmem_outer.o ABSOLUTE
    ../clib/signal.c                         0x00000000   Number         0  defsig_rtmem_formal.o ABSOLUTE
    ../clib/signal.c                         0x00000000   Number         0  defsig_rtmem_inner.o ABSOLUTE
    ../clib/signal.c                         0x00000000   Number         0  defsig_abrt_inner.o ABSOLUTE
    ../clib/signal.c                         0x00000000   Number         0  defsig_fpe_inner.o ABSOLUTE
    ../clib/signal.c                         0x00000000   Number         0  defsig_stak_inner.o ABSOLUTE
    ../clib/signal.c                         0x00000000   Number         0  defsig_pvfn_inner.o ABSOLUTE
    ../clib/signal.c                         0x00000000   Number         0  defsig_cppl_inner.o ABSOLUTE
    ../clib/signal.c                         0x00000000   Number         0  defsig_segv_inner.o ABSOLUTE
    ../clib/signal.c                         0x00000000   Number         0  defsig_other.o ABSOLUTE
    ../clib/signal.s                         0x00000000   Number         0  defsig.o ABSOLUTE
    ../clib/stdio.c                          0x00000000   Number         0  puts.o ABSOLUTE
    ../clib/stdio.c                          0x00000000   Number         0  fputc.o ABSOLUTE
    ../clib/stdio.c                          0x00000000   Number         0  stdio_streams.o ABSOLUTE
    ../clib/stdio.c                          0x00000000   Number         0  fputc_locked.o ABSOLUTE
    ../clib/stdio.c                          0x00000000   Number         0  ferror.o ABSOLUTE
    ../clib/stdio.c                          0x00000000   Number         0  flsbuf.o ABSOLUTE
    ../clib/stdio.c                          0x00000000   Number         0  initio.o ABSOLUTE
    ../clib/stdio.c                          0x00000000   Number         0  ferror_locked.o ABSOLUTE
    ../clib/stdio.c                          0x00000000   Number         0  initio_locked.o ABSOLUTE
    ../clib/stdio.c                          0x00000000   Number         0  setvbuf.o ABSOLUTE
    ../clib/stdio.c                          0x00000000   Number         0  stdio.o ABSOLUTE
    ../clib/stdio.c                          0x00000000   Number         0  fwritefast.o ABSOLUTE
    ../clib/stdio.c                          0x00000000   Number         0  streamlock.o ABSOLUTE
    ../clib/stdio.c                          0x00000000   Number         0  fopen.o ABSOLUTE
    ../clib/stdio.c                          0x00000000   Number         0  fclose.o ABSOLUTE
    ../clib/stdio.c                          0x00000000   Number         0  puts_locked.o ABSOLUTE
    ../clib/stdio.c                          0x00000000   Number         0  setvbuf_locked.o ABSOLUTE
    ../clib/stdio.c                          0x00000000   Number         0  fopen_locked.o ABSOLUTE
    ../clib/stdio.c                          0x00000000   Number         0  fwritefast_locked.o ABSOLUTE
    ../clib/stdio.c                          0x00000000   Number         0  fflush.o ABSOLUTE
    ../clib/stdio.c                          0x00000000   Number         0  fputs.o ABSOLUTE
    ../clib/stdio.c                          0x00000000   Number         0  fseek.o ABSOLUTE
    ../clib/stdio.c                          0x00000000   Number         0  fputs_locked.o ABSOLUTE
    ../clib/stdio.c                          0x00000000   Number         0  fflush_locked.o ABSOLUTE
    ../clib/stdio.c                          0x00000000   Number         0  ftell.o ABSOLUTE
    ../clib/stdlib.c                         0x00000000   Number         0  exit.o ABSOLUTE
    ../clib/wchar.c                          0x00000000   Number         0  flsbuf_fwide.o ABSOLUTE
    ../fplib/fpinit.s                        0x00000000   Number         0  fpinit.o ABSOLUTE
    UART_APB.c                               0x00000000   Number         0  uart_apb.o ABSOLUTE
    __tagsym$$used.0                         0x00000000   Number         0  startup_star.o(RESET)
    dc.s                                     0x00000000   Number         0  dc.o ABSOLUTE
    lowlevel_retarget.c                      0x00000000   Number         0  lowlevel_retarget.o ABSOLUTE
    main.c                                   0x00000000   Number         0  main.o ABSOLUTE
    retarget_io.c                            0x00000000   Number         0  retarget_io.o ABSOLUTE
    startup_STAR.c                           0x00000000   Number         0  startup_star.o ABSOLUTE
    system_STAR.c                            0x00000000   Number         0  system_star.o ABSOLUTE
    !!!main                                  0x000007c0   Section        8  __main.o(!!!main)
    !!!scatter                               0x000007c8   Section       52  __scatter.o(!!!scatter)
    !!handler_copy                           0x000007fc   Section       26  __scatter_copy.o(!!handler_copy)
    !!handler_zi                             0x00000818   Section       28  __scatter_zi.o(!!handler_zi)
    .ARM.Collect$$_printf_percent$$00000000  0x00000834   Section        0  _printf_percent.o(.ARM.Collect$$_printf_percent$$00000000)
    .ARM.Collect$$_printf_percent$$00000013  0x00000834   Section        6  _printf_c.o(.ARM.Collect$$_printf_percent$$00000013)
    .ARM.Collect$$_printf_percent$$00000017  0x0000083a   Section        4  _printf_percent_end.o(.ARM.Collect$$_printf_percent$$00000017)
    .ARM.Collect$$libinit$$00000000          0x0000083e   Section        2  libinit.o(.ARM.Collect$$libinit$$00000000)
    .ARM.Collect$$libinit$$00000001          0x00000840   Section        4  libinit2.o(.ARM.Collect$$libinit$$00000001)
    .ARM.Collect$$libinit$$00000004          0x00000844   Section        0  libinit2.o(.ARM.Collect$$libinit$$00000004)
    .ARM.Collect$$libinit$$00000006          0x00000844   Section        0  libinit2.o(.ARM.Collect$$libinit$$00000006)
    .ARM.Collect$$libinit$$0000000A          0x00000844   Section        8  libinit5.o(.ARM.Collect$$libinit$$0000000A)
    .ARM.Collect$$libinit$$0000000C          0x0000084c   Section        0  libinit2.o(.ARM.Collect$$libinit$$0000000C)
    .ARM.Collect$$libinit$$0000000E          0x0000084c   Section        0  libinit2.o(.ARM.Collect$$libinit$$0000000E)
    .ARM.Collect$$libinit$$00000010          0x0000084c   Section        0  libinit2.o(.ARM.Collect$$libinit$$00000010)
    .ARM.Collect$$libinit$$00000013          0x0000084c   Section        0  libinit2.o(.ARM.Collect$$libinit$$00000013)
    .ARM.Collect$$libinit$$00000015          0x0000084c   Section        0  libinit2.o(.ARM.Collect$$libinit$$00000015)
    .ARM.Collect$$libinit$$00000017          0x0000084c   Section        0  libinit2.o(.ARM.Collect$$libinit$$00000017)
    .ARM.Collect$$libinit$$00000019          0x0000084c   Section        0  libinit2.o(.ARM.Collect$$libinit$$00000019)
    .ARM.Collect$$libinit$$0000001B          0x0000084c   Section        0  libinit2.o(.ARM.Collect$$libinit$$0000001B)
    .ARM.Collect$$libinit$$0000001D          0x0000084c   Section        0  libinit2.o(.ARM.Collect$$libinit$$0000001D)
    .ARM.Collect$$libinit$$0000001F          0x0000084c   Section        0  libinit2.o(.ARM.Collect$$libinit$$0000001F)
    .ARM.Collect$$libinit$$00000021          0x0000084c   Section        0  libinit2.o(.ARM.Collect$$libinit$$00000021)
    .ARM.Collect$$libinit$$00000023          0x0000084c   Section        0  libinit2.o(.ARM.Collect$$libinit$$00000023)
    .ARM.Collect$$libinit$$00000025          0x0000084c   Section        0  libinit2.o(.ARM.Collect$$libinit$$00000025)
    .ARM.Collect$$libinit$$00000026          0x0000084c   Section        4  libinit2.o(.ARM.Collect$$libinit$$00000026)
    .ARM.Collect$$libinit$$00000027          0x00000850   Section        0  libinit2.o(.ARM.Collect$$libinit$$00000027)
    .ARM.Collect$$libinit$$0000002E          0x00000850   Section        0  libinit2.o(.ARM.Collect$$libinit$$0000002E)
    .ARM.Collect$$libinit$$00000030          0x00000850   Section        0  libinit2.o(.ARM.Collect$$libinit$$00000030)
    .ARM.Collect$$libinit$$00000032          0x00000850   Section        0  libinit2.o(.ARM.Collect$$libinit$$00000032)
    .ARM.Collect$$libinit$$00000034          0x00000850   Section        0  libinit2.o(.ARM.Collect$$libinit$$00000034)
    .ARM.Collect$$libinit$$00000035          0x00000850   Section        2  libinit2.o(.ARM.Collect$$libinit$$00000035)
    __lit__00000000                          0x00000854   Data           4  libinit5.o(.ARM.Collect$$libinit$$0000271B)
    .ARM.Collect$$libinit$$0000271B          0x00000854   Section        8  libinit5.o(.ARM.Collect$$libinit$$0000271B)
    __lit__00000001                          0x00000858   Data           4  libinit5.o(.ARM.Collect$$libinit$$0000271B)
    .ARM.Collect$$libshutdown$$00000000      0x0000085c   Section        2  libshutdown.o(.ARM.Collect$$libshutdown$$00000000)
    .ARM.Collect$$libshutdown$$00000002      0x0000085e   Section        0  libshutdown2.o(.ARM.Collect$$libshutdown$$00000002)
    .ARM.Collect$$libshutdown$$00000003      0x0000085e   Section        4  libshutdown2.o(.ARM.Collect$$libshutdown$$00000003)
    .ARM.Collect$$libshutdown$$00000004      0x00000862   Section        0  libshutdown2.o(.ARM.Collect$$libshutdown$$00000004)
    .ARM.Collect$$libshutdown$$00000007      0x00000862   Section        0  libshutdown2.o(.ARM.Collect$$libshutdown$$00000007)
    .ARM.Collect$$libshutdown$$0000000A      0x00000862   Section        0  libshutdown2.o(.ARM.Collect$$libshutdown$$0000000A)
    .ARM.Collect$$libshutdown$$0000000C      0x00000862   Section        0  libshutdown2.o(.ARM.Collect$$libshutdown$$0000000C)
    .ARM.Collect$$libshutdown$$0000000F      0x00000862   Section        0  libshutdown2.o(.ARM.Collect$$libshutdown$$0000000F)
    .ARM.Collect$$libshutdown$$00000010      0x00000862   Section        2  libshutdown2.o(.ARM.Collect$$libshutdown$$00000010)
    .ARM.Collect$$rtentry$$00000000          0x00000864   Section        0  __rtentry.o(.ARM.Collect$$rtentry$$00000000)
    .ARM.Collect$$rtentry$$00000002          0x00000864   Section        0  __rtentry2.o(.ARM.Collect$$rtentry$$00000002)
    .ARM.Collect$$rtentry$$00000007          0x00000864   Section        4  __rtentry7.o(.ARM.Collect$$rtentry$$00000007)
    .ARM.Collect$$rtentry$$00000009          0x00000868   Section        0  __rtentry2.o(.ARM.Collect$$rtentry$$00000009)
    .ARM.Collect$$rtentry$$0000000A          0x00000868   Section        4  __rtentry2.o(.ARM.Collect$$rtentry$$0000000A)
    .ARM.Collect$$rtentry$$0000000C          0x0000086c   Section        0  __rtentry2.o(.ARM.Collect$$rtentry$$0000000C)
    .ARM.Collect$$rtentry$$0000000D          0x0000086c   Section        8  __rtentry2.o(.ARM.Collect$$rtentry$$0000000D)
    __lit__00000000                          0x00000874   Data           4  __rtentry7.o(.ARM.Collect$$rtentry$$00002718)
    .ARM.Collect$$rtentry$$00002718          0x00000874   Section        4  __rtentry7.o(.ARM.Collect$$rtentry$$00002718)
    .ARM.Collect$$rtexit$$00000000           0x00000878   Section        2  rtexit.o(.ARM.Collect$$rtexit$$00000000)
    .ARM.Collect$$rtexit$$00000002           0x0000087a   Section        0  rtexit2.o(.ARM.Collect$$rtexit$$00000002)
    .ARM.Collect$$rtexit$$00000003           0x0000087a   Section        4  rtexit2.o(.ARM.Collect$$rtexit$$00000003)
    .ARM.Collect$$rtexit$$00000004           0x0000087e   Section        6  rtexit2.o(.ARM.Collect$$rtexit$$00000004)
    .text                                    0x00000884   Section        0  noretval__2printf.o(.text)
    .text                                    0x0000089c   Section        0  __printf.o(.text)
    .text                                    0x00000904   Section        0  _printf_str.o(.text)
    .text                                    0x00000958   Section        0  puts.o(.text)
    .text                                    0x00000988   Section      124  strcmpv8m_maindsp.o(.text)
    .text                                    0x00000a04   Section        0  _printf_char.o(.text)
    .text                                    0x00000a30   Section        0  _printf_char_file.o(.text)
    _printf_input_char                       0x00000a55   Thumb Code    10  _printf_char_common.o(.text)
    .text                                    0x00000a54   Section        0  _printf_char_common.o(.text)
    .text                                    0x00000a84   Section        0  ferror.o(.text)
    .text                                    0x00000a8c   Section        0  flsbuf.o(.text)
    .text                                    0x00000c70   Section        0  initio.o(.text)
    .text                                    0x00000da8   Section        0  h1_alloc.o(.text)
    .text                                    0x00000e06   Section        0  h1_free.o(.text)
    .text                                    0x00000e54   Section        0  setvbuf.o(.text)
    .text                                    0x00000e9c   Section        0  stdio.o(.text)
    _freopen_locked                          0x00000fa5   Thumb Code     0  fopen.o(.text)
    .text                                    0x00000fa4   Section        0  fopen.o(.text)
    .text                                    0x00001094   Section        0  fclose.o(.text)
    .text                                    0x000010e0   Section        0  exit.o(.text)
    .text                                    0x000010f2   Section        0  defsig_rtred_outer.o(.text)
    .text                                    0x00001100   Section       78  rt_memclr_w.o(.text)
    .text                                    0x00001150   Section        8  rt_heap_descriptor_intlibspace.o(.text)
    .text                                    0x00001158   Section        0  hguard.o(.text)
    .text                                    0x0000115c   Section        0  init_alloc.o(.text)
    .text                                    0x000011e6   Section        0  h1_init.o(.text)
    .text                                    0x000011f4   Section        0  fseek.o(.text)
    .text                                    0x000012ec   Section        0  defsig_exit.o(.text)
    .text                                    0x000012f8   Section        0  defsig_rtred_inner.o(.text)
    .text                                    0x0000132c   Section        0  sys_exit.o(.text)
    .text                                    0x00001338   Section        2  use_no_semi.o(.text)
    .text                                    0x0000133a   Section        0  indicate_semi.o(.text)
    .text                                    0x0000133a   Section        0  maybetermalloc1.o(.text)
    .text                                    0x0000133a   Section        0  h1_extend.o(.text)
    .text                                    0x0000136e   Section        0  ftell.o(.text)
    .text                                    0x000013b0   Section        0  defsig_general.o(.text)
    .text                                    0x000013e2   Section        0  defsig_rtmem_outer.o(.text)
    .text                                    0x000013f0   Section        0  sys_wrch.o(.text)
    .text                                    0x00001400   Section        8  rt_errno_addr_intlibspace.o(.text)
    .text                                    0x00001408   Section        0  defsig_rtmem_inner.o(.text)
    [Anonymous Symbol]                       0x00001458   Section        0  uart_apb.o(.text.APB_UART_GetChar)
    [Anonymous Symbol]                       0x00001474   Section        0  uart_apb.o(.text.APB_UART_Initialize)
    __arm_cp.0_0                             0x00001488   Number         4  uart_apb.o(.text.APB_UART_Initialize)
    [Anonymous Symbol]                       0x0000148c   Section        0  uart_apb.o(.text.APB_UART_PutChar)
    APB_UART_WaitForSpace                    0x000014b1   Thumb Code    12  uart_apb.o(.text.APB_UART_WaitForSpace)
    [Anonymous Symbol]                       0x000014b0   Section        0  uart_apb.o(.text.APB_UART_WaitForSpace)
    __arm_cp.2_0                             0x000014bc   Number         4  uart_apb.o(.text.APB_UART_WaitForSpace)
    [Anonymous Symbol]                       0x000014c0   Section        0  startup_star.o(.text.Default_Handler)
    [Anonymous Symbol]                       0x000014c4   Section        0  startup_star.o(.text.Reset_Handler)
    __arm_cp.1_0                             0x000014d4   Number         4  startup_star.o(.text.Reset_Handler)
    [Anonymous Symbol]                       0x000014d8   Section        0  system_star.o(.text.SystemInit)
    __arm_cp.1_0                             0x000014f4   Number         4  system_star.o(.text.SystemInit)
    __arm_cp.1_1                             0x000014f8   Number         4  system_star.o(.text.SystemInit)
    __arm_cp.1_2                             0x000014fc   Number         4  system_star.o(.text.SystemInit)
    __arm_cp.1_3                             0x00001500   Number         4  system_star.o(.text.SystemInit)
    [Anonymous Symbol]                       0x00001504   Section        0  lowlevel_retarget.o(.text.UartStdOutInit)
    [Anonymous Symbol]                       0x00001508   Section        0  retarget_io.o(.text._sys_close)
    [Anonymous Symbol]                       0x0000151c   Section        0  retarget_io.o(.text._sys_flen)
    [Anonymous Symbol]                       0x00001520   Section        0  retarget_io.o(.text._sys_istty)
    [Anonymous Symbol]                       0x00001530   Section        0  retarget_io.o(.text._sys_open)
    __arm_cp.0_0                             0x0000157c   Number         4  retarget_io.o(.text._sys_open)
    __arm_cp.0_1                             0x00001580   Number         4  retarget_io.o(.text._sys_open)
    __arm_cp.0_2                             0x00001584   Number         4  retarget_io.o(.text._sys_open)
    [Anonymous Symbol]                       0x00001588   Section        0  retarget_io.o(.text._sys_seek)
    [Anonymous Symbol]                       0x0000158e   Section        0  retarget_io.o(.text._sys_write)
    [Anonymous Symbol]                       0x000015bc   Section        0  main.o(.text.main)
    [Anonymous Symbol]                       0x00001600   Section        0  lowlevel_retarget.o(.text.stdout_putchar)
    i.fputc                                  0x0000160a   Section        0  fputc.o(i.fputc)
    $v0                                      0x00001626   Number         0  fpinit.o(x$fpl$fpinit)
    x$fpl$fpinit                             0x00001626   Section       26  fpinit.o(x$fpl$fpinit)
    .data                                    0x20000000   Section        4  stdio_streams.o(.data)
    .data                                    0x20000004   Section        4  stdio_streams.o(.data)
    .data                                    0x20000008   Section        4  stdio_streams.o(.data)
    .bss                                     0x20000010   Section       84  stdio_streams.o(.bss)
    .bss                                     0x20000064   Section       84  stdio_streams.o(.bss)
    .bss                                     0x200000b8   Section       84  stdio_streams.o(.bss)
    .bss                                     0x2000010c   Section       96  libspace.o(.bss)

    Global Symbols

    Symbol Name                              Value     Ov Type        Size  Object(Section)

    BuildAttributes$$THM_ISAv4$E$P$D$K$B$S$7EM$8M$VFPi5$EXTD16$VFPS$VFMA$PE$A:L22UL41UL21$X:L11$S22US41US21$IEEE1$IW$USESV6$~STKCKD$USESV7$~SHL$OTIME$ROPI$UX$STANDARDLIB$REQ8$PRES8$EABIv2 0x00000000   Number         0  anon$$obj.o ABSOLUTE
    __Vectors                                0x00000000   Data        1984  startup_star.o(RESET)
    Image$$ZI$$Limit                          - Undefined Weak Reference
    __ARM_exceptions_init                     - Undefined Weak Reference
    __alloca_initialize                       - Undefined Weak Reference
    __arm_preinit_                            - Undefined Weak Reference
    __arm_relocate_pie_                       - Undefined Weak Reference
    __cpp_initialize__aeabi_                  - Undefined Weak Reference
    __cxa_finalize                            - Undefined Weak Reference
    __rt_locale                               - Undefined Weak Reference
    __sigvec_lookup                           - Undefined Weak Reference
    __user_heap_extent                        - Undefined Weak Reference
    _atexit_init                              - Undefined Weak Reference
    _call_atexit_fns                          - Undefined Weak Reference
    _clock_init                               - Undefined Weak Reference
    _fp_trap_init                             - Undefined Weak Reference
    _fp_trap_shutdown                         - Undefined Weak Reference
    _get_lc_collate                           - Undefined Weak Reference
    _get_lc_ctype                             - Undefined Weak Reference
    _get_lc_monetary                          - Undefined Weak Reference
    _get_lc_numeric                           - Undefined Weak Reference
    _get_lc_time                              - Undefined Weak Reference
    _getenv_init                              - Undefined Weak Reference
    _handle_redirection                       - Undefined Weak Reference
    _mutex_acquire                            - Undefined Weak Reference
    _mutex_free                               - Undefined Weak Reference
    _mutex_release                            - Undefined Weak Reference
    _printf_mbtowc                            - Undefined Weak Reference
    _printf_post_padding                      - Undefined Weak Reference
    _printf_pre_padding                       - Undefined Weak Reference
    _rand_init                                - Undefined Weak Reference
    _signal_finish                            - Undefined Weak Reference
    _signal_init                              - Undefined Weak Reference
    __main                                   0x000007c1   Thumb Code     8  __main.o(!!!main)
    __scatterload                            0x000007c9   Thumb Code     0  __scatter.o(!!!scatter)
    __scatterload_rt2                        0x000007c9   Thumb Code    44  __scatter.o(!!!scatter)
    __scatterload_rt2_thumb_only             0x000007c9   Thumb Code     0  __scatter.o(!!!scatter)
    __scatterload_null                       0x000007d7   Thumb Code     0  __scatter.o(!!!scatter)
    __scatterload_copy                       0x000007fd   Thumb Code    26  __scatter_copy.o(!!handler_copy)
    __scatterload_zeroinit                   0x00000819   Thumb Code    28  __scatter_zi.o(!!handler_zi)
    _printf_c                                0x00000835   Thumb Code     0  _printf_c.o(.ARM.Collect$$_printf_percent$$00000013)
    _printf_percent                          0x00000835   Thumb Code     0  _printf_percent.o(.ARM.Collect$$_printf_percent$$00000000)
    _printf_percent_end                      0x0000083b   Thumb Code     0  _printf_percent_end.o(.ARM.Collect$$_printf_percent$$00000017)
    __rt_lib_init                            0x0000083f   Thumb Code     0  libinit.o(.ARM.Collect$$libinit$$00000000)
    __rt_lib_init_fp_1                       0x00000841   Thumb Code     0  libinit2.o(.ARM.Collect$$libinit$$00000001)
    __rt_lib_init_heap_2                     0x00000845   Thumb Code     0  libinit5.o(.ARM.Collect$$libinit$$0000000A)
    __rt_lib_init_preinit_1                  0x00000845   Thumb Code     0  libinit2.o(.ARM.Collect$$libinit$$00000006)
    __rt_lib_init_relocate_pie_1             0x00000845   Thumb Code     0  libinit2.o(.ARM.Collect$$libinit$$00000004)
    __rt_lib_init_atexit_1                   0x0000084d   Thumb Code     0  libinit2.o(.ARM.Collect$$libinit$$0000001D)
    __rt_lib_init_clock_1                    0x0000084d   Thumb Code     0  libinit2.o(.ARM.Collect$$libinit$$00000023)
    __rt_lib_init_fp_trap_1                  0x0000084d   Thumb Code     0  libinit2.o(.ARM.Collect$$libinit$$00000021)
    __rt_lib_init_getenv_1                   0x0000084d   Thumb Code     0  libinit2.o(.ARM.Collect$$libinit$$00000025)
    __rt_lib_init_heap_1                     0x0000084d   Thumb Code     0  libinit2.o(.ARM.Collect$$libinit$$0000000C)
    __rt_lib_init_lc_collate_1               0x0000084d   Thumb Code     0  libinit2.o(.ARM.Collect$$libinit$$00000013)
    __rt_lib_init_lc_ctype_1                 0x0000084d   Thumb Code     0  libinit2.o(.ARM.Collect$$libinit$$00000015)
    __rt_lib_init_lc_monetary_1              0x0000084d   Thumb Code     0  libinit2.o(.ARM.Collect$$libinit$$00000017)
    __rt_lib_init_lc_numeric_1               0x0000084d   Thumb Code     0  libinit2.o(.ARM.Collect$$libinit$$00000019)
    __rt_lib_init_lc_time_1                  0x0000084d   Thumb Code     0  libinit2.o(.ARM.Collect$$libinit$$0000001B)
    __rt_lib_init_rand_1                     0x0000084d   Thumb Code     0  libinit2.o(.ARM.Collect$$libinit$$00000010)
    __rt_lib_init_signal_1                   0x0000084d   Thumb Code     0  libinit2.o(.ARM.Collect$$libinit$$0000001F)
    __rt_lib_init_stdio_2                    0x0000084d   Thumb Code     0  libinit2.o(.ARM.Collect$$libinit$$00000026)
    __rt_lib_init_user_alloc_1               0x0000084d   Thumb Code     0  libinit2.o(.ARM.Collect$$libinit$$0000000E)
    __rt_lib_init_alloca_1                   0x00000851   Thumb Code     0  libinit2.o(.ARM.Collect$$libinit$$00000030)
    __rt_lib_init_argv_1                     0x00000851   Thumb Code     0  libinit2.o(.ARM.Collect$$libinit$$0000002E)
    __rt_lib_init_cpp_1                      0x00000851   Thumb Code     0  libinit2.o(.ARM.Collect$$libinit$$00000034)
    __rt_lib_init_exceptions_1               0x00000851   Thumb Code     0  libinit2.o(.ARM.Collect$$libinit$$00000032)
    __rt_lib_init_return                     0x00000851   Thumb Code     0  libinit2.o(.ARM.Collect$$libinit$$00000035)
    __rt_lib_init_stdio_1                    0x00000851   Thumb Code     0  libinit2.o(.ARM.Collect$$libinit$$00000027)
    __rt_lib_shutdown                        0x0000085d   Thumb Code     0  libshutdown.o(.ARM.Collect$$libshutdown$$00000000)
    __rt_lib_shutdown_cpp_1                  0x0000085f   Thumb Code     0  libshutdown2.o(.ARM.Collect$$libshutdown$$00000002)
    __rt_lib_shutdown_stdio_2                0x0000085f   Thumb Code     0  libshutdown2.o(.ARM.Collect$$libshutdown$$00000003)
    __rt_lib_shutdown_fp_trap_1              0x00000863   Thumb Code     0  libshutdown2.o(.ARM.Collect$$libshutdown$$00000007)
    __rt_lib_shutdown_heap_1                 0x00000863   Thumb Code     0  libshutdown2.o(.ARM.Collect$$libshutdown$$0000000F)
    __rt_lib_shutdown_return                 0x00000863   Thumb Code     0  libshutdown2.o(.ARM.Collect$$libshutdown$$00000010)
    __rt_lib_shutdown_signal_1               0x00000863   Thumb Code     0  libshutdown2.o(.ARM.Collect$$libshutdown$$0000000A)
    __rt_lib_shutdown_stdio_1                0x00000863   Thumb Code     0  libshutdown2.o(.ARM.Collect$$libshutdown$$00000004)
    __rt_lib_shutdown_user_alloc_1           0x00000863   Thumb Code     0  libshutdown2.o(.ARM.Collect$$libshutdown$$0000000C)
    __rt_entry                               0x00000865   Thumb Code     0  __rtentry.o(.ARM.Collect$$rtentry$$00000000)
    __rt_entry_presh_1                       0x00000865   Thumb Code     0  __rtentry2.o(.ARM.Collect$$rtentry$$00000002)
    __rt_entry_sh                            0x00000865   Thumb Code     0  __rtentry7.o(.ARM.Collect$$rtentry$$00000007)
    __rt_entry_li                            0x00000869   Thumb Code     0  __rtentry2.o(.ARM.Collect$$rtentry$$0000000A)
    __rt_entry_postsh_1                      0x00000869   Thumb Code     0  __rtentry2.o(.ARM.Collect$$rtentry$$00000009)
    __rt_entry_main                          0x0000086d   Thumb Code     0  __rtentry2.o(.ARM.Collect$$rtentry$$0000000D)
    __rt_entry_postli_1                      0x0000086d   Thumb Code     0  __rtentry2.o(.ARM.Collect$$rtentry$$0000000C)
    __rt_exit                                0x00000879   Thumb Code     0  rtexit.o(.ARM.Collect$$rtexit$$00000000)
    __rt_exit_ls                             0x0000087b   Thumb Code     0  rtexit2.o(.ARM.Collect$$rtexit$$00000003)
    __rt_exit_prels_1                        0x0000087b   Thumb Code     0  rtexit2.o(.ARM.Collect$$rtexit$$00000002)
    __rt_exit_exit                           0x0000087f   Thumb Code     0  rtexit2.o(.ARM.Collect$$rtexit$$00000004)
    __2printf                                0x00000885   Thumb Code    20  noretval__2printf.o(.text)
    __printf                                 0x0000089d   Thumb Code   104  __printf.o(.text)
    _printf_str                              0x00000905   Thumb Code    82  _printf_str.o(.text)
    puts                                     0x00000959   Thumb Code    40  puts.o(.text)
    strcmp                                   0x00000989   Thumb Code   124  strcmpv8m_maindsp.o(.text)
    _printf_cs_common                        0x00000a05   Thumb Code    20  _printf_char.o(.text)
    _printf_char                             0x00000a19   Thumb Code    16  _printf_char.o(.text)
    _printf_string                           0x00000a29   Thumb Code     8  _printf_char.o(.text)
    _printf_char_file                        0x00000a31   Thumb Code    32  _printf_char_file.o(.text)
    _printf_char_common                      0x00000a5f   Thumb Code    32  _printf_char_common.o(.text)
    ferror                                   0x00000a85   Thumb Code     8  ferror.o(.text)
    __flsbuf                                 0x00000a8d   Thumb Code   482  flsbuf.o(.text)
    __flsbuf_byte                            0x00000a8d   Thumb Code     0  flsbuf.o(.text)
    __flsbuf_wide                            0x00000a8d   Thumb Code     0  flsbuf.o(.text)
    _initio                                  0x00000c71   Thumb Code   210  initio.o(.text)
    _terminateio                             0x00000d43   Thumb Code    56  initio.o(.text)
    malloc                                   0x00000da9   Thumb Code    94  h1_alloc.o(.text)
    free                                     0x00000e07   Thumb Code    78  h1_free.o(.text)
    setvbuf                                  0x00000e55   Thumb Code    70  setvbuf.o(.text)
    _seterr                                  0x00000e9d   Thumb Code    20  stdio.o(.text)
    _writebuf                                0x00000eb1   Thumb Code   108  stdio.o(.text)
    _fflush                                  0x00000f1d   Thumb Code    70  stdio.o(.text)
    _deferredlazyseek                        0x00000f63   Thumb Code    60  stdio.o(.text)
    freopen                                  0x00000fa5   Thumb Code   160  fopen.o(.text)
    fopen                                    0x00001045   Thumb Code    74  fopen.o(.text)
    _fclose_internal                         0x00001095   Thumb Code    76  fclose.o(.text)
    fclose                                   0x00001095   Thumb Code     0  fclose.o(.text)
    exit                                     0x000010e1   Thumb Code    18  exit.o(.text)
    __rt_SIGRTRED                            0x000010f3   Thumb Code    14  defsig_rtred_outer.o(.text)
    __aeabi_memclr4                          0x00001101   Thumb Code     0  rt_memclr_w.o(.text)
    __aeabi_memclr8                          0x00001101   Thumb Code     0  rt_memclr_w.o(.text)
    __rt_memclr_w                            0x00001101   Thumb Code     0  rt_memclr_w.o(.text)
    _memset_w                                0x00001105   Thumb Code    74  rt_memclr_w.o(.text)
    __rt_heap_descriptor                     0x00001151   Thumb Code     8  rt_heap_descriptor_intlibspace.o(.text)
    __use_no_heap                            0x00001159   Thumb Code     2  hguard.o(.text)
    __heap$guard                             0x0000115b   Thumb Code     2  hguard.o(.text)
    _terminate_user_alloc                    0x0000115d   Thumb Code     2  init_alloc.o(.text)
    _init_user_alloc                         0x0000115f   Thumb Code     2  init_alloc.o(.text)
    __Heap_Full                              0x00001161   Thumb Code    34  init_alloc.o(.text)
    __Heap_Broken                            0x00001183   Thumb Code     6  init_alloc.o(.text)
    _init_alloc                              0x00001189   Thumb Code    94  init_alloc.o(.text)
    __Heap_Initialize                        0x000011e7   Thumb Code    10  h1_init.o(.text)
    __Heap_DescSize                          0x000011f1   Thumb Code     4  h1_init.o(.text)
    _fseek                                   0x000011f5   Thumb Code   242  fseek.o(.text)
    fseek                                    0x000011f5   Thumb Code     0  fseek.o(.text)
    __sig_exit                               0x000012ed   Thumb Code    10  defsig_exit.o(.text)
    __rt_SIGRTRED_inner                      0x000012f9   Thumb Code    14  defsig_rtred_inner.o(.text)
    _sys_exit                                0x0000132d   Thumb Code     8  sys_exit.o(.text)
    __I$use$semihosting                      0x00001339   Thumb Code     0  use_no_semi.o(.text)
    __use_no_semihosting_swi                 0x00001339   Thumb Code     2  use_no_semi.o(.text)
    __Heap_ProvideMemory                     0x0000133b   Thumb Code    52  h1_extend.o(.text)
    __semihosting_library_function           0x0000133b   Thumb Code     0  indicate_semi.o(.text)
    _maybe_terminate_alloc                   0x0000133b   Thumb Code     0  maybetermalloc1.o(.text)
    _ftell_internal                          0x0000136f   Thumb Code    66  ftell.o(.text)
    ftell                                    0x0000136f   Thumb Code     0  ftell.o(.text)
    __default_signal_display                 0x000013b1   Thumb Code    50  defsig_general.o(.text)
    __rt_SIGRTMEM                            0x000013e3   Thumb Code    14  defsig_rtmem_outer.o(.text)
    _ttywrch                                 0x000013f1   Thumb Code    14  sys_wrch.o(.text)
    __aeabi_errno_addr                       0x00001401   Thumb Code     8  rt_errno_addr_intlibspace.o(.text)
    __errno$intlibspace                      0x00001401   Thumb Code     0  rt_errno_addr_intlibspace.o(.text)
    __rt_errno_addr$intlibspace              0x00001401   Thumb Code     0  rt_errno_addr_intlibspace.o(.text)
    __rt_SIGRTMEM_inner                      0x00001409   Thumb Code    22  defsig_rtmem_inner.o(.text)
    APB_UART_GetChar                         0x00001459   Thumb Code    28  uart_apb.o(.text.APB_UART_GetChar)
    APB_UART_Initialize                      0x00001475   Thumb Code    20  uart_apb.o(.text.APB_UART_Initialize)
    APB_UART_PutChar                         0x0000148d   Thumb Code    34  uart_apb.o(.text.APB_UART_PutChar)
    BusFault_Handler                         0x000014c1   Thumb Code     2  startup_star.o(.text.Default_Handler)
    DebugMon_Handler                         0x000014c1   Thumb Code     2  startup_star.o(.text.Default_Handler)
    Default_Handler                          0x000014c1   Thumb Code     2  startup_star.o(.text.Default_Handler)
    HardFault_Handler                        0x000014c1   Thumb Code     2  startup_star.o(.text.Default_Handler)
    Interrupt0_Handler                       0x000014c1   Thumb Code     2  startup_star.o(.text.Default_Handler)
    Interrupt1_Handler                       0x000014c1   Thumb Code     2  startup_star.o(.text.Default_Handler)
    Interrupt2_Handler                       0x000014c1   Thumb Code     2  startup_star.o(.text.Default_Handler)
    Interrupt3_Handler                       0x000014c1   Thumb Code     2  startup_star.o(.text.Default_Handler)
    Interrupt4_Handler                       0x000014c1   Thumb Code     2  startup_star.o(.text.Default_Handler)
    Interrupt5_Handler                       0x000014c1   Thumb Code     2  startup_star.o(.text.Default_Handler)
    Interrupt6_Handler                       0x000014c1   Thumb Code     2  startup_star.o(.text.Default_Handler)
    Interrupt7_Handler                       0x000014c1   Thumb Code     2  startup_star.o(.text.Default_Handler)
    Interrupt8_Handler                       0x000014c1   Thumb Code     2  startup_star.o(.text.Default_Handler)
    Interrupt9_Handler                       0x000014c1   Thumb Code     2  startup_star.o(.text.Default_Handler)
    MemManage_Handler                        0x000014c1   Thumb Code     2  startup_star.o(.text.Default_Handler)
    NMI_Handler                              0x000014c1   Thumb Code     2  startup_star.o(.text.Default_Handler)
    PendSV_Handler                           0x000014c1   Thumb Code     2  startup_star.o(.text.Default_Handler)
    SVC_Handler                              0x000014c1   Thumb Code     2  startup_star.o(.text.Default_Handler)
    SecureFault_Handler                      0x000014c1   Thumb Code     2  startup_star.o(.text.Default_Handler)
    SysTick_Handler                          0x000014c1   Thumb Code     2  startup_star.o(.text.Default_Handler)
    UsageFault_Handler                       0x000014c1   Thumb Code     2  startup_star.o(.text.Default_Handler)
    Reset_Handler                            0x000014c5   Thumb Code    16  startup_star.o(.text.Reset_Handler)
    SystemInit                               0x000014d9   Thumb Code    28  system_star.o(.text.SystemInit)
    UartStdOutInit                           0x00001505   Thumb Code     4  lowlevel_retarget.o(.text.UartStdOutInit)
    _sys_close                               0x00001509   Thumb Code    20  retarget_io.o(.text._sys_close)
    _sys_flen                                0x0000151d   Thumb Code     4  retarget_io.o(.text._sys_flen)
    _sys_istty                               0x00001521   Thumb Code    16  retarget_io.o(.text._sys_istty)
    _sys_open                                0x00001531   Thumb Code    76  retarget_io.o(.text._sys_open)
    _sys_seek                                0x00001589   Thumb Code     6  retarget_io.o(.text._sys_seek)
    _sys_write                               0x0000158f   Thumb Code    46  retarget_io.o(.text._sys_write)
    main                                     0x000015bd   Thumb Code    28  main.o(.text.main)
    stdout_putchar                           0x00001601   Thumb Code    10  lowlevel_retarget.o(.text.stdout_putchar)
    fputc                                    0x0000160b   Thumb Code    28  fputc.o(i.fputc)
    _fp_init                                 0x00001627   Thumb Code    26  fpinit.o(x$fpl$fpinit)
    __fplib_config_fpu_vfp                   0x0000163f   Thumb Code     0  fpinit.o(x$fpl$fpinit)
    __fplib_config_pureend_doubles           0x0000163f   Thumb Code     0  fpinit.o(x$fpl$fpinit)
    __stderr_name                            0x00001640   Data           8  retarget_io.o(.rodata.__stderr_name)
    __stdin_name                             0x00001648   Data           7  retarget_io.o(.rodata.__stdin_name)
    __stdout_name                            0x0000164f   Data           8  retarget_io.o(.rodata.__stdout_name)
    Region$$Table$$Base                      0x00001658   Number         0  anon$$obj.o(Region$$Table)
    Region$$Table$$Limit                     0x00001678   Number         0  anon$$obj.o(Region$$Table)
    __aeabi_stdin                            0x20000000   Data           4  stdio_streams.o(.data)
    __aeabi_stdout                           0x20000004   Data           4  stdio_streams.o(.data)
    __aeabi_stderr                           0x20000008   Data           4  stdio_streams.o(.data)
    SystemCoreClock                          0x2000000c   Data           4  system_star.o(.data.SystemCoreClock)
    __stdin                                  0x20000010   Data          84  stdio_streams.o(.bss)
    __stdout                                 0x20000064   Data          84  stdio_streams.o(.bss)
    __stderr                                 0x200000b8   Data          84  stdio_streams.o(.bss)
    __libspace_start                         0x2000010c   Data          96  libspace.o(.bss)
    __temporary_stack_top$libspace           0x2000016c   Data           0  libspace.o(.bss)
    Image$$ARM_LIB_HEAP$$ZI$$Base            0x20000170   Number         0  anon$$obj.o ABSOLUTE
    Image$$ARM_LIB_HEAP$$ZI$$Limit           0x20000d70   Number         0  anon$$obj.o ABSOLUTE
    Image$$ARM_LIB_STACK$$ZI$$Base           0x2003fe00   Number         0  anon$$obj.o ABSOLUTE
    Image$$ARM_LIB_STACK$$ZI$$Limit          0x20040000   Number         0  anon$$obj.o ABSOLUTE



==============================================================================

Memory Map of the image

  Image Entry point : 0x000007c1

  Load Region LR_ROM (Base: 0x00000000, Size: 0x00001688, Max: 0x00080000, ABSOLUTE)

    Execution Region ER_ROM (Exec base: 0x00000000, Load base: 0x00000000, Size: 0x00001678, Max: 0x00080000, ABSOLUTE)

    Exec Addr    Load Addr    Size         Type   Attr      Idx    E Section Name        Object

    0x00000000   0x00000000   0x000007c0   Data   RO           76    RESET               startup_star.o
    0x000007c0   0x000007c0   0x00000008   Code   RO          133  * !!!main             c_w.l(__main.o)
    0x000007c8   0x000007c8   0x00000034   Code   RO          500    !!!scatter          c_w.l(__scatter.o)
    0x000007fc   0x000007fc   0x0000001a   Code   RO          502    !!handler_copy      c_w.l(__scatter_copy.o)
    0x00000816   0x00000816   0x00000002   PAD
    0x00000818   0x00000818   0x0000001c   Code   RO          504    !!handler_zi        c_w.l(__scatter_zi.o)
    0x00000834   0x00000834   0x00000000   Code   RO          128    .ARM.Collect$$_printf_percent$$00000000  c_w.l(_printf_percent.o)
    0x00000834   0x00000834   0x00000006   Code   RO          127    .ARM.Collect$$_printf_percent$$00000013  c_w.l(_printf_c.o)
    0x0000083a   0x0000083a   0x00000004   Code   RO          140    .ARM.Collect$$_printf_percent$$00000017  c_w.l(_printf_percent_end.o)
    0x0000083e   0x0000083e   0x00000002   Code   RO          291    .ARM.Collect$$libinit$$00000000  c_w.l(libinit.o)
    0x00000840   0x00000840   0x00000004   Code   RO          292    .ARM.Collect$$libinit$$00000001  c_w.l(libinit2.o)
    0x00000844   0x00000844   0x00000000   Code   RO          295    .ARM.Collect$$libinit$$00000004  c_w.l(libinit2.o)
    0x00000844   0x00000844   0x00000000   Code   RO          297    .ARM.Collect$$libinit$$00000006  c_w.l(libinit2.o)
    0x00000844   0x00000844   0x00000008   Code   RO          411    .ARM.Collect$$libinit$$0000000A  c_w.l(libinit5.o)
    0x0000084c   0x0000084c   0x00000000   Code   RO          300    .ARM.Collect$$libinit$$0000000C  c_w.l(libinit2.o)
    0x0000084c   0x0000084c   0x00000000   Code   RO          302    .ARM.Collect$$libinit$$0000000E  c_w.l(libinit2.o)
    0x0000084c   0x0000084c   0x00000000   Code   RO          304    .ARM.Collect$$libinit$$00000010  c_w.l(libinit2.o)
    0x0000084c   0x0000084c   0x00000000   Code   RO          307    .ARM.Collect$$libinit$$00000013  c_w.l(libinit2.o)
    0x0000084c   0x0000084c   0x00000000   Code   RO          309    .ARM.Collect$$libinit$$00000015  c_w.l(libinit2.o)
    0x0000084c   0x0000084c   0x00000000   Code   RO          311    .ARM.Collect$$libinit$$00000017  c_w.l(libinit2.o)
    0x0000084c   0x0000084c   0x00000000   Code   RO          313    .ARM.Collect$$libinit$$00000019  c_w.l(libinit2.o)
    0x0000084c   0x0000084c   0x00000000   Code   RO          315    .ARM.Collect$$libinit$$0000001B  c_w.l(libinit2.o)
    0x0000084c   0x0000084c   0x00000000   Code   RO          317    .ARM.Collect$$libinit$$0000001D  c_w.l(libinit2.o)
    0x0000084c   0x0000084c   0x00000000   Code   RO          319    .ARM.Collect$$libinit$$0000001F  c_w.l(libinit2.o)
    0x0000084c   0x0000084c   0x00000000   Code   RO          321    .ARM.Collect$$libinit$$00000021  c_w.l(libinit2.o)
    0x0000084c   0x0000084c   0x00000000   Code   RO          323    .ARM.Collect$$libinit$$00000023  c_w.l(libinit2.o)
    0x0000084c   0x0000084c   0x00000000   Code   RO          325    .ARM.Collect$$libinit$$00000025  c_w.l(libinit2.o)
    0x0000084c   0x0000084c   0x00000004   Code   RO          326    .ARM.Collect$$libinit$$00000026  c_w.l(libinit2.o)
    0x00000850   0x00000850   0x00000000   Code   RO          327    .ARM.Collect$$libinit$$00000027  c_w.l(libinit2.o)
    0x00000850   0x00000850   0x00000000   Code   RO          331    .ARM.Collect$$libinit$$0000002E  c_w.l(libinit2.o)
    0x00000850   0x00000850   0x00000000   Code   RO          333    .ARM.Collect$$libinit$$00000030  c_w.l(libinit2.o)
    0x00000850   0x00000850   0x00000000   Code   RO          335    .ARM.Collect$$libinit$$00000032  c_w.l(libinit2.o)
    0x00000850   0x00000850   0x00000000   Code   RO          337    .ARM.Collect$$libinit$$00000034  c_w.l(libinit2.o)
    0x00000850   0x00000850   0x00000002   Code   RO          338    .ARM.Collect$$libinit$$00000035  c_w.l(libinit2.o)
    0x00000852   0x00000852   0x00000002   PAD
    0x00000854   0x00000854   0x00000008   Code   RO          412    .ARM.Collect$$libinit$$0000271B  c_w.l(libinit5.o)
    0x0000085c   0x0000085c   0x00000002   Code   RO          479    .ARM.Collect$$libshutdown$$00000000  c_w.l(libshutdown.o)
    0x0000085e   0x0000085e   0x00000000   Code   RO          340    .ARM.Collect$$libshutdown$$00000002  c_w.l(libshutdown2.o)
    0x0000085e   0x0000085e   0x00000004   Code   RO          341    .ARM.Collect$$libshutdown$$00000003  c_w.l(libshutdown2.o)
    0x00000862   0x00000862   0x00000000   Code   RO          342    .ARM.Collect$$libshutdown$$00000004  c_w.l(libshutdown2.o)
    0x00000862   0x00000862   0x00000000   Code   RO          345    .ARM.Collect$$libshutdown$$00000007  c_w.l(libshutdown2.o)
    0x00000862   0x00000862   0x00000000   Code   RO          348    .ARM.Collect$$libshutdown$$0000000A  c_w.l(libshutdown2.o)
    0x00000862   0x00000862   0x00000000   Code   RO          350    .ARM.Collect$$libshutdown$$0000000C  c_w.l(libshutdown2.o)
    0x00000862   0x00000862   0x00000000   Code   RO          353    .ARM.Collect$$libshutdown$$0000000F  c_w.l(libshutdown2.o)
    0x00000862   0x00000862   0x00000002   Code   RO          354    .ARM.Collect$$libshutdown$$00000010  c_w.l(libshutdown2.o)
    0x00000864   0x00000864   0x00000000   Code   RO          135    .ARM.Collect$$rtentry$$00000000  c_w.l(__rtentry.o)
    0x00000864   0x00000864   0x00000000   Code   RO          154    .ARM.Collect$$rtentry$$00000002  c_w.l(__rtentry2.o)
    0x00000864   0x00000864   0x00000004   Code   RO          168    .ARM.Collect$$rtentry$$00000007  c_w.l(__rtentry7.o)
    0x00000868   0x00000868   0x00000000   Code   RO          156    .ARM.Collect$$rtentry$$00000009  c_w.l(__rtentry2.o)
    0x00000868   0x00000868   0x00000004   Code   RO          157    .ARM.Collect$$rtentry$$0000000A  c_w.l(__rtentry2.o)
    0x0000086c   0x0000086c   0x00000000   Code   RO          159    .ARM.Collect$$rtentry$$0000000C  c_w.l(__rtentry2.o)
    0x0000086c   0x0000086c   0x00000008   Code   RO          160    .ARM.Collect$$rtentry$$0000000D  c_w.l(__rtentry2.o)
    0x00000874   0x00000874   0x00000004   Code   RO          169    .ARM.Collect$$rtentry$$00002718  c_w.l(__rtentry7.o)
    0x00000878   0x00000878   0x00000002   Code   RO          362    .ARM.Collect$$rtexit$$00000000  c_w.l(rtexit.o)
    0x0000087a   0x0000087a   0x00000000   Code   RO          429    .ARM.Collect$$rtexit$$00000002  c_w.l(rtexit2.o)
    0x0000087a   0x0000087a   0x00000004   Code   RO          430    .ARM.Collect$$rtexit$$00000003  c_w.l(rtexit2.o)
    0x0000087e   0x0000087e   0x00000006   Code   RO          431    .ARM.Collect$$rtexit$$00000004  c_w.l(rtexit2.o)
    0x00000884   0x00000884   0x00000018   Code   RO          100    .text               c_w.l(noretval__2printf.o)
    0x0000089c   0x0000089c   0x00000068   Code   RO          102    .text               c_w.l(__printf.o)
    0x00000904   0x00000904   0x00000052   Code   RO          104    .text               c_w.l(_printf_str.o)
    0x00000956   0x00000956   0x00000002   PAD
    0x00000958   0x00000958   0x0000002c   Code   RO          129    .text               c_w.l(puts.o)
    0x00000984   0x00000984   0x00000004   PAD
    0x00000988   0x00000988   0x0000007c   Code   RO          131    .text               c_w.l(strcmpv8m_maindsp.o)
    0x00000a04   0x00000a04   0x0000002c   Code   RO          136    .text               c_w.l(_printf_char.o)
    0x00000a30   0x00000a30   0x00000024   Code   RO          138    .text               c_w.l(_printf_char_file.o)
    0x00000a54   0x00000a54   0x00000030   Code   RO          173    .text               c_w.l(_printf_char_common.o)
    0x00000a84   0x00000a84   0x00000008   Code   RO          175    .text               c_w.l(ferror.o)
    0x00000a8c   0x00000a8c   0x000001e2   Code   RO          177    .text               c_w.l(flsbuf.o)
    0x00000c6e   0x00000c6e   0x00000002   PAD
    0x00000c70   0x00000c70   0x00000138   Code   RO          179    .text               c_w.l(initio.o)
    0x00000da8   0x00000da8   0x0000005e   Code   RO          195    .text               c_w.l(h1_alloc.o)
    0x00000e06   0x00000e06   0x0000004e   Code   RO          197    .text               c_w.l(h1_free.o)
    0x00000e54   0x00000e54   0x00000046   Code   RO          257    .text               c_w.l(setvbuf.o)
    0x00000e9a   0x00000e9a   0x00000002   PAD
    0x00000e9c   0x00000e9c   0x00000108   Code   RO          259    .text               c_w.l(stdio.o)
    0x00000fa4   0x00000fa4   0x000000f0   Code   RO          264    .text               c_w.l(fopen.o)
    0x00001094   0x00001094   0x0000004c   Code   RO          266    .text               c_w.l(fclose.o)
    0x000010e0   0x000010e0   0x00000012   Code   RO          276    .text               c_w.l(exit.o)
    0x000010f2   0x000010f2   0x0000000e   Code   RO          278    .text               c_w.l(defsig_rtred_outer.o)
    0x00001100   0x00001100   0x0000004e   Code   RO          284    .text               c_w.l(rt_memclr_w.o)
    0x0000114e   0x0000114e   0x00000002   PAD
    0x00001150   0x00001150   0x00000008   Code   RO          369    .text               c_w.l(rt_heap_descriptor_intlibspace.o)
    0x00001158   0x00001158   0x00000004   Code   RO          371    .text               c_w.l(hguard.o)
    0x0000115c   0x0000115c   0x0000008a   Code   RO          373    .text               c_w.l(init_alloc.o)
    0x000011e6   0x000011e6   0x0000000e   Code   RO          377    .text               c_w.l(h1_init.o)
    0x000011f4   0x000011f4   0x000000f8   Code   RO          393    .text               c_w.l(fseek.o)
    0x000012ec   0x000012ec   0x0000000a   Code   RO          399    .text               c_w.l(defsig_exit.o)
    0x000012f6   0x000012f6   0x00000002   PAD
    0x000012f8   0x000012f8   0x00000034   Code   RO          401    .text               c_w.l(defsig_rtred_inner.o)
    0x0000132c   0x0000132c   0x0000000c   Code   RO          419    .text               c_w.l(sys_exit.o)
    0x00001338   0x00001338   0x00000002   Code   RO          425    .text               c_w.l(use_no_semi.o)
    0x0000133a   0x0000133a   0x00000000   Code   RO          427    .text               c_w.l(indicate_semi.o)
    0x0000133a   0x0000133a   0x00000000   Code   RO          437    .text               c_w.l(maybetermalloc1.o)
    0x0000133a   0x0000133a   0x00000034   Code   RO          439    .text               c_w.l(h1_extend.o)
    0x0000136e   0x0000136e   0x00000042   Code   RO          443    .text               c_w.l(ftell.o)
    0x000013b0   0x000013b0   0x00000032   Code   RO          447    .text               c_w.l(defsig_general.o)
    0x000013e2   0x000013e2   0x0000000e   Code   RO          449    .text               c_w.l(defsig_rtmem_outer.o)
    0x000013f0   0x000013f0   0x0000000e   Code   RO          462    .text               c_w.l(sys_wrch.o)
    0x000013fe   0x000013fe   0x00000002   PAD
    0x00001400   0x00001400   0x00000008   Code   RO          469    .text               c_w.l(rt_errno_addr_intlibspace.o)
    0x00001408   0x00001408   0x00000050   Code   RO          473    .text               c_w.l(defsig_rtmem_inner.o)
    0x00001458   0x00001458   0x0000001c   Code   RO           19    .text.APB_UART_GetChar  uart_apb.o
    0x00001474   0x00001474   0x00000018   Code   RO           13    .text.APB_UART_Initialize  uart_apb.o
    0x0000148c   0x0000148c   0x00000022   Code   RO           15    .text.APB_UART_PutChar  uart_apb.o
    0x000014ae   0x000014ae   0x00000002   PAD
    0x000014b0   0x000014b0   0x00000010   Code   RO           17    .text.APB_UART_WaitForSpace  uart_apb.o
    0x000014c0   0x000014c0   0x00000002   Code   RO           72    .text.Default_Handler  startup_star.o
    0x000014c2   0x000014c2   0x00000002   PAD
    0x000014c4   0x000014c4   0x00000014   Code   RO           74    .text.Reset_Handler  startup_star.o
    0x000014d8   0x000014d8   0x0000002c   Code   RO           87    .text.SystemInit    system_star.o
    0x00001504   0x00001504   0x00000004   Code   RO           29    .text.UartStdOutInit  lowlevel_retarget.o
    0x00001508   0x00001508   0x00000014   Code   RO           49    .text._sys_close    retarget_io.o
    0x0000151c   0x0000151c   0x00000004   Code   RO           59    .text._sys_flen     retarget_io.o
    0x00001520   0x00001520   0x00000010   Code   RO           55    .text._sys_istty    retarget_io.o
    0x00001530   0x00001530   0x00000058   Code   RO           47    .text._sys_open     retarget_io.o
    0x00001588   0x00001588   0x00000006   Code   RO           57    .text._sys_seek     retarget_io.o
    0x0000158e   0x0000158e   0x0000002e   Code   RO           51    .text._sys_write    retarget_io.o
    0x000015bc   0x000015bc   0x00000044   Code   RO            4    .text.main          main.o
    0x00001600   0x00001600   0x0000000a   Code   RO           31    .text.stdout_putchar  lowlevel_retarget.o
    0x0000160a   0x0000160a   0x0000001c   Code   RO          142    i.fputc             c_w.l(fputc.o)
    0x00001626   0x00001626   0x0000001a   Code   RO          415    x$fpl$fpinit        fz_wm.l(fpinit.o)
    0x00001640   0x00001640   0x00000008   Data   RO           63    .rodata.__stderr_name  retarget_io.o
    0x00001648   0x00001648   0x00000007   Data   RO           61    .rodata.__stdin_name  retarget_io.o
    0x0000164f   0x0000164f   0x00000008   Data   RO           62    .rodata.__stdout_name  retarget_io.o
    0x00001657   0x00001657   0x00000001   PAD
    0x00001658   0x00001658   0x00000020   Data   RO          499    Region$$Table       anon$$obj.o


    Execution Region RW_RAM (Exec base: 0x20000000, Load base: 0x00001678, Size: 0x0000016c, Max: 0x0003f200, ABSOLUTE)

    Exec Addr    Load Addr    Size         Type   Attr      Idx    E Section Name        Object

    0x20000000   0x00001678   0x00000004   Data   RW          148    .data               c_w.l(stdio_streams.o)
    0x20000004   0x0000167c   0x00000004   Data   RW          149    .data               c_w.l(stdio_streams.o)
    0x20000008   0x00001680   0x00000004   Data   RW          150    .data               c_w.l(stdio_streams.o)
    0x2000000c   0x00001684   0x00000004   Data   RW           89    .data.SystemCoreClock  system_star.o
    0x20000010        -       0x00000054   Zero   RW          145    .bss                c_w.l(stdio_streams.o)
    0x20000064        -       0x00000054   Zero   RW          146    .bss                c_w.l(stdio_streams.o)
    0x200000b8        -       0x00000054   Zero   RW          147    .bss                c_w.l(stdio_streams.o)
    0x2000010c        -       0x00000060   Zero   RW          356    .bss                c_w.l(libspace.o)


    Execution Region ARM_LIB_HEAP (Exec base: 0x20000170, Load base: 0x00001688, Size: 0x00000c00, Max: 0x00000c00, ABSOLUTE)

    Exec Addr    Load Addr    Size         Type   Attr      Idx    E Section Name        Object

    0x20000170        -       0x00000c00   Zero   RW            1    ARM_LIB_HEAP.bss    anon$$obj.o


    Execution Region ARM_LIB_STACK (Exec base: 0x2003fe00, Load base: 0x00001688, Size: 0x00000200, Max: 0x00000200, ABSOLUTE)

    Exec Addr    Load Addr    Size         Type   Attr      Idx    E Section Name        Object

    0x2003fe00        -       0x00000200   Zero   RW            2    ARM_LIB_STACK.bss   anon$$obj.o


==============================================================================

Image component sizes


      Code (inc. data)   RO Data    RW Data    ZI Data      Debug   Object Name

        14          0          0          0          0       1397   lowlevel_retarget.o
        68         40          0          0          0        479   main.o
       180         12         23          0          0       2714   retarget_io.o
        22          4       1984          0          0       1047   startup_star.o
        44         16          0          4          0       1990   system_star.o
       102          8          0          0          0       1084   uart_apb.o

    ----------------------------------------------------------------------
       434         80       2040          4       3584       8711   Object Totals
         0          0         32          0       3584          0   (incl. Generated)
         4          0          1          0          0          0   (incl. Padding)

    ----------------------------------------------------------------------

      Code (inc. data)   RO Data    RW Data    ZI Data      Debug   Library Member Name

         8          0          0          0          0         68   __main.o
       104          0          0          0          0         84   __printf.o
         0          0          0          0          0          0   __rtentry.o
        12          0          0          0          0          0   __rtentry2.o
         8          4          0          0          0          0   __rtentry7.o
        52          8          0          0          0          0   __scatter.o
        26          0          0          0          0          0   __scatter_copy.o
        28          0          0          0          0          0   __scatter_zi.o
         6          0          0          0          0          0   _printf_c.o
        44          0          0          0          0        108   _printf_char.o
        48          6          0          0          0         96   _printf_char_common.o
        36          4          0          0          0         80   _printf_char_file.o
         0          0          0          0          0          0   _printf_percent.o
         4          0          0          0          0          0   _printf_percent_end.o
        82          0          0          0          0         80   _printf_str.o
        10          0          0          0          0         68   defsig_exit.o
        50          0          0          0          0         88   defsig_general.o
        80         58          0          0          0         76   defsig_rtmem_inner.o
        14          0          0          0          0         80   defsig_rtmem_outer.o
        52         38          0          0          0         76   defsig_rtred_inner.o
        14          0          0          0          0         80   defsig_rtred_outer.o
        18          0          0          0          0         80   exit.o
        76          0          0          0          0         88   fclose.o
         8          0          0          0          0         68   ferror.o
       482          0          0          0          0         92   flsbuf.o
       240          6          0          0          0        128   fopen.o
        28          0          0          0          0         68   fputc.o
       248          6          0          0          0         84   fseek.o
        66          0          0          0          0         76   ftell.o
        94          0          0          0          0         80   h1_alloc.o
        52          0          0          0          0         68   h1_extend.o
        78          0          0          0          0         80   h1_free.o
        14          0          0          0          0         84   h1_init.o
         4          0          0          0          0        136   hguard.o
         0          0          0          0          0          0   indicate_semi.o
       138          0          0          0          0        168   init_alloc.o
       312         46          0          0          0        112   initio.o
         2          0          0          0          0          0   libinit.o
        10          0          0          0          0          0   libinit2.o
        16          8          0          0          0          0   libinit5.o
         2          0          0          0          0          0   libshutdown.o
         6          0          0          0          0          0   libshutdown2.o
         0          0          0          0         96          0   libspace.o
         0          0          0          0          0          0   maybetermalloc1.o
        24          4          0          0          0         84   noretval__2printf.o
        44          4          0          0          0         84   puts.o
         8          4          0          0          0         68   rt_errno_addr_intlibspace.o
         8          4          0          0          0         68   rt_heap_descriptor_intlibspace.o
        78          0          0          0          0         80   rt_memclr_w.o
         2          0          0          0          0          0   rtexit.o
        10          0          0          0          0          0   rtexit2.o
        70          0          0          0          0         80   setvbuf.o
       264          6          0          0          0        160   stdio.o
         0          0          0         12        252          0   stdio_streams.o
       124          0          0          0          0         88   strcmpv8m_maindsp.o
        12          4          0          0          0         68   sys_exit.o
        14          0          0          0          0         76   sys_wrch.o
         2          0          0          0          0         68   use_no_semi.o
        26          0          0          0          0        116   fpinit.o

    ----------------------------------------------------------------------
      3278        214          0         12        348       3436   Library Totals
        20          4          0          0          0          0   (incl. Padding)

    ----------------------------------------------------------------------

      Code (inc. data)   RO Data    RW Data    ZI Data      Debug   Library Name

      3232        210          0         12        348       3320   c_w.l
        26          0          0          0          0        116   fz_wm.l

    ----------------------------------------------------------------------
      3278        214          0         12        348       3436   Library Totals

    ----------------------------------------------------------------------

==============================================================================


      Code (inc. data)   RO Data    RW Data    ZI Data      Debug   

      3712        294       2040         16       3932      10379   Grand Totals
      3712        294       2040         16       3932      10379   ELF Image Totals
      3712        294       2040         16          0          0   ROM Totals

==============================================================================

    Total RO  Size (Code + RO Data)                 5752 (   5.62kB)
    Total RW  Size (RW Data + ZI Data)              3948 (   3.86kB)
    Total ROM Size (Code + RO Data + RW Data)       5768 (   5.63kB)

==============================================================================

