Component: Arm Compiler for Embedded 6.22 Tool: armlink [5ee90200]

==============================================================================

Section Cross References

    main.o(.text.main) refers to bsp.o(.text.init_power_clk) for init_power_clk
    main.o(.text.main) refers to bsp.o(.text.init_peripherals) for init_peripherals
    main.o(.text.main) refers to tremo_delay.o(.text.delay_ms) for delay_ms
    main.o(.text.main) refers to puts.o(i.puts) for puts
    main.o(.text.main) refers to bsp.o(.text.led_on) for led_on
    main.o(.text.main) refers to radio_proc.o(.text.radio_init) for radio_init
    main.o(.text.main) refers to bsp.o(.text.led_off) for led_off
    main.o(.text.main) refers to app_cli.o(.text.cli_init) for cli_init
    main.o(.text.main) refers to radio_proc.o(.text.radio_proc) for radio_proc
    main.o(.text.main) refers to app_cli.o(.text.cli_proc) for cli_proc
    main.o(.ARM.exidx.text.main) refers to main.o(.text.main) for [Anonymous Symbol]
    bsp.o(.text.init_power_clk) refers to tremo_rcc.o(.text.rcc_enable_oscillator) for rcc_enable_oscillator
    bsp.o(.text.init_power_clk) refers to tremo_rcc.o(.text.rcc_set_sys_clk_source) for rcc_set_sys_clk_source
    bsp.o(.text.init_power_clk) refers to tremo_rcc.o(.text.rcc_set_hclk_div) for rcc_set_hclk_div
    bsp.o(.text.init_power_clk) refers to tremo_rcc.o(.text.rcc_set_pclk_div) for rcc_set_pclk_div
    bsp.o(.text.init_power_clk) refers to tremo_rcc.o(.text.rcc_set_systick_source) for rcc_set_systick_source
    bsp.o(.text.init_power_clk) refers to tremo_rcc.o(.text.rcc_enable_peripheral_clk) for rcc_enable_peripheral_clk
    bsp.o(.text.init_power_clk) refers to tremo_delay.o(.text.delay_init) for delay_init
    bsp.o(.ARM.exidx.text.init_power_clk) refers to bsp.o(.text.init_power_clk) for [Anonymous Symbol]
    bsp.o(.text.init_peripherals) refers to gpio.o(.text.mygpio_init) for mygpio_init
    bsp.o(.text.init_peripherals) refers to adc.o(.text.myadc_init) for myadc_init
    bsp.o(.text.init_peripherals) refers to retarget.o(.text.RETARGET_SerialInit) for RETARGET_SerialInit
    bsp.o(.text.init_peripherals) refers to ustimer.o(.text.ustimer_init) for ustimer_init
    bsp.o(.ARM.exidx.text.init_peripherals) refers to bsp.o(.text.init_peripherals) for [Anonymous Symbol]
    bsp.o(.ARM.exidx.text.led_on) refers to bsp.o(.text.led_on) for [Anonymous Symbol]
    bsp.o(.ARM.exidx.text.led_off) refers to bsp.o(.text.led_off) for [Anonymous Symbol]
    tremo_it.o(.ARM.exidx.text.NMI_Handler) refers to tremo_it.o(.text.NMI_Handler) for [Anonymous Symbol]
    tremo_it.o(.text.HardFault_Handler) refers to puts.o(i.puts) for puts
    tremo_it.o(.text.HardFault_Handler) refers to tremo_delay.o(.text.delay_ms) for delay_ms
    tremo_it.o(.text.HardFault_Handler) refers to tremo_it.o(.text.__NVIC_SystemReset) for __NVIC_SystemReset
    tremo_it.o(.ARM.exidx.text.HardFault_Handler) refers to tremo_it.o(.text.HardFault_Handler) for [Anonymous Symbol]
    tremo_it.o(.ARM.exidx.text.__NVIC_SystemReset) refers to tremo_it.o(.text.__NVIC_SystemReset) for [Anonymous Symbol]
    tremo_it.o(.ARM.exidx.text.MemManage_Handler) refers to tremo_it.o(.text.MemManage_Handler) for [Anonymous Symbol]
    tremo_it.o(.ARM.exidx.text.BusFault_Handler) refers to tremo_it.o(.text.BusFault_Handler) for [Anonymous Symbol]
    tremo_it.o(.ARM.exidx.text.UsageFault_Handler) refers to tremo_it.o(.text.UsageFault_Handler) for [Anonymous Symbol]
    tremo_it.o(.ARM.exidx.text.SVC_Handler) refers to tremo_it.o(.text.SVC_Handler) for [Anonymous Symbol]
    tremo_it.o(.ARM.exidx.text.PendSV_Handler) refers to tremo_it.o(.text.PendSV_Handler) for [Anonymous Symbol]
    tremo_it.o(.text.SysTick_Handler) refers to tremo_it.o(.bss.adc_ticks) for adc_ticks
    tremo_it.o(.text.SysTick_Handler) refers to tremo_adc.o(.text.adc_start) for adc_start
    tremo_it.o(.text.SysTick_Handler) refers to radio_proc.o(.bss.master) for master
    tremo_it.o(.text.SysTick_Handler) refers to radio_proc.o(.bss.tx_ticks) for tx_ticks
    tremo_it.o(.text.SysTick_Handler) refers to radio_proc.o(.data.inter_packet_delay) for inter_packet_delay
    tremo_it.o(.text.SysTick_Handler) refers to radio_proc.o(.bss.txpacketnumber) for txpacketnumber
    tremo_it.o(.text.SysTick_Handler) refers to radio_proc.o(.bss.txpacketcount) for txpacketcount
    tremo_it.o(.text.SysTick_Handler) refers to radio_proc.o(.bss.tx_needed) for tx_needed
    tremo_it.o(.text.SysTick_Handler) refers to puts.o(i.puts) for puts
    tremo_it.o(.ARM.exidx.text.SysTick_Handler) refers to tremo_it.o(.text.SysTick_Handler) for [Anonymous Symbol]
    tremo_it.o(.ARM.exidx.text.PWR_IRQHandler) refers to tremo_it.o(.text.PWR_IRQHandler) for [Anonymous Symbol]
    retarget.o(.text.RETARGET_SerialInit) refers to stdout.o(.data) for __stdout
    retarget.o(.text.RETARGET_SerialInit) refers to uart.o(.text.myuart_init) for myuart_init
[...]
    [Anonymous Symbol]                       0x080061f4   Section        0  app_cli.o(.rodata.str1.1)
    .L.str.234                               0x080061fd   Data          66  app_cli.o(.rodata.str1.1)
    .L.str.235                               0x0800623f   Data          66  app_cli.o(.rodata.str1.1)
    .L.str.215                               0x08006281   Data          13  app_cli.o(.rodata.str1.1)
    .Lstr.347                                0x08006306   Data          11  app_cli.o(.rodata.str1.1)
    .Lstr.354                                0x08006311   Data          13  app_cli.o(.rodata.str1.1)
    .Lstr.307                                0x08006315   Data           9  app_cli.o(.rodata.str1.1)
    .Lstr.345                                0x0800632f   Data          16  app_cli.o(.rodata.str1.1)
    .Lstr.373                                0x0800633f   Data          21  app_cli.o(.rodata.str1.1)
    .Lstr.365                                0x08006391   Data          16  app_cli.o(.rodata.str1.1)
    .Lstr.355                                0x080063aa   Data          11  app_cli.o(.rodata.str1.1)
    .Lstr.346                                0x080063b5   Data          15  app_cli.o(.rodata.str1.1)
    .Lstr.321                                0x080063bf   Data           5  app_cli.o(.rodata.str1.1)
    .Lstr.356                                0x080063ea   Data          10  app_cli.o(.rodata.str1.1)
    .Lstr.322                                0x080063f0   Data           4  app_cli.o(.rodata.str1.1)
    .Lstr.348                                0x0800641a   Data           9  app_cli.o(.rodata.str1.1)
    .Lstr.344                                0x08006423   Data          19  app_cli.o(.rodata.str1.1)
    .Lstr.376                                0x08006436   Data          17  app_cli.o(.rodata.str1.1)
    .Lstr.318                                0x08006467   Data          10  app_cli.o(.rodata.str1.1)
    .Lstr.317                                0x08006471   Data          10  app_cli.o(.rodata.str1.1)
    .Lstr.374                                0x080064ac   Data          15  app_cli.o(.rodata.str1.1)
    .Lstr.282                                0x080064e1   Data          16  app_cli.o(.rodata.str1.1)
    .Lstr.290                                0x080064f1   Data          16  app_cli.o(.rodata.str1.1)
    .L.str.135                               0x08006521   Data           8  app_cli.o(.rodata.str1.1)
    .L.str.195                               0x08006529   Data           5  app_cli.o(.rodata.str1.1)
    .L.str.196                               0x0800652e   Data          10  app_cli.o(.rodata.str1.1)
    .L.str.181                               0x08006538   Data           4  app_cli.o(.rodata.str1.1)
    .L.str.188                               0x0800653c   Data           7  app_cli.o(.rodata.str1.1)
    .L.str.5                                 0x08006c1c   Data           1  app_cli.o(.rodata.str1.1)
    .Lstr.10                                 0x08006c1d   Data           6  radio_proc.o(.rodata.str1.1)
    [Anonymous Symbol]                       0x08006c1d   Section        0  radio_proc.o(.rodata.str1.1)
    .Lstr.16                                 0x08006c23   Data          85  command_interpreter.o(.rodata.str1.1)
    [Anonymous Symbol]                       0x08006c23   Section        0  command_interpreter.o(.rodata.str1.1)
    .Lstr.18                                 0x08006c76   Data           2  command_interpreter.o(.rodata.str1.1)
    .L.str.11                                0x08006c78   Data           5  command_interpreter.o(.rodata.str1.1)
    .data                                    0x20000000   Section        4  stdout.o(.data)
    _errno                                   0x20000004   Data           4  errno.o(.data)
    .data                                    0x20000004   Section        4  errno.o(.data)
    fac_us                                   0x20000614   Data           1  tremo_delay.o(.bss.fac_us)
    [Anonymous Symbol]                       0x20000614   Section        0  tremo_delay.o(.bss.fac_us)
    initialized                              0x2000161c   Data           1  retarget.o(.bss.initialized)
    [Anonymous Symbol]                       0x2000161c   Section        0  retarget.o(.bss.initialized)
    radio_proc.phase                         0x200016c0   Data           1  radio_proc.o(.bss.radio_proc.phase)
    [Anonymous Symbol]                       0x200016c0   Section        0  radio_proc.o(.bss.radio_proc.phase)
    rxCount                                  0x200018c4   Data           4  retarget.o(.bss.rxCount)
    [Anonymous Symbol]                       0x200018c4   Section        0  retarget.o(.bss.rxCount)
    rxReadIndex                              0x200018c8   Data           4  retarget.o(.bss.rxReadIndex)
    [Anonymous Symbol]                       0x200018c8   Section        0  retarget.o(.bss.rxReadIndex)
    rxWriteIndex                             0x200018cc   Data           4  retarget.o(.bss.rxWriteIndex)
    [Anonymous Symbol]                       0x200018cc   Section        0  retarget.o(.bss.rxWriteIndex)
    STACK                                    0x20001948   Section     2048  startup_tremo.o(STACK)

    Global Symbols

    Symbol Name                              Value     Ov Type        Size  Object(Section)

    BuildAttributes$$THM_ISAv4$E$P$D$K$B$S$7EM$VFPi3$EXTD16$VFPS$VFMA$PE$A:L22UL41UL21$X:L11$S22US41US21$IEEE1$IW$~IW$USESV6$~STKCKD$USESV7$~SHL$OTIME$ROPI$EBA8$MICROLIB$REQ8$PRES8$EABIv2 0x00000000   Number         0  anon$$obj.o ABSOLUTE
    _printf_a                                0x00000000   Number         0  printfstubs.o ABSOLUTE
    _printf_c                                0x00000000   Number         0  printfstubs.o ABSOLUTE
    _printf_charcount                        0x00000000   Number         0  printfstubs.o ABSOLUTE
    _printf_d                                0x00000000   Number         0  printfstubs.o ABSOLUTE
    _printf_e                                0x00000000   Number         0  printfstubs.o ABSOLUTE
    _printf_f                                0x00000000   Number         0  printfstubs.o ABSOLUTE
    _printf_flags                            0x00000000   Number         0  printfstubs.o ABSOLUTE
    _printf_fp_dec                           0x00000000   Number         0  printfstubs.o ABSOLUTE
    _printf_fp_hex                           0x00000000   Number         0  printfstubs.o ABSOLUTE
    _printf_g                                0x00000000   Number         0  printfstubs.o ABSOLUTE
    _printf_i                                0x00000000   Number         0  printfstubs.o ABSOLUTE
    _printf_int_dec                          0x00000000   Number         0  printfstubs.o ABSOLUTE
    _printf_l                                0x00000000   Number         0  printfstubs.o ABSOLUTE
    _printf_lc                               0x00000000   Number         0  printfstubs.o ABSOLUTE
    _printf_ll                               0x00000000   Number         0  printfstubs.o ABSOLUTE
    _printf_lld                              0x00000000   Number         0  printfstubs.o ABSOLUTE
    _printf_lli                              0x00000000   Number         0  printfstubs.o ABSOLUTE
    _printf_llo                              0x00000000   Number         0  printfstubs.o ABSOLUTE
    _printf_llu                              0x00000000   Number         0  printfstubs.o ABSOLUTE
    _printf_llx                              0x00000000   Number         0  printfstubs.o ABSOLUTE
    _printf_longlong_dec                     0x00000000   Number         0  printfstubs.o ABSOLUTE
    _printf_longlong_hex                     0x00000000   Number         0  printfstubs.o ABSOLUTE
    _printf_longlong_oct                     0x00000000   Number         0  printfstubs.o ABSOLUTE
    _printf_ls                               0x00000000   Number         0  printfstubs.o ABSOLUTE
    _printf_mbtowc                           0x00000000   Number         0  printfstubs.o ABSOLUTE
    _printf_n                                0x00000000   Number         0  printfstubs.o ABSOLUTE
    _printf_o                                0x00000000   Number         0  printfstubs.o ABSOLUTE
    _printf_p                                0x00000000   Number         0  printfstubs.o ABSOLUTE
    _printf_percent                          0x00000000   Number         0  printfstubs.o ABSOLUTE
    _printf_pre_padding                      0x00000000   Number         0  printfstubs.o ABSOLUTE
    _printf_return_value                     0x00000000   Number         0  printfstubs.o ABSOLUTE
    _printf_s                                0x00000000   Number         0  printfstubs.o ABSOLUTE
    _printf_sizespec                         0x00000000   Number         0  printfstubs.o ABSOLUTE
    _printf_str                              0x00000000   Number         0  printfstubs.o ABSOLUTE
    _printf_truncate_signed                  0x00000000   Number         0  printfstubs.o ABSOLUTE
    _printf_truncate_unsigned                0x00000000   Number         0  printfstubs.o ABSOLUTE
    _printf_u                                0x00000000   Number         0  printfstubs.o ABSOLUTE
    _printf_wc                               0x00000000   Number         0  printfstubs.o ABSOLUTE
    _printf_wctomb                           0x00000000   Number         0  printfstubs.o ABSOLUTE
    _printf_widthprec                        0x00000000   Number         0  printfstubs.o ABSOLUTE
    _printf_x                                0x00000000   Number         0  printfstubs.o ABSOLUTE
    __cpp_initialize__aeabi_                  - Undefined Weak Reference
    __cxa_finalize                            - Undefined Weak Reference
    _clock_init                               - Undefined Weak Reference
    _microlib_exit                            - Undefined Weak Reference
    __Vectors_Size                           0x000000d4   Number         0  startup_tremo.o ABSOLUTE
    __Vectors                                0x08000000   Data           4  startup_tremo.o(RESET)
    __Vectors_End                            0x080000d4   Data           0  startup_tremo.o(RESET)
    __main                                   0x080000d5   Thumb Code     0  entry.o(.ARM.Collect$$$$00000000)
    _main_stk                                0x080000d5   Thumb Code     0  entry2.o(.ARM.Collect$$$$00000001)
    _main_scatterload                        0x080000d9   Thumb Code     0  entry5.o(.ARM.Collect$$$$00000004)
    __main_after_scatterload                 0x080000dd   Thumb Code     0  entry5.o(.ARM.Collect$$$$00000004)
    _main_clock                              0x080000dd   Thumb Code     0  entry7b.o(.ARM.Collect$$$$00000008)
    _main_cpp_init                           0x080000dd   Thumb Code     0  entry8b.o(.ARM.Collect$$$$0000000A)
    _main_init                               0x080000dd   Thumb Code     0  entry9a.o(.ARM.Collect$$$$0000000B)
    __rt_final_cpp                           0x080000e5   Thumb Code     0  entry10a.o(.ARM.Collect$$$$0000000D)
    __rt_final_exit                          0x080000e5   Thumb Code     0  entry11a.o(.ARM.Collect$$$$0000000F)
    Reset_Handler                            0x080000e9   Thumb Code     8  startup_tremo.o(.text)
    DebugMon_Handler                         0x080000fd   Thumb Code     2  startup_tremo.o(.text)
    AFEC_IRQHandler                          0x08000103   Thumb Code     0  startup_tremo.o(.text)
    BSTIMER0_IRQHandler                      0x08000103   Thumb Code     0  startup_tremo.o(.text)
    BSTIMER1_IRQHandler                      0x08000103   Thumb Code     0  startup_tremo.o(.text)
    DAC_IRQHandler                           0x08000103   Thumb Code     0  startup_tremo.o(.text)
    DMA0_IRQHandler                          0x08000103   Thumb Code     0  startup_tremo.o(.text)
    DMA1IRQHandler                           0x08000103   Thumb Code     0  startup_tremo.o(.text)
    DMA1_IRQHandler                          0x08000103   Thumb Code     0  startup_tremo.o(.text)
    EFC_IRQHandler                           0x08000103   Thumb Code     0  startup_tremo.o(.text)
    GPIO_IRQHandler                          0x08000103   Thumb Code     0  startup_tremo.o(.text)
    I2C0_IRQHandler                          0x08000103   Thumb Code     0  startup_tremo.o(.text)
    I2C1_IRQHandler                          0x08000103   Thumb Code     0  startup_tremo.o(.text)
    I2C2_IRQHandler                          0x08000103   Thumb Code     0  startup_tremo.o(.text)
    I2S_IRQHandler                           0x08000103   Thumb Code     0  startup_tremo.o(.text)
    IWDG_IRQHandler                          0x08000103   Thumb Code     0  startup_tremo.o(.text)
    LCD_IRQHandler                           0x08000103   Thumb Code     0  startup_tremo.o(.text)
    LPTIMER0_IRQHandler                      0x08000103   Thumb Code     0  startup_tremo.o(.text)
    LPTIMER1_IRQHandler                      0x08000103   Thumb Code     0  startup_tremo.o(.text)
    LPUART_IRQHandler                        0x08000103   Thumb Code     0  startup_tremo.o(.text)
    QSPI_IRQHandler                          0x08000103   Thumb Code     0  startup_tremo.o(.text)
    RTC_IRQHandler                           0x08000103   Thumb Code     0  startup_tremo.o(.text)
    SAC_IRQHandler                           0x08000103   Thumb Code     0  startup_tremo.o(.text)
    SCC_IRQHandler                           0x08000103   Thumb Code     0  startup_tremo.o(.text)
    SEC_IRQHandler                           0x08000103   Thumb Code     0  startup_tremo.o(.text)
    SSP0_IRQHandler                          0x08000103   Thumb Code     0  startup_tremo.o(.text)
    SSP1_IRQHandler                          0x08000103   Thumb Code     0  startup_tremo.o(.text)
    SSP2_IRQHandler                          0x08000103   Thumb Code     0  startup_tremo.o(.text)
    TIMER1_IRQHandler                        0x08000103   Thumb Code     0  startup_tremo.o(.text)
    TIMER2_IRQHandler                        0x08000103   Thumb Code     0  startup_tremo.o(.text)
    TIMER3_IRQHandler                        0x08000103   Thumb Code     0  startup_tremo.o(.text)
    UART2_IRQHandler                         0x08000103   Thumb Code     0  startup_tremo.o(.text)
    UART3_IRQHandler                         0x08000103   Thumb Code     0  startup_tremo.o(.text)
    WDG_IRQHandler                           0x08000103   Thumb Code     0  startup_tremo.o(.text)
    ___aeabi_memcpy8$move                    0x0800010d   Thumb Code     0  memmovea.o(.text)
    __aeabi_memcpy                           0x0800010d   Thumb Code    64  memmovea.o(.text)
    __aeabi_memcpy4                          0x0800010d   Thumb Code     0  memmovea.o(.text)
    __aeabi_memmove                          0x0800010d   Thumb Code     0  memmovea.o(.text)
    __aeabi_memmove4                         0x0800010d   Thumb Code     0  memmovea.o(.text)
    __aeabi_memmove8                         0x0800010d   Thumb Code     0  memmovea.o(.text)
    strchr                                   0x0800014d   Thumb Code    20  strchr.o(.text)
    strlen                                   0x08000161   Thumb Code    14  strlen.o(.text)
    strcmp                                   0x0800016f   Thumb Code    28  strcmp.o(.text)
    strspn                                   0x0800018b   Thumb Code    28  strspn.o(.text)
    strcspn                                  0x080001a7   Thumb Code    34  strcspn.o(.text)
    strcasecmp                               0x080001c9   Thumb Code    42  strcasecmp.o(.text)
    strtol                                   0x080001f3   Thumb Code   112  strtol.o(.text)
    strtoul                                  0x08000263   Thumb Code   114  strtoul.o(.text)
    __aeabi_dadd                             0x080002d5   Thumb Code   322  dadd.o(.text)
    __aeabi_dsub                             0x08000417   Thumb Code     6  dadd.o(.text)
    __aeabi_drsub                            0x0800041d   Thumb Code     6  dadd.o(.text)
    __aeabi_dmul                             0x08000423   Thumb Code   228  dmul.o(.text)
    __aeabi_ddiv                             0x08000507   Thumb Code   222  ddiv.o(.text)
    __aeabi_ui2d                             0x080005e5   Thumb Code    26  dfltui.o(.text)
    __aeabi_d2uiz                            0x080005ff   Thumb Code    50  dfixui.o(.text)
    __aeabi_f2d                              0x08000631   Thumb Code    38  f2d.o(.text)
    __aeabi_d2f                              0x08000657   Thumb Code    56  d2f.o(.text)
    __aeabi_uidiv                            0x0800068f   Thumb Code     0  uidiv.o(.text)
    __aeabi_uidivmod                         0x0800068f   Thumb Code    44  uidiv.o(.text)
    __aeabi_uldivmod                         0x080006bb   Thumb Code    98  uldiv.o(.text)
    __aeabi_llsl                             0x0800071d   Thumb Code    30  llshl.o(.text)
    _ll_shift_l                              0x0800071d   Thumb Code     0  llshl.o(.text)
    __aeabi_llsr                             0x0800073b   Thumb Code    32  llushr.o(.text)
    _ll_ushift_r                             0x0800073b   Thumb Code     0  llushr.o(.text)
    __aeabi_lasr                             0x0800075b   Thumb Code    36  llsshr.o(.text)
    _ll_sshift_r                             0x0800075b   Thumb Code     0  llsshr.o(.text)
    __rt_ctype_table                         0x08000781   Thumb Code     4  ctype_o.o(.text)
    tolower                                  0x08000789   Thumb Code    12  tolower.o(.text)
    _strtoul                                 0x08000795   Thumb Code   158  _strtoul.o(.text)
    __I$use$fp                               0x08000833   Thumb Code     0  iusefp.o(.text)
    _float_round                             0x08000833   Thumb Code    18  fepilogue.o(.text)
    _float_epilogue                          0x08000845   Thumb Code    92  fepilogue.o(.text)
    _double_round                            0x080008a1   Thumb Code    30  depilogue.o(.text)
    _double_epilogue                         0x080008bf   Thumb Code   156  depilogue.o(.text)
    __aeabi_d2ulz                            0x0800095b   Thumb Code    48  dfixul.o(.text)
    __aeabi_cdrcmple                         0x0800098d   Thumb Code    48  cdrcmple.o(.text)
    __scatterload                            0x080009bd   Thumb Code    38  init.o(.text)
    __scatterload_rt2                        0x080009bd   Thumb Code     0  init.o(.text)
    _chval                                   0x080009ed   Thumb Code    28  _chval.o(.text)
    __decompress                             0x08000a09   Thumb Code     0  __dclz77c.o(.text)
    __decompress2                            0x08000a09   Thumb Code    94  __dclz77c.o(.text)
    ADC_IRQHandler                           0x08000a69   Thumb Code   120  adc.o(.text.ADC_IRQHandler)
    BusFault_Handler                         0x08000ae9   Thumb Code     2  tremo_it.o(.text.BusFault_Handler)
    HardFault_Handler                        0x08000aed   Thumb Code    16  tremo_it.o(.text.HardFault_Handler)
    LORA_IRQHandler                          0x08000b11   Thumb Code    68  radio_proc.o(.text.LORA_IRQHandler)
    MemManage_Handler                        0x08000b55   Thumb Code     2  tremo_it.o(.text.MemManage_Handler)
    NMI_Handler                              0x08000b57   Thumb Code     2  tremo_it.o(.text.NMI_Handler)
    PWR_IRQHandler                           0x08000b59   Thumb Code     2  tremo_it.o(.text.PWR_IRQHandler)
    PendSV_Handler                           0x08000b5b   Thumb Code     2  tremo_it.o(.text.PendSV_Handler)
    RADIO_setctune                           0x08000b5d   Thumb Code    82  radio_proc.o(.text.RADIO_setctune)
    RETARGET_ReadChar                        0x08000baf   Thumb Code   112  retarget.o(.text.RETARGET_ReadChar)
    RETARGET_SerialInit                      0x08000c1f   Thumb Code    44  retarget.o(.text.RETARGET_SerialInit)
    SVC_Handler                              0x08000c4b   Thumb Code     2  tremo_it.o(.text.SVC_Handler)
    SX126X_CalibrateImage                    0x08000c4d   Thumb Code    28  sx126x.o(.text.SX126X_CalibrateImage)
    SX126X_ClearIrqStatus                    0x08000c69   Thumb Code    20  sx126x.o(.text.SX126X_ClearIrqStatus)
    SX126X_FskConfig                         0x08000c7d   Thumb Code   148  sx126x_proc.o(.text.SX126X_FskConfig)
    SX126X_GetFskPacketStatus                0x08000d11   Thumb Code    50  sx126x.o(.text.SX126X_GetFskPacketStatus)
    SX126X_GetIrqStatus                      0x08000d43   Thumb Code    28  sx126x.o(.text.SX126X_GetIrqStatus)
    SX126X_GetLoRaPacketStatus               0x08000d5f   Thumb Code    50  sx126x.o(.text.SX126X_GetLoRaPacketStatus)
    SX126X_GetRssiInst                       0x08000d91   Thumb Code    24  sx126x.o(.text.SX126X_GetRssiInst)
    SX126X_GetStatus                         0x08000da9   Thumb Code    24  sx126x.o(.text.SX126X_GetStatus)
    SX126X_LoRaConfig                        0x08000dc1   Thumb Code   108  sx126x_proc.o(.text.SX126X_LoRaConfig)
    SX126X_SetBufferBaseAddress              0x08000e2d   Thumb Code    28  sx126x.o(.text.SX126X_SetBufferBaseAddress)
    SX126X_SetCW                             0x08000e49   Thumb Code    20  sx126x.o(.text.SX126X_SetCW)
    SX126X_SetChannel                        0x08000e61   Thumb Code    64  sx126x_proc.o(.text.SX126X_SetChannel)
    SX126X_SetDIO2AsRfSwitchCtrl             0x08000ea9   Thumb Code    24  sx126x.o(.text.SX126X_SetDIO2AsRfSwitchCtrl)
    SX126X_SetDIO3AsTCXOCtrl                 0x08000ec1   Thumb Code    48  sx126x.o(.text.SX126X_SetDIO3AsTCXOCtrl)
    SX126X_SetDioIrqParams                   0x08000ef1   Thumb Code    60  sx126x.o(.text.SX126X_SetDioIrqParams)
    SX126X_SetFs                             0x08000f2d   Thumb Code    10  sx126x.o(.text.SX126X_SetFs)
    SX126X_SetFskAddr                        0x08000f37   Thumb Code    28  sx126x.o(.text.SX126X_SetFskAddr)
    SX126X_SetFskCrcWhitening                0x08000f53   Thumb Code    88  sx126x.o(.text.SX126X_SetFskCrcWhitening)
    SX126X_SetFskModParams                   0x08000fab   Thumb Code   136  sx126x.o(.text.SX126X_SetFskModParams)
    SX126X_SetFskPacketParams                0x08001033   Thumb Code   100  sx126x.o(.text.SX126X_SetFskPacketParams)
    SX126X_SetFskSyncWord                    0x08001099   Thumb Code    28  sx126x.o(.text.SX126X_SetFskSyncWord)
    SX126X_SetLoRaModParams                  0x080010b5   Thumb Code    86  sx126x.o(.text.SX126X_SetLoRaModParams)
    SX126X_SetLoRaPacketParams               0x0800110b   Thumb Code    80  sx126x.o(.text.SX126X_SetLoRaPacketParams)
    SX126X_SetPaConfig                       0x0800115b   Thumb Code    42  sx126x.o(.text.SX126X_SetPaConfig)
    SX126X_SetPacketType                     0x08001185   Thumb Code    24  sx126x.o(.text.SX126X_SetPacketType)
    SX126X_SetRegulatorMode                  0x0800119d   Thumb Code    30  sx126x.o(.text.SX126X_SetRegulatorMode)
    SX126X_SetRfFrequency                    0x080011bb   Thumb Code    22  sx126x.o(.text.SX126X_SetRfFrequency)
    SX126X_SetRx                             0x080011d1   Thumb Code    52  sx126x.o(.text.SX126X_SetRx)
    SX126X_SetSleep                          0x08001205   Thumb Code    28  sx126x.o(.text.SX126X_SetSleep)
    SX126X_SetStandby                        0x08001221   Thumb Code    30  sx126x.o(.text.SX126X_SetStandby)
    SX126X_SetTx                             0x0800123f   Thumb Code    52  sx126x.o(.text.SX126X_SetTx)
    SX126X_SetTxInfinitePreamble             0x08001273   Thumb Code    20  sx126x.o(.text.SX126X_SetTxInfinitePreamble)
    SX126X_SetTxParams                       0x08001287   Thumb Code   100  sx126x.o(.text.SX126X_SetTxParams)
    SX126X_Wakeup                            0x080012eb   Thumb Code    44  sx126x_interface.o(.text.SX126X_Wakeup)
    SX126X_config                            0x08001317   Thumb Code   198  sx126x_proc.o(.text.SX126X_config)
    SX126X_initconfigstructure               0x080013dd   Thumb Code   248  sx126x_proc.o(.text.SX126X_initconfigstructure)
    SX126X_readBuffer                        0x080014e9   Thumb Code   102  sx126x_interface.o(.text.SX126X_readBuffer)
    SX126X_readCmd                           0x08001551   Thumb Code   102  sx126x_interface.o(.text.SX126X_readCmd)
    SX126X_readReg                           0x080015b7   Thumb Code    22  sx126x_interface.o(.text.SX126X_readReg)
    SX126X_readRegs                          0x080015cd   Thumb Code   116  sx126x_interface.o(.text.SX126X_readRegs)
    SX126X_rfsw_rx                           0x08001641   Thumb Code     4  sx126x_interface.o(.text.SX126X_rfsw_rx)
    SX126X_rfsw_tx                           0x08001645   Thumb Code     4  sx126x_interface.o(.text.SX126X_rfsw_tx)
    SX126X_setopmode                         0x08001649   Thumb Code   168  sx126x_proc.o(.text.SX126X_setopmode)
    SX126X_writeBuffer                       0x080016f1   Thumb Code    90  sx126x_interface.o(.text.SX126X_writeBuffer)
    SX126X_writeCmd                          0x0800174d   Thumb Code   106  sx126x_interface.o(.text.SX126X_writeCmd)
    SX126X_writeReg                          0x080017b7   Thumb Code    22  sx126x_interface.o(.text.SX126X_writeReg)
    SX126X_writeRegs                         0x080017cd   Thumb Code   120  sx126x_interface.o(.text.SX126X_writeRegs)
    SysTick_Handler                          0x08001845   Thumb Code   140  tremo_it.o(.text.SysTick_Handler)
    SystemInit                               0x080018e5   Thumb Code    88  system_tremo.o(.text.SystemInit)
    TIMER0_IRQHandler                        0x0800193d   Thumb Code    54  ustimer.o(.text.TIMER0_IRQHandler)
    UART0_IRQHandler                         0x08001973   Thumb Code     4  uart.o(.text.UART0_IRQHandler)
    UART1_IRQHandler                         0x08001977   Thumb Code     2  uart.o(.text.UART1_IRQHandler)
    UsageFault_Handler                       0x08001979   Thumb Code     2  tremo_it.o(.text.UsageFault_Handler)
    adc_clear_interrupt_status               0x080019c5   Thumb Code    26  tremo_adc.o(.text.adc_clear_interrupt_status)
    adc_config_clock_division                0x080019df   Thumb Code    36  tremo_adc.o(.text.adc_config_clock_division)
    adc_config_conv_mode                     0x08001a03   Thumb Code    24  tremo_adc.o(.text.adc_config_conv_mode)
    adc_config_interrupt                     0x08001a1b   Thumb Code    24  tremo_adc.o(.text.adc_config_interrupt)
    adc_config_ref_voltage                   0x08001a33   Thumb Code    32  tremo_adc.o(.text.adc_config_ref_voltage)
    adc_config_sample_sequence               0x08001a53   Thumb Code    60  tremo_adc.o(.text.adc_config_sample_sequence)
    adc_enable                               0x08001a8f   Thumb Code    42  tremo_adc.o(.text.adc_enable)
    adc_enable_vbat31                        0x08001ab9   Thumb Code    22  tremo_adc.o(.text.adc_enable_vbat31)
    adc_get_calibration_value                0x08001ad1   Thumb Code   152  tremo_adc.o(.text.adc_get_calibration_value)
    adc_get_data                             0x08001b89   Thumb Code    16  tremo_adc.o(.text.adc_get_data)
    adc_get_interrupt_status                 0x08001b99   Thumb Code    22  tremo_adc.o(.text.adc_get_interrupt_status)
    adc_init                                 0x08001baf   Thumb Code    22  tremo_adc.o(.text.adc_init)
    adc_start                                0x08001bc5   Thumb Code    42  tremo_adc.o(.text.adc_start)
    aes_crypto                               0x08001bf1   Thumb Code   116  aes.o(.text.aes_crypto)
    aes_decrypt                              0x08001c65   Thumb Code     8  aes_proc.o(.text.aes_decrypt)
    aes_encrypt                              0x08001c6d   Thumb Code     8  aes_proc.o(.text.aes_encrypt)
    aes_init                                 0x08001c75   Thumb Code   194  aes.o(.text.aes_init)
    aes_proc_init                            0x08001d37   Thumb Code    34  aes_proc.o(.text.aes_proc_init)
    cbRETARGET_Rx                            0x08001d59   Thumb Code   106  retarget.o(.text.cbRETARGET_Rx)
    ciErrorCallback                          0x08001dc5   Thumb Code    16  app_cli.o(.text.ciErrorCallback)
    ciGetSigned                              0x08001de1   Thumb Code     8  command_interpreter.o(.text.ciGetSigned)
    ciGetUnsigned                            0x08001de9   Thumb Code     8  command_interpreter.o(.text.ciGetUnsigned)
    ciInitState                              0x08001df1   Thumb Code    34  command_interpreter.o(.text.ciInitState)
    ciPrintHelp                              0x08001e15   Thumb Code   252  command_interpreter.o(.text.ciPrintHelp)
    ciProcessInput                           0x08001f4d   Thumb Code   700  command_interpreter.o(.text.ciProcessInput)
    cli_aesenable                            0x08002215   Thumb Code    48  app_cli.o(.text.cli_aesenable)
    cli_dumpregs                             0x08002261   Thumb Code    68  app_cli.o(.text.cli_dumpregs)
    cli_fs_getaddr                           0x080022c1   Thumb Code    24  app_cli.o(.text.cli_fs_getaddr)
    cli_fs_getcrcwhite                       0x080022f9   Thumb Code    32  app_cli.o(.text.cli_fs_getcrcwhite)
    cli_fs_getmodparams                      0x08002319   Thumb Code    72  app_cli.o(.text.cli_fs_getmodparams)
    cli_fs_getpacketparams                   0x0800239d   Thumb Code   192  app_cli.o(.text.cli_fs_getpacketparams)
    cli_fs_getsync                           0x080024b5   Thumb Code    68  app_cli.o(.text.cli_fs_getsync)
    cli_fs_setaddr                           0x08002509   Thumb Code    72  app_cli.o(.text.cli_fs_setaddr)
    cli_fs_setcrcwhite                       0x08002585   Thumb Code    96  app_cli.o(.text.cli_fs_setcrcwhite)
    cli_fs_setmodparams                      0x08002601   Thumb Code   464  app_cli.o(.text.cli_fs_setmodparams)
    cli_fs_setpacketparams                   0x080028e1   Thumb Code   328  app_cli.o(.text.cli_fs_setpacketparams)
    cli_fs_setsync                           0x08002a9d   Thumb Code   120  app_cli.o(.text.cli_fs_setsync)
    cli_getRSSI                              0x08002b39   Thumb Code    44  app_cli.o(.text.cli_getRSSI)
    cli_getaeskey                            0x08002b7d   Thumb Code   128  app_cli.o(.text.cli_getaeskey)
    cli_getautosendparams                    0x08002c31   Thumb Code    24  app_cli.o(.text.cli_getautosendparams)
    cli_getchannel                           0x08002c65   Thumb Code    20  app_cli.o(.text.cli_getchannel)
    cli_getctune                             0x08002c8d   Thumb Code    32  app_cli.o(.text.cli_getctune)
    cli_getdevid                             0x08002cbd   Thumb Code    16  app_cli.o(.text.cli_getdevid)
    cli_getfreq                              0x08002ce1   Thumb Code    20  app_cli.o(.text.cli_getfreq)
    cli_getgpsdata                           0x08002d09   Thumb Code     8  app_cli.o(.text.cli_getgpsdata)
    cli_getmodem                             0x08002d21   Thumb Code    24  app_cli.o(.text.cli_getmodem)
    cli_getopmode                            0x08002d5d   Thumb Code    32  app_cli.o(.text.cli_getopmode)
    cli_getpower                             0x08002d9d   Thumb Code    20  app_cli.o(.text.cli_getpower)
    cli_getramptime                          0x08002dc5   Thumb Code    16  app_cli.o(.text.cli_getramptime)
    cli_getrxcount                           0x08002ded   Thumb Code     8  app_cli.o(.text.cli_getrxcount)
    cli_getsleepparams                       0x08002e09   Thumb Code     8  app_cli.o(.text.cli_getsleepparams)
    cli_getstatus                            0x08002e29   Thumb Code    20  app_cli.o(.text.cli_getstatus)
    cli_gettimeouts                          0x08002e55   Thumb Code    44  app_cli.o(.text.cli_gettimeouts)
    cli_getver                               0x08002e99   Thumb Code    12  app_cli.o(.text.cli_getver)
    cli_getvt                                0x08002ec5   Thumb Code    60  app_cli.o(.text.cli_getvt)
    cli_getxoparams                          0x08002f19   Thumb Code    24  app_cli.o(.text.cli_getxoparams)
    cli_info                                 0x08002f49   Thumb Code    24  app_cli.o(.text.cli_info)
    cli_init                                 0x08002f75   Thumb Code    32  app_cli.o(.text.cli_init)
    cli_initconfig                           0x08002f95   Thumb Code    32  app_cli.o(.text.cli_initconfig)
    cli_lr_getmodparams                      0x08002fe1   Thumb Code   144  app_cli.o(.text.cli_lr_getmodparams)
    cli_lr_getpacketparams                   0x0800309d   Thumb Code   128  app_cli.o(.text.cli_lr_getpacketparams)
    cli_lr_getsymboltimeout                  0x08003155   Thumb Code     8  app_cli.o(.text.cli_lr_getsymboltimeout)
    cli_lr_getsync                           0x0800317d   Thumb Code    16  app_cli.o(.text.cli_lr_getsync)
    cli_lr_setmodparams                      0x080031a9   Thumb Code   352  app_cli.o(.text.cli_lr_setmodparams)
    cli_lr_setpacketparams                   0x08003399   Thumb Code   224  app_cli.o(.text.cli_lr_setpacketparams)
    cli_lr_setsymboltimeout                  0x080034cd   Thumb Code    24  app_cli.o(.text.cli_lr_setsymboltimeout)
    cli_lr_setsync                           0x0800351d   Thumb Code    48  app_cli.o(.text.cli_lr_setsync)
    cli_proc                                 0x08003579   Thumb Code    42  app_cli.o(.text.cli_proc)
    cli_readreg                              0x080035a5   Thumb Code    28  app_cli.o(.text.cli_readreg)
    cli_reset                                0x080035d5   Thumb Code    16  app_cli.o(.text.cli_reset)
    cli_sendburst                            0x080035f1   Thumb Code    92  app_cli.o(.text.cli_sendburst)
    cli_setaesiv                             0x08003665   Thumb Code    68  app_cli.o(.text.cli_setaesiv)
    cli_setaeskey                            0x080036b9   Thumb Code    68  app_cli.o(.text.cli_setaeskey)
    cli_setautosendparams                    0x0800370d   Thumb Code    72  app_cli.o(.text.cli_setautosendparams)
    cli_setchannel                           0x08003771   Thumb Code    36  app_cli.o(.text.cli_setchannel)
    cli_setctune                             0x080037a9   Thumb Code    36  app_cli.o(.text.cli_setctune)
    cli_setdevid                             0x080037dd   Thumb Code    36  app_cli.o(.text.cli_setdevid)
    cli_setem                                0x08003815   Thumb Code     8  app_cli.o(.text.cli_setem)
    cli_setfreq                              0x0800382d   Thumb Code    48  app_cli.o(.text.cli_setfreq)
    cli_setmodem                             0x08003871   Thumb Code    52  app_cli.o(.text.cli_setmodem)
    cli_setopmode                            0x080038dd   Thumb Code    72  app_cli.o(.text.cli_setopmode)
    cli_setpaconfig                          0x08003945   Thumb Code    56  app_cli.o(.text.cli_setpaconfig)
    cli_setpower                             0x08003995   Thumb Code    60  app_cli.o(.text.cli_setpower)
    cli_setramptime                          0x080039e5   Thumb Code   104  app_cli.o(.text.cli_setramptime)
    cli_setsleepparams                       0x08003a65   Thumb Code     8  app_cli.o(.text.cli_setsleepparams)
    cli_settimeouts                          0x08003a85   Thumb Code    72  app_cli.o(.text.cli_settimeouts)
    cli_setxoparams                          0x08003ae5   Thumb Code    52  app_cli.o(.text.cli_setxoparams)
    cli_startrxcount                         0x08003b31   Thumb Code     8  app_cli.o(.text.cli_startrxcount)
    cli_stopburst                            0x08003b51   Thumb Code    40  app_cli.o(.text.cli_stopburst)
    cli_stoprxcount                          0x08003b99   Thumb Code     8  app_cli.o(.text.cli_stoprxcount)
    cli_storechannel                         0x08003bb5   Thumb Code    40  app_cli.o(.text.cli_storechannel)
    cli_storeconfig                          0x08003bf1   Thumb Code    16  app_cli.o(.text.cli_storeconfig)
    cli_sweeprx                              0x08003c15   Thumb Code   156  app_cli.o(.text.cli_sweeprx)
    cli_sweeptx                              0x08003cd5   Thumb Code   292  app_cli.o(.text.cli_sweeptx)
    cli_txstream                             0x08003e1d   Thumb Code   144  app_cli.o(.text.cli_txstream)
    cli_writereg                             0x08003ead   Thumb Code    48  app_cli.o(.text.cli_writereg)
    delay_init                               0x08003ef9   Thumb Code    98  tremo_delay.o(.text.delay_init)
    delay_ms                                 0x08003f5d   Thumb Code    64  tremo_delay.o(.text.delay_ms)
    delay_us                                 0x08003f9d   Thumb Code    60  tremo_delay.o(.text.delay_us)
    flash_erase_page                         0x08003fd9   Thumb Code   108  tremo_flash.o(.text.flash_erase_page)
    flash_program_bytes                      0x08004045   Thumb Code   206  tremo_flash.o(.text.flash_program_bytes)
    fputc                                    0x08004115   Thumb Code    36  retarget.o(.text.fputc)
    gpio_init                                0x08004139   Thumb Code   372  tremo_gpio.o(.text.gpio_init)
    gpio_set_iomux                           0x080042ad   Thumb Code    68  tremo_gpio.o(.text.gpio_set_iomux)
    gpio_write                               0x080042f1   Thumb Code   188  tremo_gpio.o(.text.gpio_write)
    init_peripherals                         0x080043ad   Thumb Code    22  bsp.o(.text.init_peripherals)
    init_power_clk                           0x080043c3   Thumb Code    58  bsp.o(.text.init_power_clk)
    led_off                                  0x080043fd   Thumb Code     2  bsp.o(.text.led_off)
    led_on                                   0x080043ff   Thumb Code     2  bsp.o(.text.led_on)
    lorac_init                               0x08004401   Thumb Code    90  lorac.o(.text.lorac_init)
    lorac_reset                              0x0800445d   Thumb Code    68  lorac.o(.text.lorac_reset)
    lorac_rfsw_rx                            0x080044a1   Thumb Code    16  lorac.o(.text.lorac_rfsw_rx)
    lorac_rfsw_tx                            0x080044b1   Thumb Code    16  lorac.o(.text.lorac_rfsw_tx)
    lorac_transfer                           0x080044c1   Thumb Code    28  lorac.o(.text.lorac_transfer)
    lorac_wait_on_busy                       0x080044dd   Thumb Code    24  lorac.o(.text.lorac_wait_on_busy)
    main                                     0x080044f5   Thumb Code    56  main.o(.text.main)
    myadc_init                               0x0800453d   Thumb Code   156  adc.o(.text.myadc_init)
    mygpio_init                              0x080045dd   Thumb Code    38  gpio.o(.text.mygpio_init)
    myuart_init                              0x08004603   Thumb Code   108  uart.o(.text.myuart_init)
    preparepacketcommon                      0x0800466f   Thumb Code   132  radio_proc.o(.text.preparepacketcommon)
    printRxPacket                            0x080046f5   Thumb Code   208  radio_proc.o(.text.printRxPacket)
    radio_init                               0x08004805   Thumb Code    80  radio_proc.o(.text.radio_init)
    radio_proc                               0x0800489d   Thumb Code   724  radio_proc.o(.text.radio_proc)
    radio_startburst                         0x08004b8d   Thumb Code    46  radio_proc.o(.text.radio_startburst)
    rcc_enable_oscillator                    0x08004bbd   Thumb Code   270  tremo_rcc.o(.text.rcc_enable_oscillator)
    rcc_enable_peripheral_clk                0x08004ccd   Thumb Code  1320  tremo_rcc.o(.text.rcc_enable_peripheral_clk)
    rcc_get_clk_freq                         0x080051f5   Thumb Code    92  tremo_rcc.o(.text.rcc_get_clk_freq)
    rcc_get_uart0_clk_source                 0x0800526d   Thumb Code    14  tremo_rcc.o(.text.rcc_get_uart0_clk_source)
    rcc_get_uart1_clk_source                 0x0800527b   Thumb Code    14  tremo_rcc.o(.text.rcc_get_uart1_clk_source)
    rcc_get_uart2_clk_source                 0x08005289   Thumb Code    14  tremo_rcc.o(.text.rcc_get_uart2_clk_source)
    rcc_get_uart3_clk_source                 0x08005297   Thumb Code    14  tremo_rcc.o(.text.rcc_get_uart3_clk_source)
    rcc_set_adc_clk_source                   0x080052a5   Thumb Code    38  tremo_rcc.o(.text.rcc_set_adc_clk_source)
    rcc_set_hclk_div                         0x080052cb   Thumb Code    16  tremo_rcc.o(.text.rcc_set_hclk_div)
    rcc_set_pclk_div                         0x080052db   Thumb Code    28  tremo_rcc.o(.text.rcc_set_pclk_div)
    rcc_set_sys_clk_source                   0x080052f7   Thumb Code    16  tremo_rcc.o(.text.rcc_set_sys_clk_source)
    rcc_set_systick_source                   0x08005307   Thumb Code    44  tremo_rcc.o(.text.rcc_set_systick_source)
    rcc_set_uart0_clk_source                 0x08005335   Thumb Code    38  tremo_rcc.o(.text.rcc_set_uart0_clk_source)
    readconfig                               0x0800535b   Thumb Code    26  flash.o(.text.readconfig)
    strtok_r                                 0x08005375   Thumb Code    56  command_interpreter.o(.text.strtok_r)
    timer_clear_status                       0x080053ad   Thumb Code    10  tremo_timer.o(.text.timer_clear_status)
    timer_cmd                                0x080053b7   Thumb Code    12  tremo_timer.o(.text.timer_cmd)
    timer_config_interrupt                   0x080053c3   Thumb Code    16  tremo_timer.o(.text.timer_config_interrupt)
    timer_generate_event                     0x080053d3   Thumb Code    16  tremo_timer.o(.text.timer_generate_event)
    timer_get_status                         0x080053e3   Thumb Code    16  tremo_timer.o(.text.timer_get_status)
    timer_init                               0x080053f3   Thumb Code    68  tremo_timer.o(.text.timer_init)
    uart_cmd                                 0x08005437   Thumb Code    12  tremo_uart.o(.text.uart_cmd)
    uart_config_init                         0x08005443   Thumb Code    24  tremo_uart.o(.text.uart_config_init)
    uart_config_interrupt                    0x0800545b   Thumb Code    16  tremo_uart.o(.text.uart_config_interrupt)
    uart_get_flag_status                     0x0800546b   Thumb Code    10  tremo_uart.o(.text.uart_get_flag_status)
    uart_init                                0x08005475   Thumb Code   312  tremo_uart.o(.text.uart_init)
    uart_receive_data                        0x080055b9   Thumb Code    12  tremo_uart.o(.text.uart_receive_data)
    uart_send_data                           0x080055c5   Thumb Code    10  tremo_uart.o(.text.uart_send_data)
    ustimer_init                             0x080055cf   Thumb Code   126  ustimer.o(.text.ustimer_init)
    ustimer_setinterval                      0x0800564d   Thumb Code    12  ustimer.o(.text.ustimer_setinterval)
    ustimer_start                            0x08005659   Thumb Code    14  ustimer.o(.text.ustimer_start)
    ustimer_stop                             0x08005667   Thumb Code    14  ustimer.o(.text.ustimer_stop)
    writeconfig                              0x080056cd   Thumb Code    56  flash.o(.text.writeconfig)
    __0printf                                0x08005705   Thumb Code    22  printfa.o(i.__0printf)
    __1printf                                0x08005705   Thumb Code     0  printfa.o(i.__0printf)
    __2printf                                0x08005705   Thumb Code     0  printfa.o(i.__0printf)
    __c89printf                              0x08005705   Thumb Code     0  printfa.o(i.__0printf)
    printf                                   0x08005705   Thumb Code     0  printfa.o(i.__0printf)
    __aeabi_errno_addr                       0x08005725   Thumb Code     4  errno.o(i.__aeabi_errno_addr)
    __rt_errno_addr                          0x08005725   Thumb Code     0  errno.o(i.__aeabi_errno_addr)
    __scatterload_copy                       0x0800572d   Thumb Code    14  handlers.o(i.__scatterload_copy)
    __scatterload_null                       0x0800573b   Thumb Code     2  handlers.o(i.__scatterload_null)
    __scatterload_zeroinit                   0x0800573d   Thumb Code    14  handlers.o(i.__scatterload_zeroinit)
    puts                                     0x08006001   Thumb Code    30  puts.o(i.puts)
    __ctype_table                            0x08006024   Data         129  ctype_o.o(.constdata)
    Region$$Table$$Base                      0x08006c80   Number         0  anon$$obj.o(Region$$Table)
    Region$$Table$$Limit                     0x08006ca0   Number         0  anon$$obj.o(Region$$Table)
    __stdout                                 0x20000000   Data           4  stdout.o(.data)
    commands                                 0x20000008   Data        1120  app_cli.o(.data.commands)
    inter_packet_delay                       0x20000468   Data           2  radio_proc.o(.data.inter_packet_delay)
    Channel                                  0x20000470   Data           2  radio_proc.o(.bss.Channel)
    RADIO_rxBuffer                           0x20000474   Data          64  radio_proc.o(.bss.RADIO_rxBuffer)
    RADIO_txBuffer                           0x200004b4   Data          64  radio_proc.o(.bss.RADIO_txBuffer)
    RssiPkt                                  0x200004f4   Data           4  radio_proc.o(.bss.RssiPkt)
    SignalRssiPkt                            0x200004f8   Data           4  radio_proc.o(.bss.SignalRssiPkt)
    SnrPkt                                   0x200004fc   Data           4  radio_proc.o(.bss.SnrPkt)
    T                                        0x20000500   Data           4  adc.o(.bss.T)
    Vcc                                      0x20000504   Data           4  adc.o(.bss.Vcc)
    adc_ticks                                0x20000508   Data           4  tremo_it.o(.bss.adc_ticks)
    answer_needed                            0x2000050c   Data           1  radio_proc.o(.bss.answer_needed)
    ciBuffer                                 0x2000050d   Data         256  app_cli.o(.bss.ciBuffer)
    crc_error                                0x2000060d   Data           1  radio_proc.o(.bss.crc_error)
    dco_value                                0x20000610   Data           4  adc.o(.bss.dco_value)
    flashbuffer                              0x20000618   Data        4096  flash.o(.bss.flashbuffer)
    gain_value                               0x20001618   Data           4  adc.o(.bss.gain_value)
    master                                   0x2000161d   Data           1  radio_proc.o(.bss.master)
    maxchan                                  0x2000161e   Data           2  radio_proc.o(.bss.maxchan)
    minchan                                  0x20001620   Data           2  radio_proc.o(.bss.minchan)
    opmode                                   0x20001622   Data           1  sx126x_proc.o(.bss.opmode)
    packet_received                          0x20001623   Data           1  radio_proc.o(.bss.packet_received)
    packet_sent                              0x20001624   Data           1  radio_proc.o(.bss.packet_sent)
    prevopmode                               0x20001625   Data           1  sx126x_proc.o(.bss.prevopmode)
    radioConfig                              0x20001628   Data         152  radio_proc.o(.bss.radioConfig)
    rxBuffer                                 0x200016c1   Data         512  retarget.o(.bss.rxBuffer)
    rxpacket                                 0x200018d0   Data          36  radio_proc.o(.bss.rxpacket)
    rxpacketnumber                           0x200018f4   Data           2  radio_proc.o(.bss.rxpacketnumber)
    slaveID                                  0x200018f6   Data           2  radio_proc.o(.bss.slaveID)
    state                                    0x200018f8   Data          20  app_cli.o(.bss.state)
    sweepdelay                               0x2000190c   Data           4  radio_proc.o(.bss.sweepdelay)
    sweepflag                                0x20001910   Data           1  radio_proc.o(.bss.sweepflag)
    sweeprx                                  0x20001911   Data           1  radio_proc.o(.bss.sweeprx)
    sweeptx                                  0x20001912   Data           1  radio_proc.o(.bss.sweeptx)
    tx_needed                                0x20001913   Data           1  radio_proc.o(.bss.tx_needed)
    tx_ticks                                 0x20001914   Data           4  radio_proc.o(.bss.tx_ticks)
    txmode                                   0x20001918   Data           1  app_cli.o(.bss.txmode)
    txpacket                                 0x2000191c   Data          36  radio_proc.o(.bss.txpacket)
    txpacketcount                            0x20001940   Data           2  radio_proc.o(.bss.txpacketcount)
    txpacketnumber                           0x20001942   Data           2  radio_proc.o(.bss.txpacketnumber)
    __initial_sp                             0x20002148   Data           0  startup_tremo.o(STACK)



==============================================================================

Memory Map of the image

  Image Entry point : 0x080000d5

  Load Region LR_IROM1 (Base: 0x08000000, Size: 0x00007110, Max: 0x00040000, ABSOLUTE, COMPRESSED[0x00006f38])

    Execution Region ER_IROM1 (Exec base: 0x08000000, Load base: 0x08000000, Size: 0x00006ca0, Max: 0x00040000, ABSOLUTE)

    Exec Addr    Load Addr    Size         Type   Attr      Idx    E Section Name        Object

    0x08000000   0x08000000   0x000000d4   Data   RO          249    RESET               startup_tremo.o
    0x080000d4   0x080000d4   0x00000000   Code   RO         1494  * .ARM.Collect$$$$00000000  mc_w.l(entry.o)
    0x080000d4   0x080000d4   0x00000004   Code   RO         1812    .ARM.Collect$$$$00000001  mc_w.l(entry2.o)
    0x080000d8   0x080000d8   0x00000004   Code   RO         1815    .ARM.Collect$$$$00000004  mc_w.l(entry5.o)
    0x080000dc   0x080000dc   0x00000000   Code   RO         1817    .ARM.Collect$$$$00000008  mc_w.l(entry7b.o)
    0x080000dc   0x080000dc   0x00000000   Code   RO         1819    .ARM.Collect$$$$0000000A  mc_w.l(entry8b.o)
    0x080000dc   0x080000dc   0x00000008   Code   RO         1820    .ARM.Collect$$$$0000000B  mc_w.l(entry9a.o)
    0x080000e4   0x080000e4   0x00000000   Code   RO         1822    .ARM.Collect$$$$0000000D  mc_w.l(entry10a.o)
    0x080000e4   0x080000e4   0x00000000   Code   RO         1824    .ARM.Collect$$$$0000000F  mc_w.l(entry11a.o)
    0x080000e4   0x080000e4   0x00000004   Code   RO         1813    .ARM.Collect$$$$00002712  mc_w.l(entry2.o)
    0x080000e8   0x080000e8   0x00000024   Code   RO          250    .text               startup_tremo.o
    0x0800010c   0x0800010c   0x00000040   Code   RO         1506    .text               mc_w.l(memmovea.o)
    0x0800014c   0x0800014c   0x00000014   Code   RO         1510    .text               mc_w.l(strchr.o)
    0x08000160   0x08000160   0x0000000e   Code   RO         1512    .text               mc_w.l(strlen.o)
    0x0800016e   0x0800016e   0x0000001c   Code   RO         1514    .text               mc_w.l(strcmp.o)
    0x0800018a   0x0800018a   0x0000001c   Code   RO         1516    .text               mc_w.l(strspn.o)
    0x080001a6   0x080001a6   0x00000022   Code   RO         1518    .text               mc_w.l(strcspn.o)
    0x080001c8   0x080001c8   0x0000002a   Code   RO         1524    .text               mc_w.l(strcasecmp.o)
    0x080001f2   0x080001f2   0x00000070   Code   RO         1794    .text               mc_w.l(strtol.o)
    0x08000262   0x08000262   0x00000072   Code   RO         1796    .text               mc_w.l(strtoul.o)
    0x080002d4   0x080002d4   0x0000014e   Code   RO         1798    .text               mf_w.l(dadd.o)
    0x08000422   0x08000422   0x000000e4   Code   RO         1800    .text               mf_w.l(dmul.o)
    0x08000506   0x08000506   0x000000de   Code   RO         1802    .text               mf_w.l(ddiv.o)
    0x080005e4   0x080005e4   0x0000001a   Code   RO         1804    .text               mf_w.l(dfltui.o)
    0x080005fe   0x080005fe   0x00000032   Code   RO         1806    .text               mf_w.l(dfixui.o)
    0x08000630   0x08000630   0x00000026   Code   RO         1808    .text               mf_w.l(f2d.o)
    0x08000656   0x08000656   0x00000038   Code   RO         1810    .text               mf_w.l(d2f.o)
    0x0800068e   0x0800068e   0x0000002c   Code   RO         1835    .text               mc_w.l(uidiv.o)
    0x080006ba   0x080006ba   0x00000062   Code   RO         1837    .text               mc_w.l(uldiv.o)
    0x0800071c   0x0800071c   0x0000001e   Code   RO         1839    .text               mc_w.l(llshl.o)
    0x0800073a   0x0800073a   0x00000020   Code   RO         1841    .text               mc_w.l(llushr.o)
    0x0800075a   0x0800075a   0x00000024   Code   RO         1843    .text               mc_w.l(llsshr.o)
    0x0800077e   0x0800077e   0x00000002   PAD
    0x08000780   0x08000780   0x00000008   Code   RO         1845    .text               mc_w.l(ctype_o.o)
    0x08000788   0x08000788   0x0000000c   Code   RO         1873    .text               mc_w.l(tolower.o)
    0x08000794   0x08000794   0x0000009e   Code   RO         1875    .text               mc_w.l(_strtoul.o)
    0x08000832   0x08000832   0x00000000   Code   RO         1877    .text               mc_w.l(iusefp.o)
    0x08000832   0x08000832   0x0000006e   Code   RO         1878    .text               mf_w.l(fepilogue.o)
    0x080008a0   0x080008a0   0x000000ba   Code   RO         1880    .text               mf_w.l(depilogue.o)
    0x0800095a   0x0800095a   0x00000030   Code   RO         1882    .text               mf_w.l(dfixul.o)
    0x0800098a   0x0800098a   0x00000002   PAD
    0x0800098c   0x0800098c   0x00000030   Code   RO         1884    .text               mf_w.l(cdrcmple.o)
    0x080009bc   0x080009bc   0x00000030   Code   RO         1886    .text               mc_w.l(init.o)
    0x080009ec   0x080009ec   0x0000001c   Code   RO         1888    .text               mc_w.l(_chval.o)
    0x08000a08   0x08000a08   0x0000005e   Code   RO         1898    .text               mc_w.l(__dclz77c.o)
    0x08000a66   0x08000a66   0x00000002   PAD
    0x08000a68   0x08000a68   0x00000080   Code   RO         1181    .text.ADC_IRQHandler  adc.o
    0x08000ae8   0x08000ae8   0x00000002   Code   RO           34    .text.BusFault_Handler  tremo_it.o
    0x08000aea   0x08000aea   0x00000002   PAD
    0x08000aec   0x08000aec   0x00000024   Code   RO           28    .text.HardFault_Handler  tremo_it.o
    0x08000b10   0x08000b10   0x00000044   Code   RO         1233    .text.LORA_IRQHandler  radio_proc.o
    0x08000b54   0x08000b54   0x00000002   Code   RO           32    .text.MemManage_Handler  tremo_it.o
    0x08000b56   0x08000b56   0x00000002   Code   RO           26    .text.NMI_Handler   tremo_it.o
    0x08000b58   0x08000b58   0x00000002   Code   RO           44    .text.PWR_IRQHandler  tremo_it.o
    0x08000b5a   0x08000b5a   0x00000002   Code   RO           40    .text.PendSV_Handler  tremo_it.o
    0x08000b5c   0x08000b5c   0x00000052   Code   RO         1229    .text.RADIO_setctune  radio_proc.o
    0x08000bae   0x08000bae   0x00000070   Code   RO           58    .text.RETARGET_ReadChar  retarget.o
    0x08000c1e   0x08000c1e   0x0000002c   Code   RO           54    .text.RETARGET_SerialInit  retarget.o
    0x08000c4a   0x08000c4a   0x00000002   Code   RO           38    .text.SVC_Handler   tremo_it.o
    0x08000c4c   0x08000c4c   0x0000001c   Code   RO         1301    .text.SX126X_CalibrateImage  sx126x.o
    0x08000c68   0x08000c68   0x00000014   Code   RO         1309    .text.SX126X_ClearIrqStatus  sx126x.o
    0x08000c7c   0x08000c7c   0x00000094   Code   RO         1417    .text.SX126X_FskConfig  sx126x_proc.o
    0x08000d10   0x08000d10   0x00000032   Code   RO         1349    .text.SX126X_GetFskPacketStatus  sx126x.o
    0x08000d42   0x08000d42   0x0000001c   Code   RO         1307    .text.SX126X_GetIrqStatus  sx126x.o
    0x08000d5e   0x08000d5e   0x00000032   Code   RO         1351    .text.SX126X_GetLoRaPacketStatus  sx126x.o
    0x08000d90   0x08000d90   0x00000018   Code   RO         1353    .text.SX126X_GetRssiInst  sx126x.o
    0x08000da8   0x08000da8   0x00000018   Code   RO         1345    .text.SX126X_GetStatus  sx126x.o
    0x08000dc0   0x08000dc0   0x0000006c   Code   RO         1415    .text.SX126X_LoRaConfig  sx126x_proc.o
    0x08000e2c   0x08000e2c   0x0000001c   Code   RO         1341    .text.SX126X_SetBufferBaseAddress  sx126x.o
    0x08000e48   0x08000e48   0x00000014   Code   RO         1293    .text.SX126X_SetCW  sx126x.o
    0x08000e5c   0x08000e5c   0x00000004   PAD
    0x08000e60   0x08000e60   0x00000048   Code   RO         1423    .text.SX126X_SetChannel  sx126x_proc.o
    0x08000ea8   0x08000ea8   0x00000018   Code   RO         1311    .text.SX126X_SetDIO2AsRfSwitchCtrl  sx126x.o
    0x08000ec0   0x08000ec0   0x00000030   Code   RO         1313    .text.SX126X_SetDIO3AsTCXOCtrl  sx126x.o
    0x08000ef0   0x08000ef0   0x0000003c   Code   RO         1305    .text.SX126X_SetDioIrqParams  sx126x.o
    0x08000f2c   0x08000f2c   0x0000000a   Code   RO         1281    .text.SX126X_SetFs  sx126x.o
    0x08000f36   0x08000f36   0x0000001c   Code   RO         1331    .text.SX126X_SetFskAddr  sx126x.o
    0x08000f52   0x08000f52   0x00000058   Code   RO         1335    .text.SX126X_SetFskCrcWhitening  sx126x.o
    0x08000faa   0x08000faa   0x00000088   Code   RO         1325    .text.SX126X_SetFskModParams  sx126x.o
    0x08001032   0x08001032   0x00000064   Code   RO         1329    .text.SX126X_SetFskPacketParams  sx126x.o
    0x08001096   0x08001096   0x00000002   PAD
    0x08001098   0x08001098   0x0000001c   Code   RO         1333    .text.SX126X_SetFskSyncWord  sx126x.o
    0x080010b4   0x080010b4   0x00000056   Code   RO         1327    .text.SX126X_SetLoRaModParams  sx126x.o
    0x0800110a   0x0800110a   0x00000050   Code   RO         1337    .text.SX126X_SetLoRaPacketParams  sx126x.o
    0x0800115a   0x0800115a   0x0000002a   Code   RO         1323    .text.SX126X_SetPaConfig  sx126x.o
    0x08001184   0x08001184   0x00000018   Code   RO         1317    .text.SX126X_SetPacketType  sx126x.o
    0x0800119c   0x0800119c   0x0000001e   Code   RO         1297    .text.SX126X_SetRegulatorMode  sx126x.o
    0x080011ba   0x080011ba   0x00000016   Code   RO         1315    .text.SX126X_SetRfFrequency  sx126x.o
    0x080011d0   0x080011d0   0x00000034   Code   RO         1285    .text.SX126X_SetRx  sx126x.o
    0x08001204   0x08001204   0x0000001c   Code   RO         1277    .text.SX126X_SetSleep  sx126x.o
    0x08001220   0x08001220   0x0000001e   Code   RO         1279    .text.SX126X_SetStandby  sx126x.o
    0x0800123e   0x0800123e   0x00000034   Code   RO         1283    .text.SX126X_SetTx  sx126x.o
    0x08001272   0x08001272   0x00000014   Code   RO         1295    .text.SX126X_SetTxInfinitePreamble  sx126x.o
    0x08001286   0x08001286   0x00000064   Code   RO         1321    .text.SX126X_SetTxParams  sx126x.o
    0x080012ea   0x080012ea   0x0000002c   Code   RO         1375    .text.SX126X_Wakeup  sx126x_interface.o
    0x08001316   0x08001316   0x000000c6   Code   RO         1411    .text.SX126X_config  sx126x_proc.o
    0x080013dc   0x080013dc   0x0000010c   Code   RO         1425    .text.SX126X_initconfigstructure  sx126x_proc.o
    0x080014e8   0x080014e8   0x00000066   Code   RO         1397    .text.SX126X_readBuffer  sx126x_interface.o
    0x0800154e   0x0800154e   0x00000002   PAD
    0x08001550   0x08001550   0x00000066   Code   RO         1385    .text.SX126X_readCmd  sx126x_interface.o
    0x080015b6   0x080015b6   0x00000016   Code   RO         1393    .text.SX126X_readReg  sx126x_interface.o
    0x080015cc   0x080015cc   0x00000074   Code   RO         1389    .text.SX126X_readRegs  sx126x_interface.o
    0x08001640   0x08001640   0x00000004   Code   RO         1401    .text.SX126X_rfsw_rx  sx126x_interface.o
    0x08001644   0x08001644   0x00000004   Code   RO         1399    .text.SX126X_rfsw_tx  sx126x_interface.o
    0x08001648   0x08001648   0x000000a8   Code   RO         1413    .text.SX126X_setopmode  sx126x_proc.o
    0x080016f0   0x080016f0   0x0000005a   Code   RO         1395    .text.SX126X_writeBuffer  sx126x_interface.o
    0x0800174a   0x0800174a   0x00000002   PAD
    0x0800174c   0x0800174c   0x0000006a   Code   RO         1383    .text.SX126X_writeCmd  sx126x_interface.o
    0x080017b6   0x080017b6   0x00000016   Code   RO         1391    .text.SX126X_writeReg  sx126x_interface.o
    0x080017cc   0x080017cc   0x00000078   Code   RO         1387    .text.SX126X_writeRegs  sx126x_interface.o
    0x08001844   0x08001844   0x000000a0   Code   RO           42    .text.SysTick_Handler  tremo_it.o
    0x080018e4   0x080018e4   0x00000058   Code   RO          259    .text.SystemInit    system_tremo.o
    0x0800193c   0x0800193c   0x00000036   Code   RO         1170    .text.TIMER0_IRQHandler  ustimer.o
    0x08001972   0x08001972   0x00000004   Code   RO         1118    .text.UART0_IRQHandler  uart.o
    0x08001976   0x08001976   0x00000002   Code   RO         1120    .text.UART1_IRQHandler  uart.o
    0x08001978   0x08001978   0x00000002   Code   RO           36    .text.UsageFault_Handler  tremo_it.o
    0x0800197a   0x0800197a   0x00000002   PAD
    0x0800197c   0x0800197c   0x00000024   Code   RO           30    .text.__NVIC_SystemReset  tremo_it.o
    0x080019a0   0x080019a0   0x00000024   Code   RO          225    .text.__NVIC_SystemReset  app_cli.o
    0x080019c4   0x080019c4   0x0000001a   Code   RO          296    .text.adc_clear_interrupt_status  tremo_adc.o
    0x080019de   0x080019de   0x00000024   Code   RO          282    .text.adc_config_clock_division  tremo_adc.o
    0x08001a02   0x08001a02   0x00000018   Code   RO          288    .text.adc_config_conv_mode  tremo_adc.o
    0x08001a1a   0x08001a1a   0x00000018   Code   RO          298    .text.adc_config_interrupt  tremo_adc.o
    0x08001a32   0x08001a32   0x00000020   Code   RO          306    .text.adc_config_ref_voltage  tremo_adc.o
    0x08001a52   0x08001a52   0x0000003c   Code   RO          290    .text.adc_config_sample_sequence  tremo_adc.o
    0x08001a8e   0x08001a8e   0x0000002a   Code   RO          274    .text.adc_enable    tremo_adc.o
    0x08001ab8   0x08001ab8   0x00000016   Code   RO          304    .text.adc_enable_vbat31  tremo_adc.o
    0x08001ace   0x08001ace   0x00000002   PAD
    0x08001ad0   0x08001ad0   0x000000b8   Code   RO          302    .text.adc_get_calibration_value  tremo_adc.o
    0x08001b88   0x08001b88   0x00000010   Code   RO          300    .text.adc_get_data  tremo_adc.o
    0x08001b98   0x08001b98   0x00000016   Code   RO          294    .text.adc_get_interrupt_status  tremo_adc.o
    0x08001bae   0x08001bae   0x00000016   Code   RO          270    .text.adc_init      tremo_adc.o
    0x08001bc4   0x08001bc4   0x0000002a   Code   RO          272    .text.adc_start     tremo_adc.o
    0x08001bee   0x08001bee   0x00000002   PAD
    0x08001bf0   0x08001bf0   0x00000074   Code   RO         1470    .text.aes_crypto    aes.o
    0x08001c64   0x08001c64   0x00000008   Code   RO         1486    .text.aes_decrypt   aes_proc.o
    0x08001c6c   0x08001c6c   0x00000008   Code   RO         1484    .text.aes_encrypt   aes_proc.o
    0x08001c74   0x08001c74   0x000000c2   Code   RO         1468    .text.aes_init      aes.o
    0x08001d36   0x08001d36   0x00000022   Code   RO         1482    .text.aes_proc_init  aes_proc.o
    0x08001d58   0x08001d58   0x0000006a   Code   RO           66    .text.cbRETARGET_Rx  retarget.o
    0x08001dc2   0x08001dc2   0x00000002   PAD
    0x08001dc4   0x08001dc4   0x0000001c   Code   RO          223    .text.ciErrorCallback  app_cli.o
    0x08001de0   0x08001de0   0x00000008   Code   RO         1451    .text.ciGetSigned   command_interpreter.o
    0x08001de8   0x08001de8   0x00000008   Code   RO         1449    .text.ciGetUnsigned  command_interpreter.o
    0x08001df0   0x08001df0   0x00000022   Code   RO         1443    .text.ciInitState   command_interpreter.o
    0x08001e12   0x08001e12   0x00000002   PAD
    0x08001e14   0x08001e14   0x00000138   Code   RO         1441    .text.ciPrintHelp   command_interpreter.o
    0x08001f4c   0x08001f4c   0x000002c8   Code   RO         1447    .text.ciProcessInput  command_interpreter.o
    0x08002214   0x08002214   0x0000004c   Code   RO           91    .text.cli_aesenable  app_cli.o
    0x08002260   0x08002260   0x00000060   Code   RO          207    .text.cli_dumpregs  app_cli.o
    0x080022c0   0x080022c0   0x00000038   Code   RO          169    .text.cli_fs_getaddr  app_cli.o
    0x080022f8   0x080022f8   0x00000020   Code   RO          177    .text.cli_fs_getcrcwhite  app_cli.o
    0x08002318   0x08002318   0x00000084   Code   RO          161    .text.cli_fs_getmodparams  app_cli.o
    0x0800239c   0x0800239c   0x00000118   Code   RO          165    .text.cli_fs_getpacketparams  app_cli.o
    0x080024b4   0x080024b4   0x00000054   Code   RO          173    .text.cli_fs_getsync  app_cli.o
    0x08002508   0x08002508   0x0000007c   Code   RO          171    .text.cli_fs_setaddr  app_cli.o
    0x08002584   0x08002584   0x00000078   Code   RO          179    .text.cli_fs_setcrcwhite  app_cli.o
    0x080025fc   0x080025fc   0x00000004   PAD
    0x08002600   0x08002600   0x000002e0   Code   RO          163    .text.cli_fs_setmodparams  app_cli.o
    0x080028e0   0x080028e0   0x000001bc   Code   RO          167    .text.cli_fs_setpacketparams  app_cli.o
    0x08002a9c   0x08002a9c   0x0000009c   Code   RO          175    .text.cli_fs_setsync  app_cli.o
    0x08002b38   0x08002b38   0x00000044   Code   RO          133    .text.cli_getRSSI   app_cli.o
    0x08002b7c   0x08002b7c   0x000000b4   Code   RO           93    .text.cli_getaeskey  app_cli.o
    0x08002c30   0x08002c30   0x00000034   Code   RO          185    .text.cli_getautosendparams  app_cli.o
    0x08002c64   0x08002c64   0x00000028   Code   RO          111    .text.cli_getchannel  app_cli.o
    0x08002c8c   0x08002c8c   0x00000030   Code   RO          129    .text.cli_getctune  app_cli.o
    0x08002cbc   0x08002cbc   0x00000024   Code   RO           87    .text.cli_getdevid  app_cli.o
    0x08002ce0   0x08002ce0   0x00000028   Code   RO          107    .text.cli_getfreq   app_cli.o
    0x08002d08   0x08002d08   0x00000018   Code   RO          197    .text.cli_getgpsdata  app_cli.o
    0x08002d20   0x08002d20   0x0000003c   Code   RO           99    .text.cli_getmodem  app_cli.o
    0x08002d5c   0x08002d5c   0x00000040   Code   RO          103    .text.cli_getopmode  app_cli.o
    0x08002d9c   0x08002d9c   0x00000028   Code   RO          117    .text.cli_getpower  app_cli.o
    0x08002dc4   0x08002dc4   0x00000028   Code   RO          121    .text.cli_getramptime  app_cli.o
    0x08002dec   0x08002dec   0x0000001c   Code   RO          195    .text.cli_getrxcount  app_cli.o
    0x08002e08   0x08002e08   0x00000020   Code   RO          139    .text.cli_getsleepparams  app_cli.o
    0x08002e28   0x08002e28   0x0000002c   Code   RO          143    .text.cli_getstatus  app_cli.o
    0x08002e54   0x08002e54   0x00000044   Code   RO          135    .text.cli_gettimeouts  app_cli.o
    0x08002e98   0x08002e98   0x0000002c   Code   RO           85    .text.cli_getver    app_cli.o
    0x08002ec4   0x08002ec4   0x00000054   Code   RO          199    .text.cli_getvt     app_cli.o
    0x08002f18   0x08002f18   0x00000030   Code   RO          125    .text.cli_getxoparams  app_cli.o
    0x08002f48   0x08002f48   0x0000002c   Code   RO           83    .text.cli_info      app_cli.o
    0x08002f74   0x08002f74   0x00000020   Code   RO          219    .text.cli_init      app_cli.o
    0x08002f94   0x08002f94   0x0000004c   Code   RO          213    .text.cli_initconfig  app_cli.o
    0x08002fe0   0x08002fe0   0x000000bc   Code   RO          145    .text.cli_lr_getmodparams  app_cli.o
    0x0800309c   0x0800309c   0x000000b8   Code   RO          149    .text.cli_lr_getpacketparams  app_cli.o
    0x08003154   0x08003154   0x00000028   Code   RO          157    .text.cli_lr_getsymboltimeout  app_cli.o
    0x0800317c   0x0800317c   0x00000028   Code   RO          153    .text.cli_lr_getsync  app_cli.o
    0x080031a4   0x080031a4   0x00000004   PAD
    0x080031a8   0x080031a8   0x000001f0   Code   RO          147    .text.cli_lr_setmodparams  app_cli.o
    0x08003398   0x08003398   0x00000134   Code   RO          151    .text.cli_lr_setpacketparams  app_cli.o
    0x080034cc   0x080034cc   0x00000050   Code   RO          159    .text.cli_lr_setsymboltimeout  app_cli.o
    0x0800351c   0x0800351c   0x0000005c   Code   RO          155    .text.cli_lr_setsync  app_cli.o
    0x08003578   0x08003578   0x0000002a   Code   RO          221    .text.cli_proc      app_cli.o
    0x080035a2   0x080035a2   0x00000002   PAD
    0x080035a4   0x080035a4   0x00000030   Code   RO          203    .text.cli_readreg   app_cli.o
    0x080035d4   0x080035d4   0x0000001c   Code   RO           81    .text.cli_reset     app_cli.o
    0x080035f0   0x080035f0   0x00000074   Code   RO          181    .text.cli_sendburst  app_cli.o
    0x08003664   0x08003664   0x00000054   Code   RO           97    .text.cli_setaesiv  app_cli.o
    0x080036b8   0x080036b8   0x00000054   Code   RO           95    .text.cli_setaeskey  app_cli.o
    0x0800370c   0x0800370c   0x00000064   Code   RO          187    .text.cli_setautosendparams  app_cli.o
    0x08003770   0x08003770   0x00000038   Code   RO          113    .text.cli_setchannel  app_cli.o
    0x080037a8   0x080037a8   0x00000034   Code   RO          131    .text.cli_setctune  app_cli.o
    0x080037dc   0x080037dc   0x00000038   Code   RO           89    .text.cli_setdevid  app_cli.o
    0x08003814   0x08003814   0x00000018   Code   RO          201    .text.cli_setem     app_cli.o
    0x0800382c   0x0800382c   0x00000044   Code   RO          109    .text.cli_setfreq   app_cli.o
    0x08003870   0x08003870   0x0000006c   Code   RO          101    .text.cli_setmodem  app_cli.o
    0x080038dc   0x080038dc   0x00000068   Code   RO          105    .text.cli_setopmode  app_cli.o
    0x08003944   0x08003944   0x00000050   Code   RO          217    .text.cli_setpaconfig  app_cli.o
    0x08003994   0x08003994   0x00000050   Code   RO          119    .text.cli_setpower  app_cli.o
    0x080039e4   0x080039e4   0x00000080   Code   RO          123    .text.cli_setramptime  app_cli.o
    0x08003a64   0x08003a64   0x00000020   Code   RO          141    .text.cli_setsleepparams  app_cli.o
    0x08003a84   0x08003a84   0x00000060   Code   RO          137    .text.cli_settimeouts  app_cli.o
    0x08003ae4   0x08003ae4   0x0000004c   Code   RO          127    .text.cli_setxoparams  app_cli.o
    0x08003b30   0x08003b30   0x00000020   Code   RO          191    .text.cli_startrxcount  app_cli.o
    0x08003b50   0x08003b50   0x00000048   Code   RO          183    .text.cli_stopburst  app_cli.o
    0x08003b98   0x08003b98   0x0000001c   Code   RO          193    .text.cli_stoprxcount  app_cli.o
    0x08003bb4   0x08003bb4   0x0000003c   Code   RO          115    .text.cli_storechannel  app_cli.o
    0x08003bf0   0x08003bf0   0x00000024   Code   RO          215    .text.cli_storeconfig  app_cli.o
    0x08003c14   0x08003c14   0x000000c0   Code   RO          211    .text.cli_sweeprx   app_cli.o
    0x08003cd4   0x08003cd4   0x00000148   Code   RO          209    .text.cli_sweeptx   app_cli.o
    0x08003e1c   0x08003e1c   0x00000090   Code   RO          189    .text.cli_txstream  app_cli.o
    0x08003eac   0x08003eac   0x0000004c   Code   RO          205    .text.cli_writereg  app_cli.o
    0x08003ef8   0x08003ef8   0x00000062   Code   RO          390    .text.delay_init    tremo_delay.o
    0x08003f5a   0x08003f5a   0x00000002   PAD
    0x08003f5c   0x08003f5c   0x00000040   Code   RO          394    .text.delay_ms      tremo_delay.o
    0x08003f9c   0x08003f9c   0x0000003c   Code   RO          392    .text.delay_us      tremo_delay.o
    0x08003fd8   0x08003fd8   0x0000006c   Code   RO          439    .text.flash_erase_page  tremo_flash.o
    0x08004044   0x08004044   0x000000ce   Code   RO          441    .text.flash_program_bytes  tremo_flash.o
    0x08004112   0x08004112   0x00000002   PAD
    0x08004114   0x08004114   0x00000024   Code   RO           56    .text.fputc         retarget.o
    0x08004138   0x08004138   0x00000174   Code   RO          457    .text.gpio_init     tremo_gpio.o
    0x080042ac   0x080042ac   0x00000044   Code   RO          477    .text.gpio_set_iomux  tremo_gpio.o
    0x080042f0   0x080042f0   0x000000bc   Code   RO          459    .text.gpio_write    tremo_gpio.o
    0x080043ac   0x080043ac   0x00000016   Code   RO           13    .text.init_peripherals  bsp.o
    0x080043c2   0x080043c2   0x0000003a   Code   RO           11    .text.init_power_clk  bsp.o
    0x080043fc   0x080043fc   0x00000002   Code   RO           17    .text.led_off       bsp.o
    0x080043fe   0x080043fe   0x00000002   Code   RO           15    .text.led_on        bsp.o
    0x08004400   0x08004400   0x0000005a   Code   RO         1130    .text.lorac_init    lorac.o
    0x0800445a   0x0800445a   0x00000002   PAD
    0x0800445c   0x0800445c   0x00000044   Code   RO         1134    .text.lorac_reset   lorac.o
    0x080044a0   0x080044a0   0x00000010   Code   RO         1138    .text.lorac_rfsw_rx  lorac.o
    0x080044b0   0x080044b0   0x00000010   Code   RO         1140    .text.lorac_rfsw_tx  lorac.o
    0x080044c0   0x080044c0   0x0000001c   Code   RO         1132    .text.lorac_transfer  lorac.o
    0x080044dc   0x080044dc   0x00000018   Code   RO         1136    .text.lorac_wait_on_busy  lorac.o
    0x080044f4   0x080044f4   0x00000048   Code   RO            2    .text.main          main.o
    0x0800453c   0x0800453c   0x000000a0   Code   RO         1179    .text.myadc_init    adc.o
    0x080045dc   0x080045dc   0x00000026   Code   RO         1108    .text.mygpio_init   gpio.o
    0x08004602   0x08004602   0x0000006c   Code   RO         1116    .text.myuart_init   uart.o
    0x0800466e   0x0800466e   0x00000084   Code   RO         1227    .text.preparepacketcommon  radio_proc.o
    0x080046f2   0x080046f2   0x00000002   PAD
    0x080046f4   0x080046f4   0x00000110   Code   RO         1223    .text.printRxPacket  radio_proc.o
    0x08004804   0x08004804   0x00000098   Code   RO         1213    .text.radio_init    radio_proc.o
    0x0800489c   0x0800489c   0x000002f0   Code   RO         1215    .text.radio_proc    radio_proc.o
    0x08004b8c   0x08004b8c   0x0000002e   Code   RO         1225    .text.radio_startburst  radio_proc.o
    0x08004bba   0x08004bba   0x00000002   PAD
    0x08004bbc   0x08004bbc   0x0000010e   Code   RO          763    .text.rcc_enable_oscillator  tremo_rcc.o
    0x08004cca   0x08004cca   0x00000002   PAD
    0x08004ccc   0x08004ccc   0x00000528   Code   RO          765    .text.rcc_enable_peripheral_clk  tremo_rcc.o
    0x080051f4   0x080051f4   0x00000078   Code   RO          761    .text.rcc_get_clk_freq  tremo_rcc.o
    0x0800526c   0x0800526c   0x0000000e   Code   RO          805    .text.rcc_get_uart0_clk_source  tremo_rcc.o
    0x0800527a   0x0800527a   0x0000000e   Code   RO          807    .text.rcc_get_uart1_clk_source  tremo_rcc.o
    0x08005288   0x08005288   0x0000000e   Code   RO          809    .text.rcc_get_uart2_clk_source  tremo_rcc.o
    0x08005296   0x08005296   0x0000000e   Code   RO          811    .text.rcc_get_uart3_clk_source  tremo_rcc.o
    0x080052a4   0x080052a4   0x00000026   Code   RO          793    .text.rcc_set_adc_clk_source  tremo_rcc.o
    0x080052ca   0x080052ca   0x00000010   Code   RO          831    .text.rcc_set_hclk_div  tremo_rcc.o
    0x080052da   0x080052da   0x0000001c   Code   RO          833    .text.rcc_set_pclk_div  tremo_rcc.o
    0x080052f6   0x080052f6   0x00000010   Code   RO          767    .text.rcc_set_sys_clk_source  tremo_rcc.o
    0x08005306   0x08005306   0x0000002c   Code   RO          769    .text.rcc_set_systick_source  tremo_rcc.o
    0x08005332   0x08005332   0x00000002   PAD
    0x08005334   0x08005334   0x00000026   Code   RO          773    .text.rcc_set_uart0_clk_source  tremo_rcc.o
    0x0800535a   0x0800535a   0x0000001a   Code   RO         1150    .text.readconfig    flash.o
    0x08005374   0x08005374   0x00000038   Code   RO         1457    .text.strtok_r      command_interpreter.o
    0x080053ac   0x080053ac   0x0000000a   Code   RO         1015    .text.timer_clear_status  tremo_timer.o
    0x080053b6   0x080053b6   0x0000000c   Code   RO          971    .text.timer_cmd     tremo_timer.o
    0x080053c2   0x080053c2   0x00000010   Code   RO         1011    .text.timer_config_interrupt  tremo_timer.o
    0x080053d2   0x080053d2   0x00000010   Code   RO         1017    .text.timer_generate_event  tremo_timer.o
    0x080053e2   0x080053e2   0x00000010   Code   RO         1013    .text.timer_get_status  tremo_timer.o
    0x080053f2   0x080053f2   0x00000044   Code   RO          967    .text.timer_init    tremo_timer.o
    0x08005436   0x08005436   0x0000000c   Code   RO         1084    .text.uart_cmd      tremo_uart.o
    0x08005442   0x08005442   0x00000018   Code   RO         1078    .text.uart_config_init  tremo_uart.o
    0x0800545a   0x0800545a   0x00000010   Code   RO         1074    .text.uart_config_interrupt  tremo_uart.o
    0x0800546a   0x0800546a   0x0000000a   Code   RO         1068    .text.uart_get_flag_status  tremo_uart.o
    0x08005474   0x08005474   0x00000144   Code   RO         1090    .text.uart_init     tremo_uart.o
    0x080055b8   0x080055b8   0x0000000c   Code   RO         1072    .text.uart_receive_data  tremo_uart.o
    0x080055c4   0x080055c4   0x0000000a   Code   RO         1070    .text.uart_send_data  tremo_uart.o
    0x080055ce   0x080055ce   0x0000007e   Code   RO         1162    .text.ustimer_init  ustimer.o
    0x0800564c   0x0800564c   0x0000000c   Code   RO         1168    .text.ustimer_setinterval  ustimer.o
    0x08005658   0x08005658   0x0000000e   Code   RO         1164    .text.ustimer_start  ustimer.o
    0x08005666   0x08005666   0x0000000e   Code   RO         1166    .text.ustimer_stop  ustimer.o
    0x08005674   0x08005674   0x00000058   Code   RO         1455    .text.validateInteger  command_interpreter.o
    0x080056cc   0x080056cc   0x00000038   Code   RO         1152    .text.writeconfig   flash.o
    0x08005704   0x08005704   0x00000020   Code   RO         1759    i.__0printf         mc_w.l(printfa.o)
    0x08005724   0x08005724   0x00000008   Code   RO         1787    i.__aeabi_errno_addr  mc_w.l(errno.o)
    0x0800572c   0x0800572c   0x0000000e   Code   RO         1892    i.__scatterload_copy  mc_w.l(handlers.o)
    0x0800573a   0x0800573a   0x00000002   Code   RO         1893    i.__scatterload_null  mc_w.l(handlers.o)
    0x0800573c   0x0800573c   0x0000000e   Code   RO         1894    i.__scatterload_zeroinit  mc_w.l(handlers.o)
    0x0800574a   0x0800574a   0x00000002   PAD
    0x0800574c   0x0800574c   0x00000184   Code   RO         1766    i._fp_digits        mc_w.l(printfa.o)
    0x080058d0   0x080058d0   0x000006dc   Code   RO         1767    i._printf_core      mc_w.l(printfa.o)
    0x08005fac   0x08005fac   0x00000024   Code   RO         1768    i._printf_post_padding  mc_w.l(printfa.o)
    0x08005fd0   0x08005fd0   0x0000002e   Code   RO         1769    i._printf_pre_padding  mc_w.l(printfa.o)
    0x08005ffe   0x08005ffe   0x00000002   PAD
    0x08006000   0x08006000   0x00000024   Code   RO         1497    i.puts              mc_w.l(puts.o)
    0x08006024   0x08006024   0x00000081   Data   RO         1846    .constdata          mc_w.l(ctype_o.o)
    0x080060a5   0x080060a5   0x00000003   PAD
    0x080060a8   0x080060a8   0x00000004   Data   RO         1847    .constdata          mc_w.l(ctype_o.o)
    0x080060ac   0x080060ac   0x00000004   PAD
    0x080060b0   0x080060b0   0x000000b8   Data   RO          238    .rodata..Lswitch.table.cli_fs_getmodparams  app_cli.o
    0x08006168   0x08006168   0x0000001c   Data   RO          239    .rodata..Lswitch.table.cli_fs_setpacketparams  app_cli.o
    0x08006184   0x08006184   0x00000004   PAD
    0x08006188   0x08006188   0x00000058   Data   RO          236    .rodata..Lswitch.table.cli_lr_getmodparams  app_cli.o
    0x080061e0   0x080061e0   0x00000014   Data   RO          237    .rodata..Lswitch.table.cli_lr_setmodparams  app_cli.o
    0x080061f4   0x080061f4   0x00000a29   Data   RO          232    .rodata.str1.1      app_cli.o
    0x08006c1d   0x08006c1d   0x00000006   Data   RO         1268    .rodata.str1.1      radio_proc.o
    0x08006c23   0x08006c23   0x0000005a   Data   RO         1459    .rodata.str1.1      command_interpreter.o
    0x08006c7d   0x08006c7d   0x00000003   PAD
    0x08006c80   0x08006c80   0x00000020   Data   RO         1891    Region$$Table       anon$$obj.o


    Execution Region RW_IRAM1 (Exec base: 0x20000000, Load base: 0x08006ca0, Size: 0x00002148, Max: 0x00020000, ABSOLUTE, COMPRESSED[0x00000298])

    Exec Addr    Load Addr    Size         Type   Attr      Idx    E Section Name        Object

    0x20000000   COMPRESSED   0x00000004   Data   RW         1503    .data               mc_w.l(stdout.o)
    0x20000004   COMPRESSED   0x00000004   Data   RW         1790    .data               mc_w.l(errno.o)
    0x20000008   COMPRESSED   0x00000460   Data   RW          233    .data.commands      app_cli.o
    0x20000468   COMPRESSED   0x00000002   Data   RW         1242    .data.inter_packet_delay  radio_proc.o
    0x2000046a   COMPRESSED   0x00000006   PAD
    0x20000470        -       0x00000002   Zero   RW         1259    .bss.Channel        radio_proc.o
    0x20000472   COMPRESSED   0x00000002   PAD
    0x20000474        -       0x00000040   Zero   RW         1256    .bss.RADIO_rxBuffer  radio_proc.o
    0x200004b4        -       0x00000040   Zero   RW         1264    .bss.RADIO_txBuffer  radio_proc.o
    0x200004f4        -       0x00000004   Zero   RW         1253    .bss.RssiPkt        radio_proc.o
    0x200004f8        -       0x00000004   Zero   RW         1255    .bss.SignalRssiPkt  radio_proc.o
    0x200004fc        -       0x00000004   Zero   RW         1254    .bss.SnrPkt         radio_proc.o
    0x20000500        -       0x00000004   Zero   RW         1187    .bss.T              adc.o
    0x20000504        -       0x00000004   Zero   RW         1186    .bss.Vcc            adc.o
    0x20000508        -       0x00000004   Zero   RW           46    .bss.adc_ticks      tremo_it.o
    0x2000050c        -       0x00000001   Zero   RW         1243    .bss.answer_needed  radio_proc.o
    0x2000050d        -       0x00000100   Zero   RW          235    .bss.ciBuffer       app_cli.o
    0x2000060d        -       0x00000001   Zero   RW         1247    .bss.crc_error      radio_proc.o
    0x2000060e   COMPRESSED   0x00000002   PAD
    0x20000610        -       0x00000004   Zero   RW         1185    .bss.dco_value      adc.o
    0x20000614        -       0x00000001   Zero   RW          396    .bss.fac_us         tremo_delay.o
    0x20000615   COMPRESSED   0x00000003   PAD
    0x20000618        -       0x00001000   Zero   RW         1154    .bss.flashbuffer    flash.o
    0x20001618        -       0x00000004   Zero   RW         1184    .bss.gain_value     adc.o
    0x2000161c        -       0x00000001   Zero   RW           68    .bss.initialized    retarget.o
    0x2000161d        -       0x00000001   Zero   RW         1240    .bss.master         radio_proc.o
    0x2000161e        -       0x00000002   Zero   RW         1260    .bss.maxchan        radio_proc.o
    0x20001620        -       0x00000002   Zero   RW         1261    .bss.minchan        radio_proc.o
    0x20001622        -       0x00000001   Zero   RW         1427    .bss.opmode         sx126x_proc.o
    0x20001623        -       0x00000001   Zero   RW         1246    .bss.packet_received  radio_proc.o
    0x20001624        -       0x00000001   Zero   RW         1248    .bss.packet_sent    radio_proc.o
    0x20001625        -       0x00000001   Zero   RW         1428    .bss.prevopmode     sx126x_proc.o
    0x20001626   COMPRESSED   0x00000002   PAD
    0x20001628        -       0x00000098   Zero   RW         1251    .bss.radioConfig    radio_proc.o
    0x200016c0        -       0x00000001   Zero   RW         1252    .bss.radio_proc.phase  radio_proc.o
    0x200016c1        -       0x00000200   Zero   RW           70    .bss.rxBuffer       retarget.o
    0x200018c1   COMPRESSED   0x00000003   PAD
    0x200018c4        -       0x00000004   Zero   RW           69    .bss.rxCount        retarget.o
    0x200018c8        -       0x00000004   Zero   RW           71    .bss.rxReadIndex    retarget.o
    0x200018cc        -       0x00000004   Zero   RW           72    .bss.rxWriteIndex   retarget.o
    0x200018d0        -       0x00000024   Zero   RW         1257    .bss.rxpacket       radio_proc.o
    0x200018f4        -       0x00000002   Zero   RW         1237    .bss.rxpacketnumber  radio_proc.o
    0x200018f6        -       0x00000002   Zero   RW         1263    .bss.slaveID        radio_proc.o
    0x200018f8        -       0x00000014   Zero   RW          234    .bss.state          app_cli.o
    0x2000190c        -       0x00000004   Zero   RW         1267    .bss.sweepdelay     radio_proc.o
    0x20001910        -       0x00000001   Zero   RW         1258    .bss.sweepflag      radio_proc.o
    0x20001911        -       0x00000001   Zero   RW         1250    .bss.sweeprx        radio_proc.o
    0x20001912        -       0x00000001   Zero   RW         1249    .bss.sweeptx        radio_proc.o
    0x20001913        -       0x00000001   Zero   RW         1241    .bss.tx_needed      radio_proc.o
    0x20001914        -       0x00000004   Zero   RW         1235    .bss.tx_ticks       radio_proc.o
    0x20001918        -       0x00000001   Zero   RW          231    .bss.txmode         app_cli.o
    0x20001919   COMPRESSED   0x00000003   PAD
    0x2000191c        -       0x00000024   Zero   RW         1262    .bss.txpacket       radio_proc.o
    0x20001940        -       0x00000002   Zero   RW         1238    .bss.txpacketcount  radio_proc.o
    0x20001942        -       0x00000002   Zero   RW         1236    .bss.txpacketnumber  radio_proc.o
    0x20001944   COMPRESSED   0x00000004   PAD
    0x20001948        -       0x00000800   Zero   RW          247    STACK               startup_tremo.o


==============================================================================

Image component sizes


      Code (inc. data)   RO Data    RW Data    ZI Data      Debug   Object Name

       288         12          0          0         16       5785   adc.o
       310          0          0          0          0       2480   aes.o
        50          0          0          0          0       2281   aes_proc.o
      7450       2444       2921       1120        277      21621   app_cli.o
        84          0          0          0          0       2952   bsp.o
      1218         78         90          0          0       8212   command_interpreter.o
        82          0          0          0       4096        927   flash.o
        38          0          0          0          0       1675   gpio.o
       242          0          0          0          0       3934   lorac.o
        72         16          0          0          0        457   main.o
      1504        164          6          2        396       6100   radio_proc.o
       298          0          0          0        525       2974   retarget.o
        36          8        212          0       2048        820   startup_tremo.o
      1360          0          0          0          0      13614   sx126x.o
       732          0          0          0          0       6377   sx126x_interface.o
       962         36          0          0          2       3794   sx126x_proc.o
        88          0          0          0          0       3843   system_tremo.o
       552         32          0          0          0       7893   tremo_adc.o
       222          0          0          0          1       4314   tremo_delay.o
       314          0          0          0          0       3510   tremo_flash.o
       628          8          0          0          0       7092   tremo_gpio.o
       246         40          0          0          4       2119   tremo_it.o
      1946        166          0          0          0      16847   tremo_rcc.o
       138          0          0          0          0      21882   tremo_timer.o
       408         12          0          0          0       8653   tremo_uart.o
       114          0          0          0          0       5503   uart.o
       220          0          0          0          0       5522   ustimer.o

    ----------------------------------------------------------------------
     19648       3024       3268       1124       7388     171181   Object Totals
         0          0         32          0          0          0   (incl. Generated)
        46          8          7          2         23          0   (incl. Padding)

    ----------------------------------------------------------------------

      Code (inc. data)   RO Data    RW Data    ZI Data      Debug   Library Member Name

        94          0          0          0          0          0   __dclz77c.o
        28          0          0          0          0         68   _chval.o
       158          0          0          0          0         92   _strtoul.o
         8          4        133          0          0         68   ctype_o.o
         0          0          0          0          0          0   entry.o
         0          0          0          0          0          0   entry10a.o
         0          0          0          0          0          0   entry11a.o
         8          4          0          0          0          0   entry2.o
         4          0          0          0          0          0   entry5.o
         0          0          0          0          0          0   entry7b.o
         0          0          0          0          0          0   entry8b.o
         8          4          0          0          0          0   entry9a.o
         8          4          0          4          0         68   errno.o
        30          0          0          0          0          0   handlers.o
        48         10          0          0          0         68   init.o
         0          0          0          0          0          0   iusefp.o
        30          0          0          0          0         68   llshl.o
        36          0          0          0          0         68   llsshr.o
        32          0          0          0          0         68   llushr.o
        64          0          0          0          0         76   memmovea.o
      2258         90          0          0          0        452   printfa.o
        36          6          0          0          0         80   puts.o
         0          0          0          4          0          0   stdout.o
        42          0          0          0          0         84   strcasecmp.o
        20          0          0          0          0         68   strchr.o
        28          0          0          0          0         76   strcmp.o
        34          0          0          0          0         80   strcspn.o
        14          0          0          0          0         68   strlen.o
        28          0          0          0          0         80   strspn.o
       112          0          0          0          0         88   strtol.o
       114          0          0          0          0         92   strtoul.o
        12          0          0          0          0         68   tolower.o
        44          0          0          0          0         80   uidiv.o
        98          0          0          0          0         92   uldiv.o
        48          0          0          0          0         68   cdrcmple.o
        56          0          0          0          0         88   d2f.o
       334          0          0          0          0        148   dadd.o
       222          0          0          0          0        100   ddiv.o
       186          0          0          0          0        176   depilogue.o
        50          0          0          0          0         76   dfixui.o
        48          0          0          0          0         68   dfixul.o
        26          0          0          0          0         76   dfltui.o
       228          0          0          0          0         96   dmul.o
        38          0          0          0          0         68   f2d.o
       110          0          0          0          0        168   fepilogue.o

    ----------------------------------------------------------------------
      4752        122        140          8          0       3184   Library Totals
        10          0          7          0          0          0   (incl. Padding)

    ----------------------------------------------------------------------

      Code (inc. data)   RO Data    RW Data    ZI Data      Debug   Library Name

      3396        122        133          8          0       2052   mc_w.l
      1346          0          0          0          0       1132   mf_w.l

    ----------------------------------------------------------------------
      4752        122        140          8          0       3184   Library Totals

    ----------------------------------------------------------------------

==============================================================================


      Code (inc. data)   RO Data    RW Data    ZI Data      Debug   

     24400       3146       3408       1132       7388     172433   Grand Totals
     24400       3146       3408        664       7388     172433   ELF Image Totals (compressed)
     24400       3146       3408        664          0          0   ROM Totals

==============================================================================

    Total RO  Size (Code + RO Data)                27808 (  27.16kB)
    Total RW  Size (RW Data + ZI Data)              8520 (   8.32kB)
    Total ROM Size (Code + RO Data + RW Data)      28472 (  27.80kB)

==============================================================================

