Component: Arm Compiler for Embedded 6.21 Tool: armlink [5ec1fa00]

==============================================================================

Section Cross References

    main.o(.text.main) refers to bsp.o(.text.init_power_clk) for init_power_clk
    main.o(.text.main) refers to bsp.o(.text.init_peripherals) for init_peripherals
    main.o(.text.main) refers to tremo_delay.o(.text.delay_ms) for delay_ms
    main.o(.text.main) refers to puts.o(i.puts) for puts
    main.o(.text.main) refers to bsp.o(.text.led_on) for led_on
    main.o(.text.main) refers to radio_proc.o(.text.radio_init) for radio_init
    main.o(.text.main) refers to bsp.o(.text.led_off) for led_off
    main.o(.text.main) refers to app_cli.o(.text.cli_init) for cli_init
    main.o(.text.main) refers to radio_proc.o(.text.radio_proc) for radio_proc
    main.o(.text.main) refers to app_cli.o(.text.cli_proc) for cli_proc
    main.o(.ARM.exidx.text.main) refers to main.o(.text.main) for [Anonymous Symbol]
    bsp.o(.text.init_power_clk) refers to tremo_rcc.o(.text.rcc_enable_oscillator) for rcc_enable_oscillator
    bsp.o(.text.init_power_clk) refers to tremo_rcc.o(.text.rcc_set_sys_clk_source) for rcc_set_sys_clk_source
    bsp.o(.text.init_power_clk) refers to tremo_rcc.o(.text.rcc_set_hclk_div) for rcc_set_hclk_div
    bsp.o(.text.init_power_clk) refers to tremo_rcc.o(.text.rcc_set_pclk_div) for rcc_set_pclk_div
    bsp.o(.text.init_power_clk) refers to tremo_rcc.o(.text.rcc_set_systick_source) for rcc_set_systick_source
    bsp.o(.text.init_power_clk) refers to tremo_rcc.o(.text.rcc_enable_peripheral_clk) for rcc_enable_peripheral_clk
    bsp.o(.text.init_power_clk) refers to tremo_delay.o(.text.delay_init) for delay_init
    bsp.o(.ARM.exidx.text.init_power_clk) refers to bsp.o(.text.init_power_clk) for [Anonymous Symbol]
    bsp.o(.text.init_peripherals) refers to gpio.o(.text.mygpio_init) for mygpio_init
    bsp.o(.text.init_peripherals) refers to adc.o(.text.myadc_init) for myadc_init
    bsp.o(.text.init_peripherals) refers to retarget.o(.text.RETARGET_SerialInit) for RETARGET_SerialInit
    bsp.o(.text.init_peripherals) refers to i2c.o(.text.i2c0_init) for i2c0_init
    bsp.o(.ARM.exidx.text.init_peripherals) refers to bsp.o(.text.init_peripherals) for [Anonymous Symbol]
    bsp.o(.text.led_on) refers to tremo_gpio.o(.text.gpio_init) for gpio_init
    bsp.o(.ARM.exidx.text.led_on) refers to bsp.o(.text.led_on) for [Anonymous Symbol]
    bsp.o(.text.led_off) refers to tremo_gpio.o(.text.gpio_init) for gpio_init
    bsp.o(.ARM.exidx.text.led_off) refers to bsp.o(.text.led_off) for [Anonymous Symbol]
    tremo_it.o(.ARM.exidx.text.NMI_Handler) refers to tremo_it.o(.text.NMI_Handler) for [Anonymous Symbol]
    tremo_it.o(.text.HardFault_Handler) refers to puts.o(i.puts) for puts
    tremo_it.o(.text.HardFault_Handler) refers to tremo_delay.o(.text.delay_ms) for delay_ms
    tremo_it.o(.text.HardFault_Handler) refers to tremo_it.o(.text.__NVIC_SystemReset) for __NVIC_SystemReset
    tremo_it.o(.ARM.exidx.text.HardFault_Handler) refers to tremo_it.o(.text.HardFault_Handler) for [Anonymous Symbol]
    tremo_it.o(.ARM.exidx.text.__NVIC_SystemReset) refers to tremo_it.o(.text.__NVIC_SystemReset) for [Anonymous Symbol]
    tremo_it.o(.ARM.exidx.text.MemManage_Handler) refers to tremo_it.o(.text.MemManage_Handler) for [Anonymous Symbol]
    tremo_it.o(.ARM.exidx.text.BusFault_Handler) refers to tremo_it.o(.text.BusFault_Handler) for [Anonymous Symbol]
    tremo_it.o(.ARM.exidx.text.UsageFault_Handler) refers to tremo_it.o(.text.UsageFault_Handler) for [Anonymous Symbol]
    tremo_it.o(.ARM.exidx.text.SVC_Handler) refers to tremo_it.o(.text.SVC_Handler) for [Anonymous Symbol]
    tremo_it.o(.ARM.exidx.text.PendSV_Handler) refers to tremo_it.o(.text.PendSV_Handler) for [Anonymous Symbol]
    tremo_it.o(.text.SysTick_Handler) refers to tremo_it.o(.bss.adc_ticks) for adc_ticks
    tremo_it.o(.text.SysTick_Handler) refers to tremo_adc.o(.text.adc_start) for adc_start
    tremo_it.o(.text.SysTick_Handler) refers to radio_proc.o(.bss.master) for master
    tremo_it.o(.text.SysTick_Handler) refers to radio_proc.o(.bss.tx_ticks) for tx_ticks
    tremo_it.o(.text.SysTick_Handler) refers to radio_proc.o(.data.inter_packet_delay) for inter_packet_delay
    tremo_it.o(.text.SysTick_Handler) refers to radio_proc.o(.bss.txpacketnumber) for txpacketnumber
    tremo_it.o(.text.SysTick_Handler) refers to radio_proc.o(.bss.txpacketcount) for txpacketcount
    tremo_it.o(.text.SysTick_Handler) refers to radio_proc.o(.bss.tx_needed) for tx_needed
    tremo_it.o(.text.SysTick_Handler) refers to puts.o(i.puts) for puts
    tremo_it.o(.ARM.exidx.text.SysTick_Handler) refers to tremo_it.o(.text.SysTick_Handler) for [Anonymous Symbol]
    tremo_it.o(.ARM.exidx.text.PWR_IRQHandler) refers to tremo_it.o(.text.PWR_IRQHandler) for [Anonymous Symbol]
    adc.o(.text.myadc_init) refers to tremo_rcc.o(.text.rcc_set_adc_clk_source) for rcc_set_adc_clk_source
[...]
    [Anonymous Symbol]                       0x08003970   Section        0  tremo_delay.o(.text.delay_us)
    [Anonymous Symbol]                       0x080039ac   Section        0  tremo_flash.o(.text.flash_erase_page)
    [Anonymous Symbol]                       0x08003a18   Section        0  tremo_flash.o(.text.flash_program_bytes)
    [Anonymous Symbol]                       0x08003ae0   Section        0  retarget.o(.text.fputc)
    [Anonymous Symbol]                       0x08003b04   Section        0  tremo_gpio.o(.text.gpio_config_drive_capability)
    [Anonymous Symbol]                       0x08003b1c   Section        0  tremo_gpio.o(.text.gpio_init)
    [Anonymous Symbol]                       0x08003c90   Section        0  tremo_gpio.o(.text.gpio_set_iomux)
    [Anonymous Symbol]                       0x08003cd4   Section        0  i2c.o(.text.i2c0_init)
    [Anonymous Symbol]                       0x08003d1e   Section        0  tremo_i2c.o(.text.i2c_cmd)
    [Anonymous Symbol]                       0x08003d40   Section        0  tremo_i2c.o(.text.i2c_config_init)
    [Anonymous Symbol]                       0x08003d48   Section        0  tremo_i2c.o(.text.i2c_init)
    [Anonymous Symbol]                       0x08003e04   Section        0  bsp.o(.text.init_peripherals)
    [Anonymous Symbol]                       0x08003e1a   Section        0  bsp.o(.text.init_power_clk)
    [Anonymous Symbol]                       0x08003e54   Section        0  bsp.o(.text.led_off)
    [Anonymous Symbol]                       0x08003e64   Section        0  bsp.o(.text.led_on)
    [Anonymous Symbol]                       0x08003e74   Section        0  lorac.o(.text.lorac_init)
    [Anonymous Symbol]                       0x08003ed0   Section        0  lorac.o(.text.lorac_reset)
    [Anonymous Symbol]                       0x08003f14   Section        0  lorac.o(.text.lorac_rfsw_rx)
    [Anonymous Symbol]                       0x08003f24   Section        0  lorac.o(.text.lorac_rfsw_tx)
    [Anonymous Symbol]                       0x08003f34   Section        0  lorac.o(.text.lorac_transferblock)
    [Anonymous Symbol]                       0x08003f90   Section        0  lorac.o(.text.lorac_wait_on_busy)
    [Anonymous Symbol]                       0x08003fa8   Section        0  main.o(.text.main)
    [Anonymous Symbol]                       0x08003ff0   Section        0  adc.o(.text.myadc_init)
    [Anonymous Symbol]                       0x080040a0   Section        0  gpio.o(.text.mygpio_init)
    [Anonymous Symbol]                       0x080040f6   Section        0  uart.o(.text.myuart_init)
    [Anonymous Symbol]                       0x08004164   Section        0  radio_proc.o(.text.printRxPacket)
    [Anonymous Symbol]                       0x08004274   Section        0  radio_proc.o(.text.radio_init)
    [Anonymous Symbol]                       0x080042d4   Section        0  radio_proc.o(.text.radio_proc)
    [Anonymous Symbol]                       0x08004608   Section        0  radio_proc.o(.text.radio_startburst)
    [Anonymous Symbol]                       0x08004638   Section        0  tremo_rcc.o(.text.rcc_enable_oscillator)
    [Anonymous Symbol]                       0x08004748   Section        0  tremo_rcc.o(.text.rcc_enable_peripheral_clk)
    [Anonymous Symbol]                       0x08004c6c   Section        0  tremo_rcc.o(.text.rcc_get_clk_freq)
    [Anonymous Symbol]                       0x08004ce4   Section        0  tremo_rcc.o(.text.rcc_get_uart0_clk_source)
    [Anonymous Symbol]                       0x08004cf2   Section        0  tremo_rcc.o(.text.rcc_get_uart1_clk_source)
    [Anonymous Symbol]                       0x08004d00   Section        0  tremo_rcc.o(.text.rcc_get_uart2_clk_source)
    [Anonymous Symbol]                       0x08004d0e   Section        0  tremo_rcc.o(.text.rcc_get_uart3_clk_source)
    [Anonymous Symbol]                       0x08004d1c   Section        0  tremo_rcc.o(.text.rcc_set_adc_clk_source)
    [Anonymous Symbol]                       0x08004d42   Section        0  tremo_rcc.o(.text.rcc_set_hclk_div)
    [Anonymous Symbol]                       0x08004d52   Section        0  tremo_rcc.o(.text.rcc_set_pclk_div)
    [Anonymous Symbol]                       0x08004d6e   Section        0  tremo_rcc.o(.text.rcc_set_sys_clk_source)
    [Anonymous Symbol]                       0x08004d7e   Section        0  tremo_rcc.o(.text.rcc_set_systick_source)
    [Anonymous Symbol]                       0x08004dac   Section        0  tremo_rcc.o(.text.rcc_set_uart0_clk_source)
    [Anonymous Symbol]                       0x08004dd2   Section        0  flash.o(.text.readconfig)
    [Anonymous Symbol]                       0x08004dec   Section        0  command_interpreter.o(.text.strtok_r)
    [Anonymous Symbol]                       0x08004e24   Section        0  sx126xx.o(.text.sx126x_GetStatus)
    [Anonymous Symbol]                       0x08004e48   Section        0  tremo_uart.o(.text.uart_cmd)
    [Anonymous Symbol]                       0x08004e54   Section        0  tremo_uart.o(.text.uart_config_init)
    [Anonymous Symbol]                       0x08004e6c   Section        0  tremo_uart.o(.text.uart_config_interrupt)
    [Anonymous Symbol]                       0x08004e7c   Section        0  tremo_uart.o(.text.uart_get_flag_status)
    [Anonymous Symbol]                       0x08004e88   Section        0  tremo_uart.o(.text.uart_init)
    [Anonymous Symbol]                       0x08004fcc   Section        0  tremo_uart.o(.text.uart_receive_data)
    [Anonymous Symbol]                       0x08004fd8   Section        0  tremo_uart.o(.text.uart_send_data)
    validateInteger                          0x08004fe3   Thumb Code    88  command_interpreter.o(.text.validateInteger)
    [Anonymous Symbol]                       0x08004fe2   Section        0  command_interpreter.o(.text.validateInteger)
    [Anonymous Symbol]                       0x0800503a   Section        0  flash.o(.text.writeconfig)
    i.__0printf                              0x08005074   Section        0  printfa.o(i.__0printf)
    i.__aeabi_errno_addr                     0x08005094   Section        0  errno.o(i.__aeabi_errno_addr)
    i.__scatterload_copy                     0x0800509c   Section       14  handlers.o(i.__scatterload_copy)
    i.__scatterload_null                     0x080050aa   Section        2  handlers.o(i.__scatterload_null)
    i.__scatterload_zeroinit                 0x080050ac   Section       14  handlers.o(i.__scatterload_zeroinit)
    _fp_digits                               0x080050bd   Thumb Code   366  printfa.o(i._fp_digits)
    i._fp_digits                             0x080050bc   Section        0  printfa.o(i._fp_digits)
    _printf_core                             0x08005241   Thumb Code  1744  printfa.o(i._printf_core)
    i._printf_core                           0x08005240   Section        0  printfa.o(i._printf_core)
    _printf_post_padding                     0x0800591d   Thumb Code    36  printfa.o(i._printf_post_padding)
    i._printf_post_padding                   0x0800591c   Section        0  printfa.o(i._printf_post_padding)
    _printf_pre_padding                      0x08005941   Thumb Code    46  printfa.o(i._printf_pre_padding)
    i._printf_pre_padding                    0x08005940   Section        0  printfa.o(i._printf_pre_padding)
    i.puts                                   0x08005970   Section        0  puts.o(i.puts)
    .constdata                               0x08005994   Section      129  ctype_o.o(.constdata)
    table                                    0x08005a18   Data           4  ctype_o.o(.constdata)
    .constdata                               0x08005a18   Section        4  ctype_o.o(.constdata)
    .Lswitch.table.cli_fs_getmodparams       0x08005a20   Data         184  app_cli.o(.rodata..Lswitch.table.cli_fs_getmodparams)
    .Lswitch.table.cli_fs_setpacketparams    0x08005ad8   Data          28  app_cli.o(.rodata..Lswitch.table.cli_fs_setpacketparams)
    .Lswitch.table.cli_lr_getmodparams       0x08005af8   Data          88  app_cli.o(.rodata..Lswitch.table.cli_lr_getmodparams)
    .Lswitch.table.cli_lr_setmodparams       0x08005b50   Data          20  app_cli.o(.rodata..Lswitch.table.cli_lr_setmodparams)
    .L.str.226                               0x08005b64   Data           9  app_cli.o(.rodata.str1.1)
    [Anonymous Symbol]                       0x08005b64   Section        0  app_cli.o(.rodata.str1.1)
    .L.str.229                               0x08005b6d   Data          66  app_cli.o(.rodata.str1.1)
    .L.str.230                               0x08005baf   Data          66  app_cli.o(.rodata.str1.1)
    .L.str.208                               0x08005bf1   Data          13  app_cli.o(.rodata.str1.1)
    .Lstr.340                                0x08005c76   Data          11  app_cli.o(.rodata.str1.1)
    .Lstr.347                                0x08005c81   Data          13  app_cli.o(.rodata.str1.1)
    .Lstr.300                                0x08005c85   Data           9  app_cli.o(.rodata.str1.1)
    .Lstr.338                                0x08005c9f   Data          16  app_cli.o(.rodata.str1.1)
    .Lstr.359                                0x08005cec   Data          16  app_cli.o(.rodata.str1.1)
    .Lstr.348                                0x08005d05   Data          11  app_cli.o(.rodata.str1.1)
    .Lstr.339                                0x08005d10   Data          15  app_cli.o(.rodata.str1.1)
    .Lstr.314                                0x08005d1a   Data           5  app_cli.o(.rodata.str1.1)
    .Lstr.349                                0x08005d45   Data          10  app_cli.o(.rodata.str1.1)
    .Lstr.315                                0x08005d4b   Data           4  app_cli.o(.rodata.str1.1)
    .Lstr.341                                0x08005d75   Data           9  app_cli.o(.rodata.str1.1)
    .Lstr.337                                0x08005d7e   Data          19  app_cli.o(.rodata.str1.1)
    .Lstr.311                                0x08005db1   Data          10  app_cli.o(.rodata.str1.1)
    .Lstr.310                                0x08005dbb   Data          10  app_cli.o(.rodata.str1.1)
    .Lstr.275                                0x08005e1c   Data          16  app_cli.o(.rodata.str1.1)
    .Lstr.283                                0x08005e2c   Data          16  app_cli.o(.rodata.str1.1)
    .L.str.225                               0x08005e5c   Data           8  app_cli.o(.rodata.str1.1)
    .L.str.188                               0x08005e64   Data           5  app_cli.o(.rodata.str1.1)
    .L.str.189                               0x08005e69   Data          10  app_cli.o(.rodata.str1.1)
    .L.str.174                               0x08005e73   Data           4  app_cli.o(.rodata.str1.1)
    .L.str.181                               0x08005e77   Data           7  app_cli.o(.rodata.str1.1)
    .L.str.5                                 0x08006557   Data           1  app_cli.o(.rodata.str1.1)
    .Lstr.6                                  0x08006558   Data           6  radio_proc.o(.rodata.str1.1)
    [Anonymous Symbol]                       0x08006558   Section        0  radio_proc.o(.rodata.str1.1)
    .Lstr.16                                 0x0800655e   Data          85  command_interpreter.o(.rodata.str1.1)
    [Anonymous Symbol]                       0x0800655e   Section        0  command_interpreter.o(.rodata.str1.1)
    .Lstr.18                                 0x080065b1   Data           2  command_interpreter.o(.rodata.str1.1)
    .L.str.11                                0x080065b3   Data           5  command_interpreter.o(.rodata.str1.1)
    .data                                    0x20000000   Section        4  stdout.o(.data)
    _errno                                   0x20000004   Data           4  errno.o(.data)
    .data                                    0x20000004   Section        4  errno.o(.data)
    fac_us                                   0x20000614   Data           1  tremo_delay.o(.bss.fac_us)
    [Anonymous Symbol]                       0x20000614   Section        0  tremo_delay.o(.bss.fac_us)
    initialized                              0x2000161c   Data           1  retarget.o(.bss.initialized)
    [Anonymous Symbol]                       0x2000161c   Section        0  retarget.o(.bss.initialized)
    phase                                    0x20001823   Data           1  adc.o(.bss.phase)
    [Anonymous Symbol]                       0x20001823   Section        0  adc.o(.bss.phase)
    radio_proc.phase                         0x200018c0   Data           1  radio_proc.o(.bss.radio_proc.phase)
    [Anonymous Symbol]                       0x200018c0   Section        0  radio_proc.o(.bss.radio_proc.phase)
    rxCount                                  0x20001ac4   Data           4  retarget.o(.bss.rxCount)
    [Anonymous Symbol]                       0x20001ac4   Section        0  retarget.o(.bss.rxCount)
    rxReadIndex                              0x20001ac8   Data           4  retarget.o(.bss.rxReadIndex)
    [Anonymous Symbol]                       0x20001ac8   Section        0  retarget.o(.bss.rxReadIndex)
    rxWriteIndex                             0x20001acc   Data           4  retarget.o(.bss.rxWriteIndex)
    [Anonymous Symbol]                       0x20001acc   Section        0  retarget.o(.bss.rxWriteIndex)
    STACK                                    0x20001b40   Section     2048  startup_tremo.o(STACK)

    Global Symbols

    Symbol Name                              Value     Ov Type        Size  Object(Section)

    BuildAttributes$$THM_ISAv4$E$P$D$K$B$S$7EM$VFPi3$EXTD16$VFPS$VFMA$PE$A:L22UL41UL21$X:L11$S22US41US21$IEEE1$IW$~IW$USESV6$~STKCKD$USESV7$~SHL$OTIME$ROPI$EBA8$MICROLIB$REQ8$PRES8$EABIv2 0x00000000   Number         0  anon$$obj.o ABSOLUTE
    _printf_a                                0x00000000   Number         0  printfstubs.o ABSOLUTE
    _printf_c                                0x00000000   Number         0  printfstubs.o ABSOLUTE
    _printf_charcount                        0x00000000   Number         0  printfstubs.o ABSOLUTE
    _printf_d                                0x00000000   Number         0  printfstubs.o ABSOLUTE
    _printf_e                                0x00000000   Number         0  printfstubs.o ABSOLUTE
    _printf_f                                0x00000000   Number         0  printfstubs.o ABSOLUTE
    _printf_flags                            0x00000000   Number         0  printfstubs.o ABSOLUTE
    _printf_fp_dec                           0x00000000   Number         0  printfstubs.o ABSOLUTE
    _printf_fp_hex                           0x00000000   Number         0  printfstubs.o ABSOLUTE
    _printf_g                                0x00000000   Number         0  printfstubs.o ABSOLUTE
    _printf_i                                0x00000000   Number         0  printfstubs.o ABSOLUTE
    _printf_int_dec                          0x00000000   Number         0  printfstubs.o ABSOLUTE
    _printf_l                                0x00000000   Number         0  printfstubs.o ABSOLUTE
    _printf_lc                               0x00000000   Number         0  printfstubs.o ABSOLUTE
    _printf_ll                               0x00000000   Number         0  printfstubs.o ABSOLUTE
    _printf_lld                              0x00000000   Number         0  printfstubs.o ABSOLUTE
    _printf_lli                              0x00000000   Number         0  printfstubs.o ABSOLUTE
    _printf_llo                              0x00000000   Number         0  printfstubs.o ABSOLUTE
    _printf_llu                              0x00000000   Number         0  printfstubs.o ABSOLUTE
    _printf_llx                              0x00000000   Number         0  printfstubs.o ABSOLUTE
    _printf_longlong_dec                     0x00000000   Number         0  printfstubs.o ABSOLUTE
    _printf_longlong_hex                     0x00000000   Number         0  printfstubs.o ABSOLUTE
    _printf_longlong_oct                     0x00000000   Number         0  printfstubs.o ABSOLUTE
    _printf_ls                               0x00000000   Number         0  printfstubs.o ABSOLUTE
    _printf_mbtowc                           0x00000000   Number         0  printfstubs.o ABSOLUTE
    _printf_n                                0x00000000   Number         0  printfstubs.o ABSOLUTE
    _printf_o                                0x00000000   Number         0  printfstubs.o ABSOLUTE
    _printf_p                                0x00000000   Number         0  printfstubs.o ABSOLUTE
    _printf_percent                          0x00000000   Number         0  printfstubs.o ABSOLUTE
    _printf_pre_padding                      0x00000000   Number         0  printfstubs.o ABSOLUTE
    _printf_return_value                     0x00000000   Number         0  printfstubs.o ABSOLUTE
    _printf_s                                0x00000000   Number         0  printfstubs.o ABSOLUTE
    _printf_sizespec                         0x00000000   Number         0  printfstubs.o ABSOLUTE
    _printf_str                              0x00000000   Number         0  printfstubs.o ABSOLUTE
    _printf_truncate_signed                  0x00000000   Number         0  printfstubs.o ABSOLUTE
    _printf_truncate_unsigned                0x00000000   Number         0  printfstubs.o ABSOLUTE
    _printf_u                                0x00000000   Number         0  printfstubs.o ABSOLUTE
    _printf_wc                               0x00000000   Number         0  printfstubs.o ABSOLUTE
    _printf_wctomb                           0x00000000   Number         0  printfstubs.o ABSOLUTE
    _printf_widthprec                        0x00000000   Number         0  printfstubs.o ABSOLUTE
    _printf_x                                0x00000000   Number         0  printfstubs.o ABSOLUTE
    __cpp_initialize__aeabi_                  - Undefined Weak Reference
    __cxa_finalize                            - Undefined Weak Reference
    _clock_init                               - Undefined Weak Reference
    _microlib_exit                            - Undefined Weak Reference
    __Vectors_Size                           0x000000d4   Number         0  startup_tremo.o ABSOLUTE
    __Vectors                                0x08000000   Data           4  startup_tremo.o(RESET)
    __Vectors_End                            0x080000d4   Data           0  startup_tremo.o(RESET)
    __main                                   0x080000d5   Thumb Code     0  entry.o(.ARM.Collect$$$$00000000)
    _main_stk                                0x080000d5   Thumb Code     0  entry2.o(.ARM.Collect$$$$00000001)
    _main_scatterload                        0x080000d9   Thumb Code     0  entry5.o(.ARM.Collect$$$$00000004)
    __main_after_scatterload                 0x080000dd   Thumb Code     0  entry5.o(.ARM.Collect$$$$00000004)
    _main_clock                              0x080000dd   Thumb Code     0  entry7b.o(.ARM.Collect$$$$00000008)
    _main_cpp_init                           0x080000dd   Thumb Code     0  entry8b.o(.ARM.Collect$$$$0000000A)
    _main_init                               0x080000dd   Thumb Code     0  entry9a.o(.ARM.Collect$$$$0000000B)
    __rt_final_cpp                           0x080000e5   Thumb Code     0  entry10a.o(.ARM.Collect$$$$0000000D)
    __rt_final_exit                          0x080000e5   Thumb Code     0  entry11a.o(.ARM.Collect$$$$0000000F)
    Reset_Handler                            0x080000e9   Thumb Code     8  startup_tremo.o(.text)
    DebugMon_Handler                         0x080000fd   Thumb Code     2  startup_tremo.o(.text)
    AFEC_IRQHandler                          0x08000103   Thumb Code     0  startup_tremo.o(.text)
    BSTIMER0_IRQHandler                      0x08000103   Thumb Code     0  startup_tremo.o(.text)
    BSTIMER1_IRQHandler                      0x08000103   Thumb Code     0  startup_tremo.o(.text)
    DMA0_IRQHandler                          0x08000103   Thumb Code     0  startup_tremo.o(.text)
    DMA1IRQHandler                           0x08000103   Thumb Code     0  startup_tremo.o(.text)
    DMA1_IRQHandler                          0x08000103   Thumb Code     0  startup_tremo.o(.text)
    EFC_IRQHandler                           0x08000103   Thumb Code     0  startup_tremo.o(.text)
    GPIO_IRQHandler                          0x08000103   Thumb Code     0  startup_tremo.o(.text)
    I2C0_IRQHandler                          0x08000103   Thumb Code     0  startup_tremo.o(.text)
    I2C1_IRQHandler                          0x08000103   Thumb Code     0  startup_tremo.o(.text)
    I2C2_IRQHandler                          0x08000103   Thumb Code     0  startup_tremo.o(.text)
    I2S_IRQHandler                           0x08000103   Thumb Code     0  startup_tremo.o(.text)
    IWDG_IRQHandler                          0x08000103   Thumb Code     0  startup_tremo.o(.text)
    LCD_IRQHandler                           0x08000103   Thumb Code     0  startup_tremo.o(.text)
    LPTIMER0_IRQHandler                      0x08000103   Thumb Code     0  startup_tremo.o(.text)
    LPTIMER1_IRQHandler                      0x08000103   Thumb Code     0  startup_tremo.o(.text)
    LPUART_IRQHandler                        0x08000103   Thumb Code     0  startup_tremo.o(.text)
    QSPI_IRQHandler                          0x08000103   Thumb Code     0  startup_tremo.o(.text)
    RTC_IRQHandler                           0x08000103   Thumb Code     0  startup_tremo.o(.text)
    SAC_IRQHandler                           0x08000103   Thumb Code     0  startup_tremo.o(.text)
    SCC_IRQHandler                           0x08000103   Thumb Code     0  startup_tremo.o(.text)
    SEC_IRQHandler                           0x08000103   Thumb Code     0  startup_tremo.o(.text)
    SSP0_IRQHandler                          0x08000103   Thumb Code     0  startup_tremo.o(.text)
    SSP1_IRQHandler                          0x08000103   Thumb Code     0  startup_tremo.o(.text)
    SSP2_IRQHandler                          0x08000103   Thumb Code     0  startup_tremo.o(.text)
    TIMER0_IRQHandler                        0x08000103   Thumb Code     0  startup_tremo.o(.text)
    TIMER1_IRQHandler                        0x08000103   Thumb Code     0  startup_tremo.o(.text)
    TIMER2_IRQHandler                        0x08000103   Thumb Code     0  startup_tremo.o(.text)
    TIMER3_IRQHandler                        0x08000103   Thumb Code     0  startup_tremo.o(.text)
    UART1_IRQHandler                         0x08000103   Thumb Code     0  startup_tremo.o(.text)
    UART2_IRQHandler                         0x08000103   Thumb Code     0  startup_tremo.o(.text)
    UART3_IRQHandler                         0x08000103   Thumb Code     0  startup_tremo.o(.text)
    WDG_IRQHandler                           0x08000103   Thumb Code     0  startup_tremo.o(.text)
    ___aeabi_memcpy8$move                    0x0800010d   Thumb Code     0  memmovea.o(.text)
    __aeabi_memcpy                           0x0800010d   Thumb Code    64  memmovea.o(.text)
    __aeabi_memcpy4                          0x0800010d   Thumb Code     0  memmovea.o(.text)
    __aeabi_memmove                          0x0800010d   Thumb Code     0  memmovea.o(.text)
    __aeabi_memmove4                         0x0800010d   Thumb Code     0  memmovea.o(.text)
    __aeabi_memmove8                         0x0800010d   Thumb Code     0  memmovea.o(.text)
    strchr                                   0x0800014d   Thumb Code    20  strchr.o(.text)
    strlen                                   0x08000161   Thumb Code    14  strlen.o(.text)
    strcmp                                   0x0800016f   Thumb Code    28  strcmp.o(.text)
    strspn                                   0x0800018b   Thumb Code    28  strspn.o(.text)
    strcspn                                  0x080001a7   Thumb Code    34  strcspn.o(.text)
    strcasecmp                               0x080001c9   Thumb Code    42  strcasecmp.o(.text)
    strtol                                   0x080001f3   Thumb Code   112  strtol.o(.text)
    strtoul                                  0x08000263   Thumb Code   114  strtoul.o(.text)
    __aeabi_dadd                             0x080002d5   Thumb Code   322  dadd.o(.text)
    __aeabi_dsub                             0x08000417   Thumb Code     6  dadd.o(.text)
    __aeabi_drsub                            0x0800041d   Thumb Code     6  dadd.o(.text)
    __aeabi_dmul                             0x08000423   Thumb Code   228  dmul.o(.text)
    __aeabi_ddiv                             0x08000507   Thumb Code   222  ddiv.o(.text)
    __aeabi_ui2d                             0x080005e5   Thumb Code    26  dfltui.o(.text)
    __aeabi_d2uiz                            0x080005ff   Thumb Code    50  dfixui.o(.text)
    __aeabi_f2d                              0x08000631   Thumb Code    38  f2d.o(.text)
    __aeabi_d2f                              0x08000657   Thumb Code    56  d2f.o(.text)
    __aeabi_uidiv                            0x0800068f   Thumb Code     0  uidiv.o(.text)
    __aeabi_uidivmod                         0x0800068f   Thumb Code    44  uidiv.o(.text)
    __aeabi_uldivmod                         0x080006bb   Thumb Code    98  uldiv.o(.text)
    __aeabi_llsl                             0x0800071d   Thumb Code    30  llshl.o(.text)
    _ll_shift_l                              0x0800071d   Thumb Code     0  llshl.o(.text)
    __aeabi_llsr                             0x0800073b   Thumb Code    32  llushr.o(.text)
    _ll_ushift_r                             0x0800073b   Thumb Code     0  llushr.o(.text)
    __aeabi_lasr                             0x0800075b   Thumb Code    36  llsshr.o(.text)
    _ll_sshift_r                             0x0800075b   Thumb Code     0  llsshr.o(.text)
    __rt_ctype_table                         0x08000781   Thumb Code     4  ctype_o.o(.text)
    tolower                                  0x08000789   Thumb Code    12  tolower.o(.text)
    _strtoul                                 0x08000795   Thumb Code   158  _strtoul.o(.text)
    __I$use$fp                               0x08000833   Thumb Code     0  iusefp.o(.text)
    _float_round                             0x08000833   Thumb Code    18  fepilogue.o(.text)
    _float_epilogue                          0x08000845   Thumb Code    92  fepilogue.o(.text)
    _double_round                            0x080008a1   Thumb Code    30  depilogue.o(.text)
    _double_epilogue                         0x080008bf   Thumb Code   156  depilogue.o(.text)
    __aeabi_d2ulz                            0x0800095b   Thumb Code    48  dfixul.o(.text)
    __aeabi_cdrcmple                         0x0800098d   Thumb Code    48  cdrcmple.o(.text)
    __scatterload                            0x080009bd   Thumb Code    38  init.o(.text)
    __scatterload_rt2                        0x080009bd   Thumb Code     0  init.o(.text)
    _chval                                   0x080009ed   Thumb Code    28  _chval.o(.text)
    __decompress                             0x08000a09   Thumb Code     0  __dczerorl2.o(.text)
    __decompress1                            0x08000a09   Thumb Code    86  __dczerorl2.o(.text)
    ADC_IRQHandler                           0x08000a61   Thumb Code   184  adc.o(.text.ADC_IRQHandler)
    BusFault_Handler                         0x08000b21   Thumb Code     2  tremo_it.o(.text.BusFault_Handler)
    HardFault_Handler                        0x08000b25   Thumb Code    16  tremo_it.o(.text.HardFault_Handler)
    LORA_IRQHandler                          0x08000b49   Thumb Code    68  radio_proc.o(.text.LORA_IRQHandler)
    MemManage_Handler                        0x08000b8d   Thumb Code     2  tremo_it.o(.text.MemManage_Handler)
    NMI_Handler                              0x08000b8f   Thumb Code     2  tremo_it.o(.text.NMI_Handler)
    PWR_IRQHandler                           0x08000b91   Thumb Code     2  tremo_it.o(.text.PWR_IRQHandler)
    PendSV_Handler                           0x08000b93   Thumb Code     2  tremo_it.o(.text.PendSV_Handler)
    RADIO_setctune                           0x08000b95   Thumb Code    82  radio_proc.o(.text.RADIO_setctune)
    RETARGET_ReadChar                        0x08000be7   Thumb Code   112  retarget.o(.text.RETARGET_ReadChar)
    RETARGET_SerialInit                      0x08000c57   Thumb Code    44  retarget.o(.text.RETARGET_SerialInit)
    SVC_Handler                              0x08000c83   Thumb Code     2  tremo_it.o(.text.SVC_Handler)
    SX126X_CalibrateIR                       0x08000c85   Thumb Code    90  sx126xx.o(.text.SX126X_CalibrateIR)
    SX126X_ClearIrqStatus                    0x08000cdf   Thumb Code    26  sx126xx.o(.text.SX126X_ClearIrqStatus)
    SX126X_GetFskPacketStatus                0x08000cf9   Thumb Code    64  sx126xx.o(.text.SX126X_GetFskPacketStatus)
    SX126X_GetIrqStatus                      0x08000d39   Thumb Code    36  sx126xx.o(.text.SX126X_GetIrqStatus)
    SX126X_GetLoRaPacketStatus               0x08000d5d   Thumb Code    64  sx126xx.o(.text.SX126X_GetLoRaPacketStatus)
    SX126X_GetRssiInst                       0x08000d9d   Thumb Code    36  sx126xx.o(.text.SX126X_GetRssiInst)
    SX126X_SetChannel                        0x08000dc1   Thumb Code    88  sx126xx.o(.text.SX126X_SetChannel)
    SX126X_SetFskCrcWhitening                0x08000e21   Thumb Code   156  sx126xx.o(.text.SX126X_SetFskCrcWhitening)
    SX126X_SetFskModParams                   0x08000ebd   Thumb Code   126  sx126xx.o(.text.SX126X_SetFskModParams)
    SX126X_SetFskSyncWord                    0x08000f3d   Thumb Code    52  sx126xx.o(.text.SX126X_SetFskSyncWord)
    SX126X_SetLoRaModParams                  0x08000f71   Thumb Code   118  sx126xx.o(.text.SX126X_SetLoRaModParams)
    SX126X_SetLoRaPacketParams               0x08000fe7   Thumb Code   104  sx126xx.o(.text.SX126X_SetLoRaPacketParams)
    SX126X_SetPaConfig                       0x0800104f   Thumb Code    44  sx126xx.o(.text.SX126X_SetPaConfig)
    SX126X_SetTxParams                       0x0800107b   Thumb Code   140  sx126xx.o(.text.SX126X_SetTxParams)
    SX126X_Wakeup                            0x08001109   Thumb Code    78  lorac.o(.text.SX126X_Wakeup)
    SX126X_config                            0x08001157   Thumb Code   266  sx126xx.o(.text.SX126X_config)
    SX126X_initconfigstructure               0x08001261   Thumb Code   248  sx126xx.o(.text.SX126X_initconfigstructure)
    SX126X_readbuffer                        0x0800136d   Thumb Code    74  sx126xx.o(.text.SX126X_readbuffer)
    SX126X_readreg                           0x080013b7   Thumb Code    44  sx126xx.o(.text.SX126X_readreg)
    SX126X_setopmode                         0x080013e5   Thumb Code   308  sx126xx.o(.text.SX126X_setopmode)
    SX126X_writebuffer                       0x08001519   Thumb Code    48  sx126xx.o(.text.SX126X_writebuffer)
    SX126X_writereg                          0x08001549   Thumb Code    26  sx126xx.o(.text.SX126X_writereg)
    SX126xx_FskConfig                        0x08001563   Thumb Code   252  sx126xx.o(.text.SX126xx_FskConfig)
    SX126xx_LoRaConfig                       0x0800165f   Thumb Code   142  sx126xx.o(.text.SX126xx_LoRaConfig)
    SysTick_Handler                          0x080016ed   Thumb Code   140  tremo_it.o(.text.SysTick_Handler)
    SystemInit                               0x0800178d   Thumb Code    88  system_tremo.o(.text.SystemInit)
    UART0_IRQHandler                         0x080017e5   Thumb Code     4  uart.o(.text.UART0_IRQHandler)
    UsageFault_Handler                       0x080017e9   Thumb Code     2  tremo_it.o(.text.UsageFault_Handler)
    adc_clear_interrupt_status               0x08001835   Thumb Code    26  tremo_adc.o(.text.adc_clear_interrupt_status)
    adc_config_clock_division                0x0800184f   Thumb Code    36  tremo_adc.o(.text.adc_config_clock_division)
    adc_config_conv_mode                     0x08001873   Thumb Code    24  tremo_adc.o(.text.adc_config_conv_mode)
    adc_config_interrupt                     0x0800188b   Thumb Code    24  tremo_adc.o(.text.adc_config_interrupt)
    adc_config_sample_sequence               0x080018a3   Thumb Code    60  tremo_adc.o(.text.adc_config_sample_sequence)
    adc_enable                               0x080018df   Thumb Code    42  tremo_adc.o(.text.adc_enable)
    adc_enable_vbat31                        0x08001909   Thumb Code    22  tremo_adc.o(.text.adc_enable_vbat31)
    adc_get_calibration_value                0x08001921   Thumb Code   152  tremo_adc.o(.text.adc_get_calibration_value)
    adc_get_data                             0x080019d9   Thumb Code    16  tremo_adc.o(.text.adc_get_data)
    adc_init                                 0x080019e9   Thumb Code    22  tremo_adc.o(.text.adc_init)
    adc_start                                0x080019ff   Thumb Code    42  tremo_adc.o(.text.adc_start)
    cbRETARGET_Rx                            0x08001a29   Thumb Code   106  retarget.o(.text.cbRETARGET_Rx)
    ciErrorCallback                          0x08001a95   Thumb Code    20  app_cli.o(.text.ciErrorCallback)
    ciGetSigned                              0x08001ab5   Thumb Code     8  command_interpreter.o(.text.ciGetSigned)
    ciGetUnsigned                            0x08001abd   Thumb Code     8  command_interpreter.o(.text.ciGetUnsigned)
    ciInitState                              0x08001ac5   Thumb Code    34  command_interpreter.o(.text.ciInitState)
    ciPrintHelp                              0x08001ae9   Thumb Code   252  command_interpreter.o(.text.ciPrintHelp)
    ciProcessInput                           0x08001c21   Thumb Code   704  command_interpreter.o(.text.ciProcessInput)
    cli_aesenable                            0x08001eed   Thumb Code     8  app_cli.o(.text.cli_aesenable)
    cli_dumpregs                             0x08001f05   Thumb Code    68  app_cli.o(.text.cli_dumpregs)
    cli_fs_getaddr                           0x08001f65   Thumb Code    24  app_cli.o(.text.cli_fs_getaddr)
    cli_fs_getcrcwhite                       0x08001f9d   Thumb Code    32  app_cli.o(.text.cli_fs_getcrcwhite)
    cli_fs_getmodparams                      0x08001fc1   Thumb Code    72  app_cli.o(.text.cli_fs_getmodparams)
    cli_fs_getpacketparams                   0x08002045   Thumb Code   192  app_cli.o(.text.cli_fs_getpacketparams)
    cli_fs_getsync                           0x0800215d   Thumb Code    68  app_cli.o(.text.cli_fs_getsync)
    cli_fs_setaddr                           0x080021b1   Thumb Code    72  app_cli.o(.text.cli_fs_setaddr)
    cli_fs_setcrcwhite                       0x0800222d   Thumb Code   100  app_cli.o(.text.cli_fs_setcrcwhite)
    cli_fs_setmodparams                      0x080022c1   Thumb Code   464  app_cli.o(.text.cli_fs_setmodparams)
    cli_fs_setpacketparams                   0x080025a1   Thumb Code   328  app_cli.o(.text.cli_fs_setpacketparams)
    cli_fs_setsync                           0x0800275d   Thumb Code   132  app_cli.o(.text.cli_fs_setsync)
    cli_getRSSI                              0x08002805   Thumb Code    44  app_cli.o(.text.cli_getRSSI)
    cli_getaeskey                            0x08002849   Thumb Code     8  app_cli.o(.text.cli_getaeskey)
    cli_getautosendparams                    0x08002869   Thumb Code    24  app_cli.o(.text.cli_getautosendparams)
    cli_getchannel                           0x0800289d   Thumb Code    20  app_cli.o(.text.cli_getchannel)
    cli_getctune                             0x080028c5   Thumb Code    32  app_cli.o(.text.cli_getctune)
    cli_getdevid                             0x080028f5   Thumb Code    16  app_cli.o(.text.cli_getdevid)
    cli_getfreq                              0x08002919   Thumb Code    20  app_cli.o(.text.cli_getfreq)
    cli_getgpsdata                           0x08002941   Thumb Code     8  app_cli.o(.text.cli_getgpsdata)
    cli_getmodem                             0x08002959   Thumb Code    24  app_cli.o(.text.cli_getmodem)
    cli_getopmode                            0x08002995   Thumb Code    36  app_cli.o(.text.cli_getopmode)
    cli_getpower                             0x080029d9   Thumb Code    20  app_cli.o(.text.cli_getpower)
    cli_getramptime                          0x08002a01   Thumb Code    16  app_cli.o(.text.cli_getramptime)
    cli_getrxcount                           0x08002a29   Thumb Code     8  app_cli.o(.text.cli_getrxcount)
    cli_getsleepparams                       0x08002a45   Thumb Code     8  app_cli.o(.text.cli_getsleepparams)
    cli_getstatus                            0x08002a65   Thumb Code    20  app_cli.o(.text.cli_getstatus)
    cli_gettimeouts                          0x08002a91   Thumb Code    44  app_cli.o(.text.cli_gettimeouts)
    cli_getver                               0x08002ad5   Thumb Code    12  app_cli.o(.text.cli_getver)
    cli_getvt                                0x08002b01   Thumb Code    60  app_cli.o(.text.cli_getvt)
    cli_getxoparams                          0x08002b55   Thumb Code    24  app_cli.o(.text.cli_getxoparams)
    cli_info                                 0x08002b85   Thumb Code    24  app_cli.o(.text.cli_info)
    cli_init                                 0x08002bb1   Thumb Code    32  app_cli.o(.text.cli_init)
    cli_initconfig                           0x08002bd1   Thumb Code    32  app_cli.o(.text.cli_initconfig)
    cli_lr_getmodparams                      0x08002c21   Thumb Code   152  app_cli.o(.text.cli_lr_getmodparams)
    cli_lr_getpacketparams                   0x08002ce5   Thumb Code   128  app_cli.o(.text.cli_lr_getpacketparams)
    cli_lr_getsymboltimeout                  0x08002d9d   Thumb Code     8  app_cli.o(.text.cli_lr_getsymboltimeout)
    cli_lr_getsync                           0x08002dc5   Thumb Code    16  app_cli.o(.text.cli_lr_getsync)
    cli_lr_setmodparams                      0x08002df1   Thumb Code   352  app_cli.o(.text.cli_lr_setmodparams)
    cli_lr_setpacketparams                   0x08002fe1   Thumb Code   224  app_cli.o(.text.cli_lr_setpacketparams)
    cli_lr_setsymboltimeout                  0x08003115   Thumb Code    24  app_cli.o(.text.cli_lr_setsymboltimeout)
    cli_lr_setsync                           0x08003165   Thumb Code    48  app_cli.o(.text.cli_lr_setsync)
    cli_proc                                 0x080031c1   Thumb Code    42  app_cli.o(.text.cli_proc)
    cli_readreg                              0x080031ed   Thumb Code    28  app_cli.o(.text.cli_readreg)
    cli_reset                                0x0800321d   Thumb Code    16  app_cli.o(.text.cli_reset)
    cli_sendburst                            0x08003239   Thumb Code    92  app_cli.o(.text.cli_sendburst)
    cli_setaesiv                             0x080032ad   Thumb Code     8  app_cli.o(.text.cli_setaesiv)
    cli_setaeskey                            0x080032c9   Thumb Code     8  app_cli.o(.text.cli_setaeskey)
    cli_setautosendparams                    0x080032e5   Thumb Code    72  app_cli.o(.text.cli_setautosendparams)
    cli_setchannel                           0x08003349   Thumb Code    36  app_cli.o(.text.cli_setchannel)
    cli_setctune                             0x08003381   Thumb Code    36  app_cli.o(.text.cli_setctune)
    cli_setdevid                             0x080033b5   Thumb Code    36  app_cli.o(.text.cli_setdevid)
    cli_setem                                0x080033ed   Thumb Code     8  app_cli.o(.text.cli_setem)
    cli_setfreq                              0x08003405   Thumb Code    48  app_cli.o(.text.cli_setfreq)
    cli_setmodem                             0x08003449   Thumb Code    52  app_cli.o(.text.cli_setmodem)
    cli_setopmode                            0x080034b5   Thumb Code    76  app_cli.o(.text.cli_setopmode)
    cli_setpaconfig                          0x08003521   Thumb Code    56  app_cli.o(.text.cli_setpaconfig)
    cli_setpower                             0x08003571   Thumb Code    60  app_cli.o(.text.cli_setpower)
    cli_setramptime                          0x080035c1   Thumb Code    36  app_cli.o(.text.cli_setramptime)
    cli_setsleepparams                       0x080035fd   Thumb Code     8  app_cli.o(.text.cli_setsleepparams)
    cli_settimeouts                          0x0800361d   Thumb Code    72  app_cli.o(.text.cli_settimeouts)
    cli_setxoparams                          0x0800367d   Thumb Code    52  app_cli.o(.text.cli_setxoparams)
    cli_startrxcount                         0x080036c9   Thumb Code     8  app_cli.o(.text.cli_startrxcount)
    cli_stopburst                            0x080036e9   Thumb Code    40  app_cli.o(.text.cli_stopburst)
    cli_stoprxcount                          0x08003731   Thumb Code     8  app_cli.o(.text.cli_stoprxcount)
    cli_storechannel                         0x08003751   Thumb Code    28  app_cli.o(.text.cli_storechannel)
    cli_storeconfig                          0x08003781   Thumb Code    16  app_cli.o(.text.cli_storeconfig)
    cli_sweeprx                              0x080037a5   Thumb Code     8  app_cli.o(.text.cli_sweeprx)
    cli_sweeptx                              0x080037bd   Thumb Code     8  app_cli.o(.text.cli_sweeptx)
    cli_txstream                             0x080037d5   Thumb Code   132  app_cli.o(.text.cli_txstream)
    cli_writereg                             0x08003881   Thumb Code    48  app_cli.o(.text.cli_writereg)
    delay_init                               0x080038cd   Thumb Code    98  tremo_delay.o(.text.delay_init)
    delay_ms                                 0x08003931   Thumb Code    64  tremo_delay.o(.text.delay_ms)
    delay_us                                 0x08003971   Thumb Code    60  tremo_delay.o(.text.delay_us)
    flash_erase_page                         0x080039ad   Thumb Code   108  tremo_flash.o(.text.flash_erase_page)
    flash_program_bytes                      0x08003a19   Thumb Code   198  tremo_flash.o(.text.flash_program_bytes)
    fputc                                    0x08003ae1   Thumb Code    36  retarget.o(.text.fputc)
    gpio_config_drive_capability             0x08003b05   Thumb Code    22  tremo_gpio.o(.text.gpio_config_drive_capability)
    gpio_init                                0x08003b1d   Thumb Code   372  tremo_gpio.o(.text.gpio_init)
    gpio_set_iomux                           0x08003c91   Thumb Code    68  tremo_gpio.o(.text.gpio_set_iomux)
    i2c0_init                                0x08003cd5   Thumb Code    74  i2c.o(.text.i2c0_init)
    i2c_cmd                                  0x08003d1f   Thumb Code    34  tremo_i2c.o(.text.i2c_cmd)
    i2c_config_init                          0x08003d41   Thumb Code     8  tremo_i2c.o(.text.i2c_config_init)
    i2c_init                                 0x08003d49   Thumb Code   188  tremo_i2c.o(.text.i2c_init)
    init_peripherals                         0x08003e05   Thumb Code    22  bsp.o(.text.init_peripherals)
    init_power_clk                           0x08003e1b   Thumb Code    58  bsp.o(.text.init_power_clk)
    led_off                                  0x08003e55   Thumb Code    16  bsp.o(.text.led_off)
    led_on                                   0x08003e65   Thumb Code    16  bsp.o(.text.led_on)
    lorac_init                               0x08003e75   Thumb Code    90  lorac.o(.text.lorac_init)
    lorac_reset                              0x08003ed1   Thumb Code    68  lorac.o(.text.lorac_reset)
    lorac_rfsw_rx                            0x08003f15   Thumb Code    16  lorac.o(.text.lorac_rfsw_rx)
    lorac_rfsw_tx                            0x08003f25   Thumb Code    16  lorac.o(.text.lorac_rfsw_tx)
    lorac_transferblock                      0x08003f35   Thumb Code    90  lorac.o(.text.lorac_transferblock)
    lorac_wait_on_busy                       0x08003f91   Thumb Code    24  lorac.o(.text.lorac_wait_on_busy)
    main                                     0x08003fa9   Thumb Code    56  main.o(.text.main)
    myadc_init                               0x08003ff1   Thumb Code   172  adc.o(.text.myadc_init)
    mygpio_init                              0x080040a1   Thumb Code    86  gpio.o(.text.mygpio_init)
    myuart_init                              0x080040f7   Thumb Code   110  uart.o(.text.myuart_init)
    printRxPacket                            0x08004165   Thumb Code   208  radio_proc.o(.text.printRxPacket)
    radio_init                               0x08004275   Thumb Code    60  radio_proc.o(.text.radio_init)
    radio_proc                               0x080042d5   Thumb Code   792  radio_proc.o(.text.radio_proc)
    radio_startburst                         0x08004609   Thumb Code    46  radio_proc.o(.text.radio_startburst)
    rcc_enable_oscillator                    0x08004639   Thumb Code   270  tremo_rcc.o(.text.rcc_enable_oscillator)
    rcc_enable_peripheral_clk                0x08004749   Thumb Code  1316  tremo_rcc.o(.text.rcc_enable_peripheral_clk)
    rcc_get_clk_freq                         0x08004c6d   Thumb Code    92  tremo_rcc.o(.text.rcc_get_clk_freq)
    rcc_get_uart0_clk_source                 0x08004ce5   Thumb Code    14  tremo_rcc.o(.text.rcc_get_uart0_clk_source)
    rcc_get_uart1_clk_source                 0x08004cf3   Thumb Code    14  tremo_rcc.o(.text.rcc_get_uart1_clk_source)
    rcc_get_uart2_clk_source                 0x08004d01   Thumb Code    14  tremo_rcc.o(.text.rcc_get_uart2_clk_source)
    rcc_get_uart3_clk_source                 0x08004d0f   Thumb Code    14  tremo_rcc.o(.text.rcc_get_uart3_clk_source)
    rcc_set_adc_clk_source                   0x08004d1d   Thumb Code    38  tremo_rcc.o(.text.rcc_set_adc_clk_source)
    rcc_set_hclk_div                         0x08004d43   Thumb Code    16  tremo_rcc.o(.text.rcc_set_hclk_div)
    rcc_set_pclk_div                         0x08004d53   Thumb Code    28  tremo_rcc.o(.text.rcc_set_pclk_div)
    rcc_set_sys_clk_source                   0x08004d6f   Thumb Code    16  tremo_rcc.o(.text.rcc_set_sys_clk_source)
    rcc_set_systick_source                   0x08004d7f   Thumb Code    44  tremo_rcc.o(.text.rcc_set_systick_source)
    rcc_set_uart0_clk_source                 0x08004dad   Thumb Code    38  tremo_rcc.o(.text.rcc_set_uart0_clk_source)
    readconfig                               0x08004dd3   Thumb Code    26  flash.o(.text.readconfig)
    strtok_r                                 0x08004ded   Thumb Code    56  command_interpreter.o(.text.strtok_r)
    sx126x_GetStatus                         0x08004e25   Thumb Code    36  sx126xx.o(.text.sx126x_GetStatus)
    uart_cmd                                 0x08004e49   Thumb Code    12  tremo_uart.o(.text.uart_cmd)
    uart_config_init                         0x08004e55   Thumb Code    24  tremo_uart.o(.text.uart_config_init)
    uart_config_interrupt                    0x08004e6d   Thumb Code    16  tremo_uart.o(.text.uart_config_interrupt)
    uart_get_flag_status                     0x08004e7d   Thumb Code    10  tremo_uart.o(.text.uart_get_flag_status)
    uart_init                                0x08004e89   Thumb Code   312  tremo_uart.o(.text.uart_init)
    uart_receive_data                        0x08004fcd   Thumb Code    12  tremo_uart.o(.text.uart_receive_data)
    uart_send_data                           0x08004fd9   Thumb Code    10  tremo_uart.o(.text.uart_send_data)
    writeconfig                              0x0800503b   Thumb Code    56  flash.o(.text.writeconfig)
    __0printf                                0x08005075   Thumb Code    22  printfa.o(i.__0printf)
    __1printf                                0x08005075   Thumb Code     0  printfa.o(i.__0printf)
    __2printf                                0x08005075   Thumb Code     0  printfa.o(i.__0printf)
    __c89printf                              0x08005075   Thumb Code     0  printfa.o(i.__0printf)
    printf                                   0x08005075   Thumb Code     0  printfa.o(i.__0printf)
    __aeabi_errno_addr                       0x08005095   Thumb Code     4  errno.o(i.__aeabi_errno_addr)
    __rt_errno_addr                          0x08005095   Thumb Code     0  errno.o(i.__aeabi_errno_addr)
    __scatterload_copy                       0x0800509d   Thumb Code    14  handlers.o(i.__scatterload_copy)
    __scatterload_null                       0x080050ab   Thumb Code     2  handlers.o(i.__scatterload_null)
    __scatterload_zeroinit                   0x080050ad   Thumb Code    14  handlers.o(i.__scatterload_zeroinit)
    puts                                     0x08005971   Thumb Code    30  puts.o(i.puts)
    __ctype_table                            0x08005994   Data         129  ctype_o.o(.constdata)
    Region$$Table$$Base                      0x080065b8   Number         0  anon$$obj.o(Region$$Table)
    Region$$Table$$Limit                     0x080065d8   Number         0  anon$$obj.o(Region$$Table)
    __stdout                                 0x20000000   Data           4  stdout.o(.data)
    commands                                 0x20000008   Data        1120  app_cli.o(.data.commands)
    inter_packet_delay                       0x20000468   Data           2  radio_proc.o(.data.inter_packet_delay)
    Channel                                  0x20000470   Data           2  radio_proc.o(.bss.Channel)
    RADIO_rxBuffer                           0x20000474   Data          64  radio_proc.o(.bss.RADIO_rxBuffer)
    RADIO_txBuffer                           0x200004b4   Data          64  radio_proc.o(.bss.RADIO_txBuffer)
    RssiPkt                                  0x200004f4   Data           4  radio_proc.o(.bss.RssiPkt)
    SignalRssiPkt                            0x200004f8   Data           4  radio_proc.o(.bss.SignalRssiPkt)
    SnrPkt                                   0x200004fc   Data           4  radio_proc.o(.bss.SnrPkt)
    T                                        0x20000500   Data           4  adc.o(.bss.T)
    Vcc                                      0x20000504   Data           4  adc.o(.bss.Vcc)
    adc_ticks                                0x20000508   Data           4  tremo_it.o(.bss.adc_ticks)
    answer_needed                            0x2000050c   Data           1  radio_proc.o(.bss.answer_needed)
    ciBuffer                                 0x2000050d   Data         256  app_cli.o(.bss.ciBuffer)
    crc_error                                0x2000060d   Data           1  radio_proc.o(.bss.crc_error)
    dco_value                                0x20000610   Data           4  adc.o(.bss.dco_value)
    flashbuffer                              0x20000618   Data        4096  flash.o(.bss.flashbuffer)
    gain_value                               0x20001618   Data           4  adc.o(.bss.gain_value)
    lorac_RXbuffer                           0x2000161d   Data         256  lorac.o(.bss.lorac_RXbuffer)
    lorac_TXbuffer                           0x2000171d   Data         256  lorac.o(.bss.lorac_TXbuffer)
    master                                   0x2000181d   Data           1  radio_proc.o(.bss.master)
    maxchan                                  0x2000181e   Data           1  radio_proc.o(.bss.maxchan)
    minchan                                  0x2000181f   Data           1  radio_proc.o(.bss.minchan)
    opmode                                   0x20001820   Data           1  sx126xx.o(.bss.opmode)
    packet_received                          0x20001821   Data           1  radio_proc.o(.bss.packet_received)
    packet_sent                              0x20001822   Data           1  radio_proc.o(.bss.packet_sent)
    prevopmode                               0x20001824   Data           1  sx126xx.o(.bss.prevopmode)
    radioConfig                              0x20001828   Data         152  radio_proc.o(.bss.radioConfig)
    rxBuffer                                 0x200018c1   Data         512  retarget.o(.bss.rxBuffer)
    rxpacket                                 0x20001ad0   Data          36  radio_proc.o(.bss.rxpacket)
    rxpacketnumber                           0x20001af4   Data           2  radio_proc.o(.bss.rxpacketnumber)
    slaveID                                  0x20001af6   Data           2  radio_proc.o(.bss.slaveID)
    state                                    0x20001af8   Data          20  app_cli.o(.bss.state)
    sweepflag                                0x20001b0c   Data           1  radio_proc.o(.bss.sweepflag)
    sweeprx                                  0x20001b0d   Data           1  radio_proc.o(.bss.sweeprx)
    sweeptx                                  0x20001b0e   Data           1  radio_proc.o(.bss.sweeptx)
    tx_needed                                0x20001b0f   Data           1  radio_proc.o(.bss.tx_needed)
    tx_ticks                                 0x20001b10   Data           4  radio_proc.o(.bss.tx_ticks)
    txmode                                   0x20001b14   Data           1  app_cli.o(.bss.txmode)
    txpacket                                 0x20001b18   Data          36  radio_proc.o(.bss.txpacket)
    txpacketcount                            0x20001b3c   Data           2  radio_proc.o(.bss.txpacketcount)
    txpacketnumber                           0x20001b3e   Data           2  radio_proc.o(.bss.txpacketnumber)
    __initial_sp                             0x20002340   Data           0  startup_tremo.o(STACK)



==============================================================================

Memory Map of the image

  Image Entry point : 0x080000d5

  Load Region LR_IROM1 (Base: 0x08000000, Size: 0x00006a48, Max: 0x00040000, ABSOLUTE, COMPRESSED[0x00006878])

    Execution Region ER_IROM1 (Exec base: 0x08000000, Load base: 0x08000000, Size: 0x000065d8, Max: 0x00040000, ABSOLUTE)

    Exec Addr    Load Addr    Size         Type   Attr      Idx    E Section Name        Object

    0x08000000   0x08000000   0x000000d4   Data   RO          267    RESET               startup_tremo.o
    0x080000d4   0x080000d4   0x00000000   Code   RO         1437  * .ARM.Collect$$$$00000000  mc_w.l(entry.o)
    0x080000d4   0x080000d4   0x00000004   Code   RO         1755    .ARM.Collect$$$$00000001  mc_w.l(entry2.o)
    0x080000d8   0x080000d8   0x00000004   Code   RO         1758    .ARM.Collect$$$$00000004  mc_w.l(entry5.o)
    0x080000dc   0x080000dc   0x00000000   Code   RO         1760    .ARM.Collect$$$$00000008  mc_w.l(entry7b.o)
    0x080000dc   0x080000dc   0x00000000   Code   RO         1762    .ARM.Collect$$$$0000000A  mc_w.l(entry8b.o)
    0x080000dc   0x080000dc   0x00000008   Code   RO         1763    .ARM.Collect$$$$0000000B  mc_w.l(entry9a.o)
    0x080000e4   0x080000e4   0x00000000   Code   RO         1765    .ARM.Collect$$$$0000000D  mc_w.l(entry10a.o)
    0x080000e4   0x080000e4   0x00000000   Code   RO         1767    .ARM.Collect$$$$0000000F  mc_w.l(entry11a.o)
    0x080000e4   0x080000e4   0x00000004   Code   RO         1756    .ARM.Collect$$$$00002712  mc_w.l(entry2.o)
    0x080000e8   0x080000e8   0x00000024   Code   RO          268    .text               startup_tremo.o
    0x0800010c   0x0800010c   0x00000040   Code   RO         1449    .text               mc_w.l(memmovea.o)
    0x0800014c   0x0800014c   0x00000014   Code   RO         1453    .text               mc_w.l(strchr.o)
    0x08000160   0x08000160   0x0000000e   Code   RO         1455    .text               mc_w.l(strlen.o)
    0x0800016e   0x0800016e   0x0000001c   Code   RO         1457    .text               mc_w.l(strcmp.o)
    0x0800018a   0x0800018a   0x0000001c   Code   RO         1459    .text               mc_w.l(strspn.o)
    0x080001a6   0x080001a6   0x00000022   Code   RO         1461    .text               mc_w.l(strcspn.o)
    0x080001c8   0x080001c8   0x0000002a   Code   RO         1467    .text               mc_w.l(strcasecmp.o)
    0x080001f2   0x080001f2   0x00000070   Code   RO         1737    .text               mc_w.l(strtol.o)
    0x08000262   0x08000262   0x00000072   Code   RO         1739    .text               mc_w.l(strtoul.o)
    0x080002d4   0x080002d4   0x0000014e   Code   RO         1741    .text               mf_w.l(dadd.o)
    0x08000422   0x08000422   0x000000e4   Code   RO         1743    .text               mf_w.l(dmul.o)
    0x08000506   0x08000506   0x000000de   Code   RO         1745    .text               mf_w.l(ddiv.o)
    0x080005e4   0x080005e4   0x0000001a   Code   RO         1747    .text               mf_w.l(dfltui.o)
    0x080005fe   0x080005fe   0x00000032   Code   RO         1749    .text               mf_w.l(dfixui.o)
    0x08000630   0x08000630   0x00000026   Code   RO         1751    .text               mf_w.l(f2d.o)
    0x08000656   0x08000656   0x00000038   Code   RO         1753    .text               mf_w.l(d2f.o)
    0x0800068e   0x0800068e   0x0000002c   Code   RO         1778    .text               mc_w.l(uidiv.o)
    0x080006ba   0x080006ba   0x00000062   Code   RO         1780    .text               mc_w.l(uldiv.o)
    0x0800071c   0x0800071c   0x0000001e   Code   RO         1782    .text               mc_w.l(llshl.o)
    0x0800073a   0x0800073a   0x00000020   Code   RO         1784    .text               mc_w.l(llushr.o)
    0x0800075a   0x0800075a   0x00000024   Code   RO         1786    .text               mc_w.l(llsshr.o)
    0x0800077e   0x0800077e   0x00000002   PAD
    0x08000780   0x08000780   0x00000008   Code   RO         1788    .text               mc_w.l(ctype_o.o)
    0x08000788   0x08000788   0x0000000c   Code   RO         1816    .text               mc_w.l(tolower.o)
    0x08000794   0x08000794   0x0000009e   Code   RO         1818    .text               mc_w.l(_strtoul.o)
    0x08000832   0x08000832   0x00000000   Code   RO         1820    .text               mc_w.l(iusefp.o)
    0x08000832   0x08000832   0x0000006e   Code   RO         1821    .text               mf_w.l(fepilogue.o)
    0x080008a0   0x080008a0   0x000000ba   Code   RO         1823    .text               mf_w.l(depilogue.o)
    0x0800095a   0x0800095a   0x00000030   Code   RO         1825    .text               mf_w.l(dfixul.o)
    0x0800098a   0x0800098a   0x00000002   PAD
    0x0800098c   0x0800098c   0x00000030   Code   RO         1827    .text               mf_w.l(cdrcmple.o)
    0x080009bc   0x080009bc   0x00000030   Code   RO         1829    .text               mc_w.l(init.o)
    0x080009ec   0x080009ec   0x0000001c   Code   RO         1831    .text               mc_w.l(_chval.o)
    0x08000a08   0x08000a08   0x00000056   Code   RO         1841    .text               mc_w.l(__dczerorl2.o)
    0x08000a5e   0x08000a5e   0x00000002   PAD
    0x08000a60   0x08000a60   0x000000c0   Code   RO           56    .text.ADC_IRQHandler  adc.o
    0x08000b20   0x08000b20   0x00000002   Code   RO           34    .text.BusFault_Handler  tremo_it.o
    0x08000b22   0x08000b22   0x00000002   PAD
    0x08000b24   0x08000b24   0x00000024   Code   RO           28    .text.HardFault_Handler  tremo_it.o
    0x08000b48   0x08000b48   0x00000044   Code   RO         1213    .text.LORA_IRQHandler  radio_proc.o
    0x08000b8c   0x08000b8c   0x00000002   Code   RO           32    .text.MemManage_Handler  tremo_it.o
    0x08000b8e   0x08000b8e   0x00000002   Code   RO           26    .text.NMI_Handler   tremo_it.o
    0x08000b90   0x08000b90   0x00000002   Code   RO           44    .text.PWR_IRQHandler  tremo_it.o
    0x08000b92   0x08000b92   0x00000002   Code   RO           40    .text.PendSV_Handler  tremo_it.o
    0x08000b94   0x08000b94   0x00000052   Code   RO         1215    .text.RADIO_setctune  radio_proc.o
    0x08000be6   0x08000be6   0x00000070   Code   RO           76    .text.RETARGET_ReadChar  retarget.o
    0x08000c56   0x08000c56   0x0000002c   Code   RO           72    .text.RETARGET_SerialInit  retarget.o
    0x08000c82   0x08000c82   0x00000002   Code   RO           38    .text.SVC_Handler   tremo_it.o
    0x08000c84   0x08000c84   0x0000005a   Code   RO         1273    .text.SX126X_CalibrateIR  sx126xx.o
    0x08000cde   0x08000cde   0x0000001a   Code   RO         1345    .text.SX126X_ClearIrqStatus  sx126xx.o
    0x08000cf8   0x08000cf8   0x00000040   Code   RO         1363    .text.SX126X_GetFskPacketStatus  sx126xx.o
    0x08000d38   0x08000d38   0x00000024   Code   RO         1343    .text.SX126X_GetIrqStatus  sx126xx.o
    0x08000d5c   0x08000d5c   0x00000040   Code   RO         1365    .text.SX126X_GetLoRaPacketStatus  sx126xx.o
    0x08000d9c   0x08000d9c   0x00000024   Code   RO         1367    .text.SX126X_GetRssiInst  sx126xx.o
    0x08000dc0   0x08000dc0   0x00000060   Code   RO         1287    .text.SX126X_SetChannel  sx126xx.o
    0x08000e20   0x08000e20   0x0000009c   Code   RO         1303    .text.SX126X_SetFskCrcWhitening  sx126xx.o
    0x08000ebc   0x08000ebc   0x0000007e   Code   RO         1295    .text.SX126X_SetFskModParams  sx126xx.o
    0x08000f3a   0x08000f3a   0x00000002   PAD
    0x08000f3c   0x08000f3c   0x00000034   Code   RO         1299    .text.SX126X_SetFskSyncWord  sx126xx.o
    0x08000f70   0x08000f70   0x00000076   Code   RO         1291    .text.SX126X_SetLoRaModParams  sx126xx.o
    0x08000fe6   0x08000fe6   0x00000068   Code   RO         1293    .text.SX126X_SetLoRaPacketParams  sx126xx.o
    0x0800104e   0x0800104e   0x0000002c   Code   RO         1353    .text.SX126X_SetPaConfig  sx126xx.o
    0x0800107a   0x0800107a   0x0000008c   Code   RO         1277    .text.SX126X_SetTxParams  sx126xx.o
    0x08001106   0x08001106   0x00000002   PAD
    0x08001108   0x08001108   0x0000004e   Code   RO         1151    .text.SX126X_Wakeup  lorac.o
    0x08001156   0x08001156   0x0000010a   Code   RO         1261    .text.SX126X_config  sx126xx.o
    0x08001260   0x08001260   0x0000010c   Code   RO         1305    .text.SX126X_initconfigstructure  sx126xx.o
    0x0800136c   0x0800136c   0x0000004a   Code   RO         1315    .text.SX126X_readbuffer  sx126xx.o
    0x080013b6   0x080013b6   0x0000002c   Code   RO         1309    .text.SX126X_readreg  sx126xx.o
    0x080013e2   0x080013e2   0x00000002   PAD
    0x080013e4   0x080013e4   0x00000134   Code   RO         1263    .text.SX126X_setopmode  sx126xx.o
    0x08001518   0x08001518   0x00000030   Code   RO         1313    .text.SX126X_writebuffer  sx126xx.o
    0x08001548   0x08001548   0x0000001a   Code   RO         1275    .text.SX126X_writereg  sx126xx.o
    0x08001562   0x08001562   0x000000fc   Code   RO         1269    .text.SX126xx_FskConfig  sx126xx.o
    0x0800165e   0x0800165e   0x0000008e   Code   RO         1267    .text.SX126xx_LoRaConfig  sx126xx.o
    0x080016ec   0x080016ec   0x000000a0   Code   RO           42    .text.SysTick_Handler  tremo_it.o
    0x0800178c   0x0800178c   0x00000058   Code   RO          277    .text.SystemInit    system_tremo.o
    0x080017e4   0x080017e4   0x00000004   Code   RO         1133    .text.UART0_IRQHandler  uart.o
    0x080017e8   0x080017e8   0x00000002   Code   RO           36    .text.UsageFault_Handler  tremo_it.o
    0x080017ea   0x080017ea   0x00000002   PAD
    0x080017ec   0x080017ec   0x00000024   Code   RO           30    .text.__NVIC_SystemReset  tremo_it.o
    0x08001810   0x08001810   0x00000024   Code   RO          243    .text.__NVIC_SystemReset  app_cli.o
    0x08001834   0x08001834   0x0000001a   Code   RO          314    .text.adc_clear_interrupt_status  tremo_adc.o
    0x0800184e   0x0800184e   0x00000024   Code   RO          300    .text.adc_config_clock_division  tremo_adc.o
    0x08001872   0x08001872   0x00000018   Code   RO          306    .text.adc_config_conv_mode  tremo_adc.o
    0x0800188a   0x0800188a   0x00000018   Code   RO          316    .text.adc_config_interrupt  tremo_adc.o
    0x080018a2   0x080018a2   0x0000003c   Code   RO          308    .text.adc_config_sample_sequence  tremo_adc.o
    0x080018de   0x080018de   0x0000002a   Code   RO          292    .text.adc_enable    tremo_adc.o
    0x08001908   0x08001908   0x00000016   Code   RO          322    .text.adc_enable_vbat31  tremo_adc.o
    0x0800191e   0x0800191e   0x00000002   PAD
    0x08001920   0x08001920   0x000000b8   Code   RO          320    .text.adc_get_calibration_value  tremo_adc.o
    0x080019d8   0x080019d8   0x00000010   Code   RO          318    .text.adc_get_data  tremo_adc.o
    0x080019e8   0x080019e8   0x00000016   Code   RO          288    .text.adc_init      tremo_adc.o
    0x080019fe   0x080019fe   0x0000002a   Code   RO          290    .text.adc_start     tremo_adc.o
    0x08001a28   0x08001a28   0x0000006a   Code   RO           84    .text.cbRETARGET_Rx  retarget.o
    0x08001a92   0x08001a92   0x00000002   PAD
    0x08001a94   0x08001a94   0x00000020   Code   RO          241    .text.ciErrorCallback  app_cli.o
    0x08001ab4   0x08001ab4   0x00000008   Code   RO         1403    .text.ciGetSigned   command_interpreter.o
    0x08001abc   0x08001abc   0x00000008   Code   RO         1401    .text.ciGetUnsigned  command_interpreter.o
    0x08001ac4   0x08001ac4   0x00000022   Code   RO         1395    .text.ciInitState   command_interpreter.o
    0x08001ae6   0x08001ae6   0x00000002   PAD
    0x08001ae8   0x08001ae8   0x00000138   Code   RO         1393    .text.ciPrintHelp   command_interpreter.o
    0x08001c20   0x08001c20   0x000002cc   Code   RO         1399    .text.ciProcessInput  command_interpreter.o
    0x08001eec   0x08001eec   0x00000018   Code   RO          109    .text.cli_aesenable  app_cli.o
    0x08001f04   0x08001f04   0x00000060   Code   RO          225    .text.cli_dumpregs  app_cli.o
    0x08001f64   0x08001f64   0x00000038   Code   RO          187    .text.cli_fs_getaddr  app_cli.o
    0x08001f9c   0x08001f9c   0x00000020   Code   RO          195    .text.cli_fs_getcrcwhite  app_cli.o
    0x08001fbc   0x08001fbc   0x00000004   PAD
    0x08001fc0   0x08001fc0   0x00000084   Code   RO          179    .text.cli_fs_getmodparams  app_cli.o
    0x08002044   0x08002044   0x00000118   Code   RO          183    .text.cli_fs_getpacketparams  app_cli.o
    0x0800215c   0x0800215c   0x00000054   Code   RO          191    .text.cli_fs_getsync  app_cli.o
    0x080021b0   0x080021b0   0x0000007c   Code   RO          189    .text.cli_fs_setaddr  app_cli.o
    0x0800222c   0x0800222c   0x00000090   Code   RO          197    .text.cli_fs_setcrcwhite  app_cli.o
    0x080022bc   0x080022bc   0x00000004   PAD
    0x080022c0   0x080022c0   0x000002e0   Code   RO          181    .text.cli_fs_setmodparams  app_cli.o
    0x080025a0   0x080025a0   0x000001bc   Code   RO          185    .text.cli_fs_setpacketparams  app_cli.o
    0x0800275c   0x0800275c   0x000000a8   Code   RO          193    .text.cli_fs_setsync  app_cli.o
    0x08002804   0x08002804   0x00000044   Code   RO          151    .text.cli_getRSSI   app_cli.o
    0x08002848   0x08002848   0x00000020   Code   RO          111    .text.cli_getaeskey  app_cli.o
    0x08002868   0x08002868   0x00000034   Code   RO          203    .text.cli_getautosendparams  app_cli.o
    0x0800289c   0x0800289c   0x00000028   Code   RO          129    .text.cli_getchannel  app_cli.o
    0x080028c4   0x080028c4   0x00000030   Code   RO          147    .text.cli_getctune  app_cli.o
    0x080028f4   0x080028f4   0x00000024   Code   RO          105    .text.cli_getdevid  app_cli.o
    0x08002918   0x08002918   0x00000028   Code   RO          125    .text.cli_getfreq   app_cli.o
    0x08002940   0x08002940   0x00000018   Code   RO          215    .text.cli_getgpsdata  app_cli.o
    0x08002958   0x08002958   0x0000003c   Code   RO          117    .text.cli_getmodem  app_cli.o
    0x08002994   0x08002994   0x00000044   Code   RO          121    .text.cli_getopmode  app_cli.o
    0x080029d8   0x080029d8   0x00000028   Code   RO          135    .text.cli_getpower  app_cli.o
    0x08002a00   0x08002a00   0x00000028   Code   RO          139    .text.cli_getramptime  app_cli.o
    0x08002a28   0x08002a28   0x0000001c   Code   RO          213    .text.cli_getrxcount  app_cli.o
    0x08002a44   0x08002a44   0x00000020   Code   RO          157    .text.cli_getsleepparams  app_cli.o
    0x08002a64   0x08002a64   0x0000002c   Code   RO          161    .text.cli_getstatus  app_cli.o
    0x08002a90   0x08002a90   0x00000044   Code   RO          153    .text.cli_gettimeouts  app_cli.o
    0x08002ad4   0x08002ad4   0x0000002c   Code   RO          103    .text.cli_getver    app_cli.o
    0x08002b00   0x08002b00   0x00000054   Code   RO          217    .text.cli_getvt     app_cli.o
    0x08002b54   0x08002b54   0x00000030   Code   RO          143    .text.cli_getxoparams  app_cli.o
    0x08002b84   0x08002b84   0x0000002c   Code   RO          101    .text.cli_info      app_cli.o
    0x08002bb0   0x08002bb0   0x00000020   Code   RO          237    .text.cli_init      app_cli.o
    0x08002bd0   0x08002bd0   0x0000004c   Code   RO          231    .text.cli_initconfig  app_cli.o
    0x08002c1c   0x08002c1c   0x00000004   PAD
    0x08002c20   0x08002c20   0x000000c4   Code   RO          163    .text.cli_lr_getmodparams  app_cli.o
    0x08002ce4   0x08002ce4   0x000000b8   Code   RO          167    .text.cli_lr_getpacketparams  app_cli.o
    0x08002d9c   0x08002d9c   0x00000028   Code   RO          175    .text.cli_lr_getsymboltimeout  app_cli.o
    0x08002dc4   0x08002dc4   0x00000028   Code   RO          171    .text.cli_lr_getsync  app_cli.o
    0x08002dec   0x08002dec   0x00000004   PAD
    0x08002df0   0x08002df0   0x000001f0   Code   RO          165    .text.cli_lr_setmodparams  app_cli.o
    0x08002fe0   0x08002fe0   0x00000134   Code   RO          169    .text.cli_lr_setpacketparams  app_cli.o
    0x08003114   0x08003114   0x00000050   Code   RO          177    .text.cli_lr_setsymboltimeout  app_cli.o
    0x08003164   0x08003164   0x0000005c   Code   RO          173    .text.cli_lr_setsync  app_cli.o
    0x080031c0   0x080031c0   0x0000002a   Code   RO          239    .text.cli_proc      app_cli.o
    0x080031ea   0x080031ea   0x00000002   PAD
    0x080031ec   0x080031ec   0x00000030   Code   RO          221    .text.cli_readreg   app_cli.o
    0x0800321c   0x0800321c   0x0000001c   Code   RO           99    .text.cli_reset     app_cli.o
    0x08003238   0x08003238   0x00000074   Code   RO          199    .text.cli_sendburst  app_cli.o
    0x080032ac   0x080032ac   0x0000001c   Code   RO          115    .text.cli_setaesiv  app_cli.o
    0x080032c8   0x080032c8   0x0000001c   Code   RO          113    .text.cli_setaeskey  app_cli.o
    0x080032e4   0x080032e4   0x00000064   Code   RO          205    .text.cli_setautosendparams  app_cli.o
    0x08003348   0x08003348   0x00000038   Code   RO          131    .text.cli_setchannel  app_cli.o
    0x08003380   0x08003380   0x00000034   Code   RO          149    .text.cli_setctune  app_cli.o
    0x080033b4   0x080033b4   0x00000038   Code   RO          107    .text.cli_setdevid  app_cli.o
    0x080033ec   0x080033ec   0x00000018   Code   RO          219    .text.cli_setem     app_cli.o
    0x08003404   0x08003404   0x00000044   Code   RO          127    .text.cli_setfreq   app_cli.o
    0x08003448   0x08003448   0x0000006c   Code   RO          119    .text.cli_setmodem  app_cli.o
    0x080034b4   0x080034b4   0x0000006c   Code   RO          123    .text.cli_setopmode  app_cli.o
    0x08003520   0x08003520   0x00000050   Code   RO          235    .text.cli_setpaconfig  app_cli.o
    0x08003570   0x08003570   0x00000050   Code   RO          137    .text.cli_setpower  app_cli.o
    0x080035c0   0x080035c0   0x0000003c   Code   RO          141    .text.cli_setramptime  app_cli.o
    0x080035fc   0x080035fc   0x00000020   Code   RO          159    .text.cli_setsleepparams  app_cli.o
    0x0800361c   0x0800361c   0x00000060   Code   RO          155    .text.cli_settimeouts  app_cli.o
    0x0800367c   0x0800367c   0x0000004c   Code   RO          145    .text.cli_setxoparams  app_cli.o
    0x080036c8   0x080036c8   0x00000020   Code   RO          209    .text.cli_startrxcount  app_cli.o
    0x080036e8   0x080036e8   0x00000048   Code   RO          201    .text.cli_stopburst  app_cli.o
    0x08003730   0x08003730   0x00000020   Code   RO          211    .text.cli_stoprxcount  app_cli.o
    0x08003750   0x08003750   0x00000030   Code   RO          133    .text.cli_storechannel  app_cli.o
    0x08003780   0x08003780   0x00000024   Code   RO          233    .text.cli_storeconfig  app_cli.o
    0x080037a4   0x080037a4   0x00000018   Code   RO          229    .text.cli_sweeprx   app_cli.o
    0x080037bc   0x080037bc   0x00000018   Code   RO          227    .text.cli_sweeptx   app_cli.o
    0x080037d4   0x080037d4   0x000000ac   Code   RO          207    .text.cli_txstream  app_cli.o
    0x08003880   0x08003880   0x0000004c   Code   RO          223    .text.cli_writereg  app_cli.o
    0x080038cc   0x080038cc   0x00000062   Code   RO          408    .text.delay_init    tremo_delay.o
    0x0800392e   0x0800392e   0x00000002   PAD
    0x08003930   0x08003930   0x00000040   Code   RO          412    .text.delay_ms      tremo_delay.o
    0x08003970   0x08003970   0x0000003c   Code   RO          410    .text.delay_us      tremo_delay.o
    0x080039ac   0x080039ac   0x0000006c   Code   RO          457    .text.flash_erase_page  tremo_flash.o
    0x08003a18   0x08003a18   0x000000c6   Code   RO          459    .text.flash_program_bytes  tremo_flash.o
    0x08003ade   0x08003ade   0x00000002   PAD
    0x08003ae0   0x08003ae0   0x00000024   Code   RO           74    .text.fputc         retarget.o
    0x08003b04   0x08003b04   0x00000016   Code   RO          483    .text.gpio_config_drive_capability  tremo_gpio.o
    0x08003b1a   0x08003b1a   0x00000002   PAD
    0x08003b1c   0x08003b1c   0x00000174   Code   RO          475    .text.gpio_init     tremo_gpio.o
    0x08003c90   0x08003c90   0x00000044   Code   RO          495    .text.gpio_set_iomux  tremo_gpio.o
    0x08003cd4   0x08003cd4   0x0000004a   Code   RO         1181    .text.i2c0_init     i2c.o
    0x08003d1e   0x08003d1e   0x00000022   Code   RO          511    .text.i2c_cmd       tremo_i2c.o
    0x08003d40   0x08003d40   0x00000008   Code   RO          507    .text.i2c_config_init  tremo_i2c.o
    0x08003d48   0x08003d48   0x000000bc   Code   RO          509    .text.i2c_init      tremo_i2c.o
    0x08003e04   0x08003e04   0x00000016   Code   RO           13    .text.init_peripherals  bsp.o
    0x08003e1a   0x08003e1a   0x0000003a   Code   RO           11    .text.init_power_clk  bsp.o
    0x08003e54   0x08003e54   0x00000010   Code   RO           17    .text.led_off       bsp.o
    0x08003e64   0x08003e64   0x00000010   Code   RO           15    .text.led_on        bsp.o
    0x08003e74   0x08003e74   0x0000005a   Code   RO         1143    .text.lorac_init    lorac.o
    0x08003ece   0x08003ece   0x00000002   PAD
    0x08003ed0   0x08003ed0   0x00000044   Code   RO         1149    .text.lorac_reset   lorac.o
    0x08003f14   0x08003f14   0x00000010   Code   RO         1155    .text.lorac_rfsw_rx  lorac.o
    0x08003f24   0x08003f24   0x00000010   Code   RO         1157    .text.lorac_rfsw_tx  lorac.o
    0x08003f34   0x08003f34   0x0000005a   Code   RO         1147    .text.lorac_transferblock  lorac.o
    0x08003f8e   0x08003f8e   0x00000002   PAD
    0x08003f90   0x08003f90   0x00000018   Code   RO         1153    .text.lorac_wait_on_busy  lorac.o
    0x08003fa8   0x08003fa8   0x00000048   Code   RO            2    .text.main          main.o
    0x08003ff0   0x08003ff0   0x000000b0   Code   RO           54    .text.myadc_init    adc.o
    0x080040a0   0x080040a0   0x00000056   Code   RO         1123    .text.mygpio_init   gpio.o
    0x080040f6   0x080040f6   0x0000006e   Code   RO         1131    .text.myuart_init   uart.o
    0x08004164   0x08004164   0x00000110   Code   RO         1207    .text.printRxPacket  radio_proc.o
    0x08004274   0x08004274   0x00000060   Code   RO         1197    .text.radio_init    radio_proc.o
    0x080042d4   0x080042d4   0x00000334   Code   RO         1199    .text.radio_proc    radio_proc.o
    0x08004608   0x08004608   0x0000002e   Code   RO         1209    .text.radio_startburst  radio_proc.o
    0x08004636   0x08004636   0x00000002   PAD
    0x08004638   0x08004638   0x0000010e   Code   RO          781    .text.rcc_enable_oscillator  tremo_rcc.o
    0x08004746   0x08004746   0x00000002   PAD
    0x08004748   0x08004748   0x00000524   Code   RO          783    .text.rcc_enable_peripheral_clk  tremo_rcc.o
    0x08004c6c   0x08004c6c   0x00000078   Code   RO          779    .text.rcc_get_clk_freq  tremo_rcc.o
    0x08004ce4   0x08004ce4   0x0000000e   Code   RO          823    .text.rcc_get_uart0_clk_source  tremo_rcc.o
    0x08004cf2   0x08004cf2   0x0000000e   Code   RO          825    .text.rcc_get_uart1_clk_source  tremo_rcc.o
    0x08004d00   0x08004d00   0x0000000e   Code   RO          827    .text.rcc_get_uart2_clk_source  tremo_rcc.o
    0x08004d0e   0x08004d0e   0x0000000e   Code   RO          829    .text.rcc_get_uart3_clk_source  tremo_rcc.o
    0x08004d1c   0x08004d1c   0x00000026   Code   RO          811    .text.rcc_set_adc_clk_source  tremo_rcc.o
    0x08004d42   0x08004d42   0x00000010   Code   RO          849    .text.rcc_set_hclk_div  tremo_rcc.o
    0x08004d52   0x08004d52   0x0000001c   Code   RO          851    .text.rcc_set_pclk_div  tremo_rcc.o
    0x08004d6e   0x08004d6e   0x00000010   Code   RO          785    .text.rcc_set_sys_clk_source  tremo_rcc.o
    0x08004d7e   0x08004d7e   0x0000002c   Code   RO          787    .text.rcc_set_systick_source  tremo_rcc.o
    0x08004daa   0x08004daa   0x00000002   PAD
    0x08004dac   0x08004dac   0x00000026   Code   RO          791    .text.rcc_set_uart0_clk_source  tremo_rcc.o
    0x08004dd2   0x08004dd2   0x0000001a   Code   RO         1169    .text.readconfig    flash.o
    0x08004dec   0x08004dec   0x00000038   Code   RO         1409    .text.strtok_r      command_interpreter.o
    0x08004e24   0x08004e24   0x00000024   Code   RO         1317    .text.sx126x_GetStatus  sx126xx.o
    0x08004e48   0x08004e48   0x0000000c   Code   RO         1099    .text.uart_cmd      tremo_uart.o
    0x08004e54   0x08004e54   0x00000018   Code   RO         1093    .text.uart_config_init  tremo_uart.o
    0x08004e6c   0x08004e6c   0x00000010   Code   RO         1089    .text.uart_config_interrupt  tremo_uart.o
    0x08004e7c   0x08004e7c   0x0000000a   Code   RO         1083    .text.uart_get_flag_status  tremo_uart.o
    0x08004e86   0x08004e86   0x00000002   PAD
    0x08004e88   0x08004e88   0x00000144   Code   RO         1105    .text.uart_init     tremo_uart.o
    0x08004fcc   0x08004fcc   0x0000000c   Code   RO         1087    .text.uart_receive_data  tremo_uart.o
    0x08004fd8   0x08004fd8   0x0000000a   Code   RO         1085    .text.uart_send_data  tremo_uart.o
    0x08004fe2   0x08004fe2   0x00000058   Code   RO         1407    .text.validateInteger  command_interpreter.o
    0x0800503a   0x0800503a   0x00000038   Code   RO         1171    .text.writeconfig   flash.o
    0x08005072   0x08005072   0x00000002   PAD
    0x08005074   0x08005074   0x00000020   Code   RO         1702    i.__0printf         mc_w.l(printfa.o)
    0x08005094   0x08005094   0x00000008   Code   RO         1730    i.__aeabi_errno_addr  mc_w.l(errno.o)
    0x0800509c   0x0800509c   0x0000000e   Code   RO         1835    i.__scatterload_copy  mc_w.l(handlers.o)
    0x080050aa   0x080050aa   0x00000002   Code   RO         1836    i.__scatterload_null  mc_w.l(handlers.o)
    0x080050ac   0x080050ac   0x0000000e   Code   RO         1837    i.__scatterload_zeroinit  mc_w.l(handlers.o)
    0x080050ba   0x080050ba   0x00000002   PAD
    0x080050bc   0x080050bc   0x00000184   Code   RO         1709    i._fp_digits        mc_w.l(printfa.o)
    0x08005240   0x08005240   0x000006dc   Code   RO         1710    i._printf_core      mc_w.l(printfa.o)
    0x0800591c   0x0800591c   0x00000024   Code   RO         1711    i._printf_post_padding  mc_w.l(printfa.o)
    0x08005940   0x08005940   0x0000002e   Code   RO         1712    i._printf_pre_padding  mc_w.l(printfa.o)
    0x0800596e   0x0800596e   0x00000002   PAD
    0x08005970   0x08005970   0x00000024   Code   RO         1440    i.puts              mc_w.l(puts.o)
    0x08005994   0x08005994   0x00000081   Data   RO         1789    .constdata          mc_w.l(ctype_o.o)
    0x08005a15   0x08005a15   0x00000003   PAD
    0x08005a18   0x08005a18   0x00000004   Data   RO         1790    .constdata          mc_w.l(ctype_o.o)
    0x08005a1c   0x08005a1c   0x00000004   PAD
    0x08005a20   0x08005a20   0x000000b8   Data   RO          256    .rodata..Lswitch.table.cli_fs_getmodparams  app_cli.o
    0x08005ad8   0x08005ad8   0x0000001c   Data   RO          257    .rodata..Lswitch.table.cli_fs_setpacketparams  app_cli.o
    0x08005af4   0x08005af4   0x00000004   PAD
    0x08005af8   0x08005af8   0x00000058   Data   RO          254    .rodata..Lswitch.table.cli_lr_getmodparams  app_cli.o
    0x08005b50   0x08005b50   0x00000014   Data   RO          255    .rodata..Lswitch.table.cli_lr_setmodparams  app_cli.o
    0x08005b64   0x08005b64   0x000009f4   Data   RO          250    .rodata.str1.1      app_cli.o
    0x08006558   0x08006558   0x00000006   Data   RO         1252    .rodata.str1.1      radio_proc.o
    0x0800655e   0x0800655e   0x0000005a   Data   RO         1411    .rodata.str1.1      command_interpreter.o
    0x080065b8   0x080065b8   0x00000020   Data   RO         1834    Region$$Table       anon$$obj.o


    Execution Region RW_IRAM1 (Exec base: 0x20000000, Load base: 0x080065d8, Size: 0x00002340, Max: 0x00020000, ABSOLUTE, COMPRESSED[0x000002a0])

    Exec Addr    Load Addr    Size         Type   Attr      Idx    E Section Name        Object

    0x20000000   COMPRESSED   0x00000004   Data   RW         1446    .data               mc_w.l(stdout.o)
    0x20000004   COMPRESSED   0x00000004   Data   RW         1733    .data               mc_w.l(errno.o)
    0x20000008   COMPRESSED   0x00000460   Data   RW          251    .data.commands      app_cli.o
    0x20000468   COMPRESSED   0x00000002   Data   RW         1226    .data.inter_packet_delay  radio_proc.o
    0x2000046a   COMPRESSED   0x00000006   PAD
    0x20000470        -       0x00000002   Zero   RW         1243    .bss.Channel        radio_proc.o
    0x20000472   COMPRESSED   0x00000002   PAD
    0x20000474        -       0x00000040   Zero   RW         1240    .bss.RADIO_rxBuffer  radio_proc.o
    0x200004b4        -       0x00000040   Zero   RW         1248    .bss.RADIO_txBuffer  radio_proc.o
    0x200004f4        -       0x00000004   Zero   RW         1237    .bss.RssiPkt        radio_proc.o
    0x200004f8        -       0x00000004   Zero   RW         1239    .bss.SignalRssiPkt  radio_proc.o
    0x200004fc        -       0x00000004   Zero   RW         1238    .bss.SnrPkt         radio_proc.o
    0x20000500        -       0x00000004   Zero   RW           62    .bss.T              adc.o
    0x20000504        -       0x00000004   Zero   RW           63    .bss.Vcc            adc.o
    0x20000508        -       0x00000004   Zero   RW           46    .bss.adc_ticks      tremo_it.o
    0x2000050c        -       0x00000001   Zero   RW         1227    .bss.answer_needed  radio_proc.o
    0x2000050d        -       0x00000100   Zero   RW          253    .bss.ciBuffer       app_cli.o
    0x2000060d        -       0x00000001   Zero   RW         1231    .bss.crc_error      radio_proc.o
    0x2000060e   COMPRESSED   0x00000002   PAD
    0x20000610        -       0x00000004   Zero   RW           60    .bss.dco_value      adc.o
    0x20000614        -       0x00000001   Zero   RW          414    .bss.fac_us         tremo_delay.o
    0x20000615   COMPRESSED   0x00000003   PAD
    0x20000618        -       0x00001000   Zero   RW         1173    .bss.flashbuffer    flash.o
    0x20001618        -       0x00000004   Zero   RW           59    .bss.gain_value     adc.o
    0x2000161c        -       0x00000001   Zero   RW           86    .bss.initialized    retarget.o
    0x2000161d        -       0x00000100   Zero   RW         1160    .bss.lorac_RXbuffer  lorac.o
    0x2000171d        -       0x00000100   Zero   RW         1159    .bss.lorac_TXbuffer  lorac.o
    0x2000181d        -       0x00000001   Zero   RW         1224    .bss.master         radio_proc.o
    0x2000181e        -       0x00000001   Zero   RW         1244    .bss.maxchan        radio_proc.o
    0x2000181f        -       0x00000001   Zero   RW         1245    .bss.minchan        radio_proc.o
    0x20001820        -       0x00000001   Zero   RW         1379    .bss.opmode         sx126xx.o
    0x20001821        -       0x00000001   Zero   RW         1230    .bss.packet_received  radio_proc.o
    0x20001822        -       0x00000001   Zero   RW         1232    .bss.packet_sent    radio_proc.o
    0x20001823        -       0x00000001   Zero   RW           61    .bss.phase          adc.o
    0x20001824        -       0x00000001   Zero   RW         1380    .bss.prevopmode     sx126xx.o
    0x20001825   COMPRESSED   0x00000003   PAD
    0x20001828        -       0x00000098   Zero   RW         1235    .bss.radioConfig    radio_proc.o
    0x200018c0        -       0x00000001   Zero   RW         1236    .bss.radio_proc.phase  radio_proc.o
    0x200018c1        -       0x00000200   Zero   RW           88    .bss.rxBuffer       retarget.o
    0x20001ac1   COMPRESSED   0x00000003   PAD
    0x20001ac4        -       0x00000004   Zero   RW           87    .bss.rxCount        retarget.o
    0x20001ac8        -       0x00000004   Zero   RW           89    .bss.rxReadIndex    retarget.o
    0x20001acc        -       0x00000004   Zero   RW           90    .bss.rxWriteIndex   retarget.o
    0x20001ad0        -       0x00000024   Zero   RW         1241    .bss.rxpacket       radio_proc.o
    0x20001af4        -       0x00000002   Zero   RW         1221    .bss.rxpacketnumber  radio_proc.o
    0x20001af6        -       0x00000002   Zero   RW         1247    .bss.slaveID        radio_proc.o
    0x20001af8        -       0x00000014   Zero   RW          252    .bss.state          app_cli.o
    0x20001b0c        -       0x00000001   Zero   RW         1242    .bss.sweepflag      radio_proc.o
    0x20001b0d        -       0x00000001   Zero   RW         1234    .bss.sweeprx        radio_proc.o
    0x20001b0e        -       0x00000001   Zero   RW         1233    .bss.sweeptx        radio_proc.o
    0x20001b0f        -       0x00000001   Zero   RW         1225    .bss.tx_needed      radio_proc.o
    0x20001b10        -       0x00000004   Zero   RW         1219    .bss.tx_ticks       radio_proc.o
    0x20001b14        -       0x00000001   Zero   RW          249    .bss.txmode         app_cli.o
    0x20001b15   COMPRESSED   0x00000003   PAD
    0x20001b18        -       0x00000024   Zero   RW         1246    .bss.txpacket       radio_proc.o
    0x20001b3c        -       0x00000002   Zero   RW         1222    .bss.txpacketcount  radio_proc.o
    0x20001b3e        -       0x00000002   Zero   RW         1220    .bss.txpacketnumber  radio_proc.o
    0x20001b40        -       0x00000800   Zero   RW          265    STACK               startup_tremo.o


==============================================================================

Image component sizes


      Code (inc. data)   RO Data    RW Data    ZI Data      Debug   Object Name

       368         12          0          0         17       5837   adc.o
      6674       2436       2868       1120        277      20082   app_cli.o
       112          0          0          0          0       3861   bsp.o
      1222         78         90          0          0       8358   command_interpreter.o
        82          0          0          0       4096        925   flash.o
        86          0          0          0          0       2564   gpio.o
        74          0          0          0          0       5531   i2c.o
       382          0          0          0        512       5178   lorac.o
        72         16          0          0          0        455   main.o
      1384        128          6          2        390       6495   radio_proc.o
       298          0          0          0        525       2972   retarget.o
        36          8        212          0       2048        816   startup_tremo.o
      2616         36          0          0          2      19530   sx126xx.o
        88          0          0          0          0       3841   system_tremo.o
       498         32          0          0          0       7891   tremo_adc.o
       222          0          0          0          1       4312   tremo_delay.o
       306          0          0          0          0       3508   tremo_flash.o
       462          8          0          0          0       7213   tremo_gpio.o
       230          0          0          0          0       7530   tremo_i2c.o
       246         40          0          0          4       2117   tremo_it.o
      1942        166          0          0          0      16880   tremo_rcc.o
       408         12          0          0          0       8627   tremo_uart.o
       114          0          0          0          0       5408   uart.o

    ----------------------------------------------------------------------
     17976       2984       3212       1124       7892     149931   Object Totals
         0          0         32          0          0          0   (incl. Generated)
        54         12          4          2         20          0   (incl. Padding)

    ----------------------------------------------------------------------

      Code (inc. data)   RO Data    RW Data    ZI Data      Debug   Library Member Name

        86          0          0          0          0          0   __dczerorl2.o
        28          0          0          0          0         68   _chval.o
       158          0          0          0          0         92   _strtoul.o
         8          4        133          0          0         68   ctype_o.o
         0          0          0          0          0          0   entry.o
         0          0          0          0          0          0   entry10a.o
         0          0          0          0          0          0   entry11a.o
         8          4          0          0          0          0   entry2.o
         4          0          0          0          0          0   entry5.o
         0          0          0          0          0          0   entry7b.o
         0          0          0          0          0          0   entry8b.o
         8          4          0          0          0          0   entry9a.o
         8          4          0          4          0         68   errno.o
        30          0          0          0          0          0   handlers.o
        48         10          0          0          0         68   init.o
         0          0          0          0          0          0   iusefp.o
        30          0          0          0          0         68   llshl.o
        36          0          0          0          0         68   llsshr.o
        32          0          0          0          0         68   llushr.o
        64          0          0          0          0         76   memmovea.o
      2258         90          0          0          0        452   printfa.o
        36          6          0          0          0         80   puts.o
         0          0          0          4          0          0   stdout.o
        42          0          0          0          0         84   strcasecmp.o
        20          0          0          0          0         68   strchr.o
        28          0          0          0          0         76   strcmp.o
        34          0          0          0          0         80   strcspn.o
        14          0          0          0          0         68   strlen.o
        28          0          0          0          0         80   strspn.o
       112          0          0          0          0         88   strtol.o
       114          0          0          0          0         92   strtoul.o
        12          0          0          0          0         68   tolower.o
        44          0          0          0          0         80   uidiv.o
        98          0          0          0          0         92   uldiv.o
        48          0          0          0          0         68   cdrcmple.o
        56          0          0          0          0         88   d2f.o
       334          0          0          0          0        148   dadd.o
       222          0          0          0          0        100   ddiv.o
       186          0          0          0          0        176   depilogue.o
        50          0          0          0          0         76   dfixui.o
        48          0          0          0          0         68   dfixul.o
        26          0          0          0          0         76   dfltui.o
       228          0          0          0          0         96   dmul.o
        38          0          0          0          0         68   f2d.o
       110          0          0          0          0        168   fepilogue.o

    ----------------------------------------------------------------------
      4744        122        140          8          0       3184   Library Totals
        10          0          7          0          0          0   (incl. Padding)

    ----------------------------------------------------------------------

      Code (inc. data)   RO Data    RW Data    ZI Data      Debug   Library Name

      3388        122        133          8          0       2052   mc_w.l
      1346          0          0          0          0       1132   mf_w.l

    ----------------------------------------------------------------------
      4744        122        140          8          0       3184   Library Totals

    ----------------------------------------------------------------------

==============================================================================


      Code (inc. data)   RO Data    RW Data    ZI Data      Debug   

     22720       3106       3352       1132       7892     151263   Grand Totals
     22720       3106       3352        672       7892     151263   ELF Image Totals (compressed)
     22720       3106       3352        672          0          0   ROM Totals

==============================================================================

    Total RO  Size (Code + RO Data)                26072 (  25.46kB)
    Total RW  Size (RW Data + ZI Data)              9024 (   8.81kB)
    Total ROM Size (Code + RO Data + RW Data)      26744 (  26.12kB)

==============================================================================

