<html>
<body>
<pre>
<h1>µVision Build Log</h1>
<h2>Tool Versions:</h2>
IDE-Version: µVision V5.40.0.0
Copyright (C) 2024 ARM Ltd and ARM Germany GmbH. All rights reserved.
License Information: Kurt Donnerwetter, freelancer, LIC=50D7S-LUZZR-BX4UY-IWJ2K-HGE9I-C075C
 
Tool Versions:
Toolchain:       MDK-ARM Professional  Version: 5.40.0.3
Toolchain Path:  C:\Keil_v535\ARM\ARMCLANG\Bin
C Compiler:      ArmClang.exe V6.22
Assembler:       Armasm.exe V6.22
Linker/Locator:  ArmLink.exe V6.22
Library Manager: ArmAr.exe V6.22
Hex Converter:   FromElf.exe V6.22
CPU DLL:         SARMCM3.DLL V5.40.0.3
Dialog DLL:      DCM.DLL V1.17.5.0
Target DLL:      CMSIS_AGDI.dll V1.33.18.0
Dialog DLL:      TCM.DLL V1.56.4.0
 
<h2>Project:</h2>
D:\RFprojects\ASR6601\Ra-08\tremo_testFW\ASR6601test.uvprojx
Project File Date:  07/30/2024

<h2>Output:</h2>
*** Using Compiler 'V6.22', folder: 'C:\Keil_v535\ARM\ARMCLANG\Bin'
Rebuild target 'asr6601'
compiling bsp.c...
compiling main.c...
compiling tremo_it.c...
compiling retarget.c...
assembling startup_tremo.s...
compiling tremo_crc.c...
compiling tremo_dac.c...
compiling system_tremo.c...
compiling app_cli.c...
compiling tremo_bstimer.c...
compiling tremo_adc.c...
compiling tremo_delay.c...
compiling tremo_flash.c...
compiling tremo_i2c.c...
compiling tremo_gpio.c...
compiling tremo_i2s.c...
compiling tremo_dma.c...
compiling tremo_iwdg.c...
compiling tremo_pwr.c...
compiling tremo_lpuart.c...
compiling tremo_lptimer.c...
compiling tremo_lcd.c...
compiling tremo_system.c...
compiling tremo_spi.c...
compiling tremo_wdg.c...
compiling tremo_rcc.c...
compiling tremo_rtc.c...
compiling tremo_timer.c...
compiling tremo_uart.c...
compiling gpio.c...
compiling uart.c...
compiling flash.c...
compiling lorac.c...
compiling i2c.c...
compiling adc.c...
compiling ustimer.c...
compiling radio_proc.c...
compiling ssd1306.c...
compiling command_interpreter.c...
compiling aes_proc.c...
compiling aes.c...
compiling sx126xx.c...
linking...
Program Size: Code=24424 RO-data=3408 RW-data=1132 ZI-data=7900  
FromELF: creating hex file...
".\Objects\ASR6601test.axf" - 0 Error(s), 0 Warning(s).

<h2>Software Packages used:</h2>

Package Vendor: ARM
                https://www.keil.com/pack/ARM.Cortex_DFP.1.1.0.pack
                ARM::Cortex_DFP@1.1.0
                ARM Cortex Reference Subsystems Device Family Pack

<h2>Collection of Component include folders:</h2>
  C:/Users/Admin/AppData/Local/Arm/Packs/ARM/Cortex_DFP/1.1.0/Device/ARMCM4/Include

<h2>Collection of Component Files used:</h2>
Build Time Elapsed:  00:00:02
</pre>
</body>
</html>
