<html>
<body>
<pre>
<h1>µVision Build Log</h1>
<h2>Tool Versions:</h2>
IDE-Version: µVision V5.39.0.0
Copyright (C) 2023 ARM Ltd and ARM Germany GmbH. All rights reserved.
License Information: Kurt Donnerwetter, freelancer, LIC=50D7S-LUZZR-BX4UY-IWJ2K-HGE9I-C075C
 
Tool Versions:
Toolchain:       MDK-ARM Professional  Version: 5.39.0.0
Toolchain Path:  C:\Keil_v535\ARM\ARMCLANG\Bin
C Compiler:      ArmClang.exe V6.21
Assembler:       Armasm.exe V6.21
Linker/Locator:  ArmLink.exe V6.21
Library Manager: ArmAr.exe V6.21
Hex Converter:   FromElf.exe V6.21
CPU DLL:         SARMCM3.DLL V5.39.0.0
Dialog DLL:      DCM.DLL V1.17.5.0
Target DLL:      CMSIS_AGDI.dll V1.33.16.0
Dialog DLL:      TCM.DLL V1.56.4.0
 
<h2>Project:</h2>
D:\MCU\ASR6601\Ra-08\tremo_testFW\ASR6601test.uvprojx
Project File Date:  07/01/2024

<h2>Output:</h2>
*** Using Compiler 'V6.21', folder: 'C:\Keil_v535\ARM\ARMCLANG\Bin'
Build target 'asr6601'
compiling retarget.c...
compiling bsp.c...
compiling adc.c...
compiling tremo_bstimer.c...
compiling tremo_it.c...
compiling tremo_crc.c...
compiling tremo_dac.c...
compiling tremo_delay.c...
compiling tremo_flash.c...
compiling tremo_gpio.c...
compiling app_cli.c...
compiling tremo_i2c.c...
compiling tremo_iwdg.c...
compiling tremo_pwr.c...
compiling tremo_lptimer.c...
compiling tremo_spi.c...
compiling tremo_wdg.c...
compiling tremo_rtc.c...
compiling gpio.c...
compiling uart.c...
compiling tremo_uart.c...
compiling tremo_timer.c...
compiling lorac.c...
compiling flash.c...
compiling radio_proc.c...
compiling command_interpreter.c...
compiling sx126xx.c...
linking...
Program Size: Code=22420 RO-data=3348 RW-data=1132 ZI-data=7892  
FromELF: creating hex file...
".\Objects\ASR6601test.axf" - 0 Error(s), 0 Warning(s).

<h2>Software Packages used:</h2>

Package Vendor: ARM
                http://www.keil.com/pack/ARM.CMSIS.5.9.0.pack
                ARM::CMSIS@5.9.0
                CMSIS (Common Microcontroller Software Interface Standard)

<h2>Collection of Component include folders:</h2>
  C:/Users/Admin/AppData/Local/Arm/Packs/ARM/CMSIS/5.9.0/Device/ARM/ARMCM4/Include

<h2>Collection of Component Files used:</h2>
Build Time Elapsed:  00:00:01
</pre>
</body>
</html>
